Archive member included to satisfy reference by file (symbol)

out-clean2/export-ta_arm32/lib/libutils.a(snprintf.o)
                              out-clean2/ta/pkcs11/src/persistent_token.o (snprintf)
out-clean2/export-ta_arm32/lib/libutils.a(stack_check.o)
                              out-clean2/ta/pkcs11/src/attributes.o (__stack_chk_fail)
out-clean2/export-ta_arm32/lib/libutils.a(memcpy.o)
                              out-clean2/ta/pkcs11/src/pkcs11_token.o (memcpy)
out-clean2/export-ta_arm32/lib/libutils.a(memset.o)
                              out-clean2/ta/pkcs11/src/persistent_token.o (memset)
out-clean2/export-ta_arm32/lib/libutils.a(strchr.o)
                              out-clean2/ta/pkcs11/src/persistent_token.o (strchr)
out-clean2/export-ta_arm32/lib/libutils.a(strcmp.o)
                              out-clean2/ta/pkcs11/src/persistent_token.o (strcmp)
out-clean2/export-ta_arm32/lib/libutils.a(strcpy.o)
                              out-clean2/ta/pkcs11/src/pkcs11_token.o (strcpy)
out-clean2/export-ta_arm32/lib/libutils.a(strlen.o)
                              out-clean2/ta/pkcs11/src/attributes.o (strlen)
out-clean2/export-ta_arm32/lib/libutils.a(strnlen.o)
                              out-clean2/ta/pkcs11/src/pkcs11_token.o (strnlen)
out-clean2/export-ta_arm32/lib/libutils.a(strstr.o)
                              out-clean2/ta/pkcs11/src/persistent_token.o (strstr)
out-clean2/export-ta_arm32/lib/libutils.a(snprintk.o)
                              out-clean2/export-ta_arm32/lib/libutils.a(snprintf.o) (__vsnprintf)
out-clean2/export-ta_arm32/lib/libutils.a(trace.o)
                              out-clean2/ta/pkcs11/src/attributes.o (trace_printf)
out-clean2/export-ta_arm32/lib/libutils.a(consttime_memcmp.o)
                              out-clean2/ta/pkcs11/src/persistent_token.o (consttime_memcmp)
out-clean2/export-ta_arm32/lib/libutils.a(aeabi_unwind.o)
                              out-clean2/ta/pkcs11/src/attributes.o (__aeabi_unwind_cpp_pr0)
out-clean2/export-ta_arm32/lib/libutils.a(memchr.o)
                              out-clean2/export-ta_arm32/lib/libutils.a(snprintk.o) (memchr)
out-clean2/export-ta_arm32/lib/libutils.a(arm32_aeabi_ldivmod_a32.o)
                              out-clean2/export-ta_arm32/lib/libutils.a(snprintk.o) (__aeabi_uldivmod)
out-clean2/export-ta_arm32/lib/libutils.a(arm32_aeabi_ldivmod.o)
                              out-clean2/export-ta_arm32/lib/libutils.a(arm32_aeabi_ldivmod_a32.o) (__ul_divmod)
out-clean2/export-ta_arm32/lib/libutee.a(assert.o)
                              out-clean2/ta/pkcs11/src/attributes.o (_assert_log)
out-clean2/export-ta_arm32/lib/libutee.a(tee_uuid_from_str.o)
                              out-clean2/ta/pkcs11/src/persistent_token.o (tee_uuid_from_str)
out-clean2/export-ta_arm32/lib/libutee.a(trace_ext.o)
                              out-clean2/export-ta_arm32/lib/libutils.a(trace.o) (trace_ext_puts)
out-clean2/export-ta_arm32/lib/libutee.a(tee_api.o)
                              out-clean2/ta/pkcs11/src/pkcs11_token.o (TEE_CloseTASession)
out-clean2/export-ta_arm32/lib/libutee.a(tee_api_objects.o)
                              out-clean2/ta/pkcs11/src/persistent_token.o (TEE_GetObjectInfo1)
out-clean2/export-ta_arm32/lib/libutee.a(tee_api_operations.o)
                              out-clean2/ta/pkcs11/src/persistent_token.o (TEE_FreeOperation)
out-clean2/export-ta_arm32/lib/libutee.a(tee_api_panic.o)
                              out-clean2/ta/pkcs11/src/attributes.o (TEE_Panic)
out-clean2/export-ta_arm32/lib/libutee.a(tee_api_property.o)
                              out-clean2/ta/pkcs11/src/pkcs11_token.o (TEE_GetPropertyAsUUID)
out-clean2/export-ta_arm32/lib/libutee.a(tee_system_pta.o)
                              out-clean2/export-ta_arm32/lib/libutee.a(tee_api.o) (tee_map_zi)
out-clean2/export-ta_arm32/lib/libutee.a(user_ta_entry.o)
                              out-clean2/ta/pkcs11/user_ta_header.o (__utee_entry)
out-clean2/export-ta_arm32/lib/libutee.a(utee_syscalls_a32.o)
                              out-clean2/export-ta_arm32/lib/libutils.a(stack_check.o) (_utee_panic)
out-clean2/export-ta_arm32/lib/libutee.a(abort.o)
                              out-clean2/export-ta_arm32/lib/libutee.a(user_ta_entry.o) (abort)
out-clean2/export-ta_arm32/lib/libutee.a(tee_api_arith_mpi.o)
                              out-clean2/export-ta_arm32/lib/libutee.a(user_ta_entry.o) (_TEE_MathAPI_Init)
out-clean2/export-ta_arm32/lib/libutee.a(tcb.o)
                              out-clean2/export-ta_arm32/lib/libutee.a(user_ta_entry.o) (__utee_tcb_init)
out-clean2/export-ta_arm32/lib/libmbedtls.a(asn1write.o)
                              out-clean2/ta/pkcs11/src/pkcs11_attributes.o (mbedtls_asn1_write_octet_string)
out-clean2/export-ta_arm32/lib/libmbedtls.a(bignum.o)
                              out-clean2/ta/pkcs11/src/pkcs11_attributes.o (mbedtls_mpi_init)
out-clean2/export-ta_arm32/lib/libmbedtls.a(bignum_core.o)
[...]
Memory Configuration

Name             Origin             Length             Attributes
*default*        0x0000000000000000 0xffffffffffffffff

Linker script and memory map


.text           0x0000000000000000    0x2bf50
                0x0000000000000000                __text_start = .
 *(SORT_BY_ALIGNMENT(.text) SORT_BY_ALIGNMENT(.text.*))
 .text          0x0000000000000000     0x30a8 out-clean2/export-ta_arm32/lib/libutee.a(tee_api_operations.o)
                0x00000000000005d4                TEE_FreeOperation
                0x00000000000005f8                TEE_AllocateOperation
                0x0000000000000e60                __GP11_TEE_FreeOperation
                0x0000000000000e74                TEE_GetOperationInfo
                0x0000000000000ea4                TEE_GetOperationInfoMultiple
                0x0000000000000fac                __GP11_TEE_GetOperationInfoMultiple
                0x000000000000100c                TEE_ResetOperation
                0x000000000000102c                TEE_SetOperationKey
                0x000000000000104c                __GP11_TEE_SetOperationKey
                0x000000000000106a                __GP11_TEE_SetOperationKey2
                0x00000000000011bc                TEE_SetOperationKey2
                0x00000000000011d0                TEE_CopyOperation
                0x000000000000128e                TEE_DigestUpdate
                0x00000000000012be                __GP11_TEE_DigestUpdate
                0x00000000000012c2                TEE_DigestDoFinal
                0x00000000000013b8                __GP11_TEE_DigestDoFinal
                0x0000000000001424                TEE_DigestExtract
                0x0000000000001544                TEE_CipherInit
                0x00000000000015b8                __GP11_TEE_CipherInit
                0x00000000000015bc                TEE_CipherUpdate
                0x000000000000170c                __GP11_TEE_CipherUpdate
                0x0000000000001778                TEE_CipherDoFinal
                0x0000000000001994                __GP11_TEE_CipherDoFinal
                0x0000000000001a18                TEE_MACInit
                0x0000000000001a6e                __GP11_TEE_MACInit
                0x0000000000001a72                TEE_MACUpdate
                0x0000000000001ac0                __GP11_TEE_MACUpdate
                0x0000000000001ac4                TEE_MACComputeFinal
                0x0000000000001b78                __GP11_TEE_MACComputeFinal
                0x0000000000001be4                TEE_MACCompareFinal
                0x0000000000001c9c                __GP11_TEE_MACCompareFinal
                0x0000000000001ca0                TEE_AEInit
                0x0000000000001d10                __GP11_TEE_AEInit
                0x0000000000001d14                TEE_AEUpdateAAD
                0x0000000000001d60                __GP11_TEE_AEUpdateAAD
                0x0000000000001da6                TEE_AEUpdate
                0x0000000000001e10                __GP11_TEE_AEUpdate
                0x0000000000001eb8                TEE_AEEncryptFinal
                0x00000000000020f0                __GP11_TEE_AEEncryptFinal
                0x000000000000217c                TEE_AEDecryptFinal
                0x0000000000002380                __GP11_TEE_AEDecryptFinal
                0x00000000000023f8                TEE_AsymmetricEncrypt
                0x00000000000024fc                __GP11_TEE_AsymmetricEncrypt
                0x00000000000025ec                TEE_AsymmetricDecrypt
                0x00000000000026f0                __GP11_TEE_AsymmetricDecrypt
                0x00000000000027e4                TEE_AsymmetricSignDigest
                0x00000000000028d0                __GP11_TEE_AsymmetricSignDigest
                0x00000000000029bc                TEE_AsymmetricVerifyDigest
                0x0000000000002a98                __GP11_TEE_AsymmetricVerifyDigest
                0x0000000000002b74                TEE_DeriveKey
                0x0000000000002c6c                __GP11_TEE_DeriveKey
                0x0000000000002d64                TEE_GenerateRandom
                0x0000000000002d76                __GP11_TEE_GenerateRandom
                0x0000000000002d7a                rand
                0x0000000000002dc4                TEE_IsAlgorithmSupported
 .text          0x00000000000030a8     0x10bc out-clean2/export-ta_arm32/lib/libmbedtls.a(sha512.o)
                0x00000000000030a8                mbedtls_sha512_init
                0x00000000000030b0                mbedtls_sha512_free
                0x00000000000030ba                mbedtls_sha512_clone
                0x00000000000030c4                mbedtls_sha512_starts
                0x00000000000031e8                mbedtls_internal_sha512_process
                0x0000000000003c14                mbedtls_sha512_update
                0x0000000000003cbc                mbedtls_sha512_finish
                0x00000000000040d4                mbedtls_sha512
                0x000000000000415c                mbedtls_sha512_self_test
                0x0000000000004160                mbedtls_sha384_self_test
 .text          0x0000000000004164      0x77c out-clean2/ta/pkcs11/src/attributes.o
                0x0000000000004214                init_attributes_head
                0x000000000000422c                add_attribute
                0x00000000000042bc                remove_empty_attribute
                0x00000000000042c2                get_attribute_ptrs
                0x0000000000004390                get_attribute_ptr
                0x00000000000043ec                get_attribute
                0x000000000000446c                set_attribute
                0x000000000000449a                modify_attributes_list
                0x0000000000004528                get_bool
                0x00000000000045b0                attributes_match_reference
                0x000000000000466c                attributes_match_add_reference
                0x000000000000473c                trace_attributes
 .text          0x00000000000048e0      0x334 out-clean2/ta/pkcs11/src/entry.o
                0x00000000000048e0                TA_CreateEntryPoint
                0x00000000000048e4                TA_DestroyEntryPoint
                0x00000000000048e8                TA_OpenSessionEntryPoint
                0x0000000000004900                TA_CloseSessionEntryPoint
                0x000000000000490e                TA_InvokeCommandEntryPoint
 .text          0x0000000000004c14      0x108 out-clean2/ta/pkcs11/src/handle.o
                0x0000000000004c14                handle_db_init
                0x0000000000004c1c                handle_db_destroy
                0x0000000000004c30                handle_get
                0x0000000000004c90                handle_put
                0x0000000000004cac                handle_lookup
                0x0000000000004cc8                handle_invalidate
                0x0000000000004cf8                handle_lookup_handle
 .text          0x0000000000004d1c      0xf4c out-clean2/ta/pkcs11/src/object.o
                0x0000000000004dd6                pkcs11_handle2object
                0x0000000000004df8                pkcs11_object2handle
                0x0000000000004e0c                cleanup_persistent_object
                0x0000000000004e50                destroy_object
                0x0000000000004ef0                create_token_object
                0x0000000000004f10                create_object
                0x0000000000005038                entry_create_object
                0x000000000000516c                entry_destroy_object
                0x0000000000005254                entry_find_objects_init
                0x000000000000548c                entry_find_objects
                0x0000000000005554                release_session_find_obj_context
                0x0000000000005574                entry_find_objects_final
                0x0000000000005604                entry_get_attribute_value
                0x00000000000057f8                entry_get_object_size
                0x00000000000058c8                entry_set_attribute_value
                0x0000000000005a64                entry_copy_object
 .text          0x0000000000005c68      0xdc0 out-clean2/ta/pkcs11/src/persistent_token.o
                0x0000000000005db8                update_persistent_db
                0x0000000000005e5c                hash_pin
                0x0000000000005ed0                verify_pin
                0x0000000000005f54                setup_so_identity_auth_from_client
                0x0000000000005ff8                setup_identity_auth_from_pin
                0x00000000000061e4                verify_identity_auth
                0x00000000000062c4                close_persistent_db
                0x00000000000062de                create_object_uuid
                0x000000000000633c                destroy_object_uuid
                0x000000000000637c                get_persistent_objects_list
                0x00000000000063a4                unregister_persistent_object
                0x000000000000648c                register_persistent_object
                0x0000000000006558                load_persistent_object_attributes
                0x0000000000006700                release_persistent_object_attributes
                0x0000000000006710                update_persistent_object_attributes
                0x00000000000067e0                init_persistent_db
 .text          0x0000000000006a28     0x2b20 out-clean2/ta/pkcs11/src/pkcs11_attributes.o
                0x00000000000074a4                check_mechanism_against_processing
                0x00000000000075f0                create_attributes_from_template
                0x0000000000008140                object_is_private
                0x0000000000008146                object_is_token
                0x000000000000814c                object_is_modifiable
                0x0000000000008154                object_is_copyable
                0x000000000000815c                check_access_attrs_against_token
                0x0000000000008192                check_created_attrs_against_token
                0x00000000000081fa                check_created_attrs_against_processing
                0x000000000000838c                check_created_attrs
                0x0000000000008610                check_parent_attrs_against_processing
                0x00000000000089ac                attribute_is_exportable
                0x0000000000008a60                check_attrs_against_modification
                0x0000000000008cec                alloc_key_data_to_wrap
                0x0000000000008eec                add_missing_attribute_id
                0x0000000000008fdc                set_check_value_attr
                0x00000000000091f8                set_key_data
 .text          0x0000000000009548      0x708 out-clean2/ta/pkcs11/src/pkcs11_helpers.o
                0x0000000000009590                tee2pkcs_error
                0x00000000000095e4                valid_pkcs11_attribute_id
                0x0000000000009618                pkcs11_attr_is_type
                0x0000000000009632                pkcs11_attr_has_indirect_attributes
                0x0000000000009646                pkcs11_class_has_type
                0x000000000000965a                pkcs11_attr_class_is_key
                0x0000000000009666                key_type_is_symm_key
                0x0000000000009680                key_type_is_asymm_key
                0x0000000000009694                pkcs11_attr2boolprop_shift
                0x00000000000096b8                pkcs2tee_load_attr
                0x0000000000009908                pkcs2tee_load_hashed_attr
                0x0000000000009a04                pkcs2tee_mode
                0x0000000000009a38                id2str_rc
                0x0000000000009a50                id2str_ta_cmd
                0x0000000000009a64                id2str_slot_flag
                0x0000000000009a7c                id2str_token_flag
                0x0000000000009a94                id2str_session_flag
                0x0000000000009aac                id2str_session_state
                0x0000000000009ac4                id2str_attr
                0x0000000000009af4                id2str_class
                0x0000000000009b0c                id2str_key_type
                0x0000000000009b24                id2str_type
                0x0000000000009b38                id2str_certificate_type
                0x0000000000009b50                id2str_attr_value
                0x0000000000009c00                id2str_proc
                0x0000000000009c38                id2str_function
 .text          0x0000000000009c50     0x1658 out-clean2/ta/pkcs11/src/pkcs11_token.o
                0x0000000000009f38                get_token
                0x0000000000009f64                get_token_id
                0x0000000000009fb0                get_object_handle_db
                0x0000000000009fb6                get_session_list
                0x0000000000009fbc                tee_session2client
                0x0000000000009fd4                pkcs11_handle2session
                0x0000000000009fe0                token_invalidate_object_handles
                0x000000000000a00c                register_client
                0x000000000000a058                unregister_client
                0x000000000000a0c4                pkcs11_init
                0x000000000000a0f0                pkcs11_deinit
                0x000000000000a106                set_processing_state
                0x000000000000a19c                entry_ck_slot_list
                0x000000000000a228                entry_ck_slot_info
                0x000000000000a364                entry_ck_token_info
                0x000000000000a4b4                entry_ck_token_mecha_ids
                0x000000000000a5ac                entry_ck_token_mecha_info
                0x000000000000a68c                entry_ck_open_session
                0x000000000000a848                entry_ck_close_session
                0x000000000000a8d0                entry_ck_close_all_sessions
                0x000000000000a970                entry_ck_session_info
                0x000000000000aa30                entry_ck_token_initialize
                0x000000000000ac14                entry_ck_init_pin
                0x000000000000acfc                entry_ck_set_pin
                0x000000000000ae08                entry_ck_login
                0x000000000000af94                entry_ck_logout
                0x000000000000b0a0                entry_ck_seed_random
                0x000000000000b1c8                entry_ck_generate_random
 .text          0x000000000000b2a8     0x10d4 out-clean2/ta/pkcs11/src/processing.o
                0x000000000000b328                release_active_processing
                0x000000000000b372                get_object_key_bit_size
                0x000000000000b448                entry_generate_secret
                0x000000000000b648                alloc_get_tee_attribute_data
                0x000000000000b6f0                tee2pkcs_add_attribute
                0x000000000000b78c                entry_generate_key_pair
                0x000000000000ba10                entry_processing_init
                0x000000000000bb80                entry_processing_step
                0x000000000000bd50                entry_processing_key
                0x000000000000c04c                entry_release_active_processing
                0x000000000000c10c                entry_wrap_key
 .text          0x000000000000c37c      0x7b8 out-clean2/ta/pkcs11/src/processing_aes.o
                0x000000000000c480                tee_ae_decrypt_update
                0x000000000000c68c                tee_ae_decrypt_final
                0x000000000000c7d4                tee_ae_encrypt_final
                0x000000000000c8f4                tee_init_ctr_operation
                0x000000000000c994                tee_init_gcm_operation
                0x000000000000caf4                tee_ae_tag_size
                0x000000000000cafc                tee_release_gcm_operation
                0x000000000000cb18                tee_ae_reinit_gcm_operation
 .text          0x000000000000cb34     0x1164 out-clean2/ta/pkcs11/src/processing_asymm.o
                0x000000000000cc00                processing_is_tee_asymm
                0x000000000000cc38                init_asymm_operation
                0x000000000000d198                step_asymm_operation
                0x000000000000d87c                do_asymm_derivation
                0x000000000000d9d4                wrap_data_by_asymm_enc
                0x000000000000db44                unwrap_key_by_asymm
 .text          0x000000000000dc98      0x338 out-clean2/ta/pkcs11/src/processing_digest.o
                0x000000000000dc98                processing_is_tee_digest
                0x000000000000dcd8                init_digest_operation
                0x000000000000ddcc                step_digest_operation
 .text          0x000000000000dfd0      0xbe0 out-clean2/ta/pkcs11/src/processing_ec.o
                0x000000000000e0d0                ec_params2tee_keysize
                0x000000000000e0dc                ec_params2tee_curve
                0x000000000000e10c                load_tee_ec_key_attrs
                0x000000000000e27c                pkcs2tee_algo_ecdsa
                0x000000000000e2e8                generate_ec_keys
                0x000000000000e5d4                load_tee_eddsa_key_attrs
                0x000000000000e6b4                generate_eddsa_keys
                0x000000000000e880                pkcs2tee_proc_params_eddsa
                0x000000000000e940                ecdsa_get_input_max_byte_size
                0x000000000000e9d8                pkcs2tee_param_ecdh
                0x000000000000eb00                pkcs2tee_algo_ecdh
 .text          0x000000000000ebb0      0xe50 out-clean2/ta/pkcs11/src/processing_rsa.o
                0x000000000000ebdc                pkcs2tee_proc_params_rsa_pss
                0x000000000000ec8c                pkcs2tee_validate_rsa_pss
                0x000000000000ed44                pkcs2tee_algo_rsa_pss
                0x000000000000eed0                pkcs2tee_proc_params_rsa_oaep
                0x000000000000efb8                pkcs2tee_proc_params_rsa_aes_wrap
                0x000000000000f0b4                pkcs2tee_algo_rsa_oaep
                0x000000000000f278                pkcs2tee_algo_rsa_aes_wrap
                0x000000000000f450                load_tee_rsa_key_attrs
                0x000000000000f6c0                generate_rsa_keys
                0x000000000000f984                rsa_get_input_max_byte_size
                0x000000000000f9dc                pkcs2tee_rsa_nopad_context
 .text          0x000000000000fa00     0x1384 out-clean2/ta/pkcs11/src/processing_symm.o
                0x000000000000fb08                processing_is_tee_symm
                0x000000000000fb7c                init_symm_operation
                0x0000000000010326                step_symm_operation
                0x00000000000109c8                derive_key_by_symm_enc
                0x0000000000010a6c                wrap_data_by_symm_enc
                0x0000000000010c3c                unwrap_key_by_symm
 .text          0x0000000000010d84      0x728 out-clean2/ta/pkcs11/src/sanitize_object.o
                0x0000000000010e24                sanitize_consistent_class_and_type
                0x0000000000010f44                trace_attributes_from_api_head
                0x0000000000011138                sanitize_client_object
 .text          0x00000000000114ac      0x318 out-clean2/ta/pkcs11/src/serializer.o
                0x00000000000114ac                serialargs_init
                0x00000000000114b4                serialargs_get_ptr
                0x000000000001150c                serialargs_get
                0x0000000000011600                serialargs_alloc_and_get
                0x0000000000011616                serialargs_alloc_get_one_attribute
                0x000000000001168c                serialargs_alloc_get_attributes
                0x0000000000011700                serialargs_remaining_bytes
                0x0000000000011712                serialargs_get_session_from_handle
                0x0000000000011774                serialize
 .text          0x00000000000117c4      0x308 out-clean2/ta/pkcs11/src/token_capabilities.o
                0x00000000000117c4                mechanism_string_id
                0x00000000000117f0                mechanism_is_valid
                0x0000000000011810                mechanism_flags_complies_pkcs11
                0x0000000000011894                mechanism_is_one_shot_only
                0x00000000000118c0                tee_malloc_mechanism_list
                0x0000000000011940                mechanism_supported_flags
                0x000000000001199c                pkcs11_mechanism_supported_key_sizes
                0x0000000000011a86                mechanism_supported_key_sizes_bytes
 .text          0x0000000000011acc       0x64 out-clean2/ta/pkcs11/user_ta_header.o
                0x0000000000011acc                __ta_entry_c
                0x0000000000011b2c                tahead_get_trace_level
 .text.__ta_entry
                0x0000000000011b30        0x4 out-clean2/ta/pkcs11/ta_entry_a32.o
                0x0000000000011b30                __ta_entry
 .text          0x0000000000011b34       0x64 out-clean2/export-ta_arm32/lib/libutils.a(snprintf.o)
                0x0000000000011b34                snprintf
                0x0000000000011b88                vsnprintf
 .text          0x0000000000011b98       0x28 out-clean2/export-ta_arm32/lib/libutils.a(stack_check.o)
                0x0000000000011b98                __stack_chk_fail
 .text          0x0000000000011bc0       0xd8 out-clean2/export-ta_arm32/lib/libutils.a(memcpy.o)
                0x0000000000011bc0                memcpy
 .text          0x0000000000011c98      0x798 out-clean2/export-ta_arm32/lib/libutils.a(snprintk.o)
                0x0000000000011c98                __vsnprintf
                0x0000000000011cfc                vsnprintk
                0x0000000000011d0a                snprintk
                0x0000000000012418                __vsprintf
 .text          0x0000000000012430      0x1ec out-clean2/export-ta_arm32/lib/libutils.a(trace.o)
                0x0000000000012430                trace_set_level
                0x000000000001244c                trace_get_level
                0x0000000000012460                trace_vprintf
                0x00000000000125cc                trace_printf
                0x0000000000012618                dhex_dump
 .text.__aeabi_ldivmod
                0x000000000001261c       0x18 out-clean2/export-ta_arm32/lib/libutils.a(arm32_aeabi_ldivmod_a32.o)
                0x000000000001261c                __aeabi_ldivmod
 .text.__aeabi_uldivmod
                0x0000000000012634       0x18 out-clean2/export-ta_arm32/lib/libutils.a(arm32_aeabi_ldivmod_a32.o)
                0x0000000000012634                __aeabi_uldivmod
 .text          0x000000000001264c      0x19c out-clean2/export-ta_arm32/lib/libutils.a(arm32_aeabi_ldivmod.o)
                0x00000000000126d6                __ul_divmod
                0x0000000000012744                __l_divmod
 .text          0x00000000000127e8       0x38 out-clean2/export-ta_arm32/lib/libutee.a(assert.o)
                0x00000000000127e8                _assert_log
                0x0000000000012810                _assert_break
 .text          0x0000000000012820      0x148 out-clean2/export-ta_arm32/lib/libutee.a(tee_uuid_from_str.o)
                0x000000000001286c                tee_uuid_from_str
 .text          0x0000000000012968      0x108 out-clean2/export-ta_arm32/lib/libutee.a(trace_ext.o)
                0x0000000000012968                trace_ext_puts
                0x000000000001297c                trace_ext_get_thread_id
                0x0000000000012982                printf
                0x00000000000129f4                puts
                0x0000000000012a18                putchar
 .text          0x0000000000012a70      0xab0 out-clean2/export-ta_arm32/lib/libutee.a(tee_api.o)
                0x0000000000012cc8                TEE_CloseTASession
                0x0000000000012cdc                TEE_GetCancellationFlag
                0x0000000000012d2c                TEE_UnmaskCancellation
                0x0000000000012d7c                TEE_MaskCancellation
                0x0000000000012dcc                TEE_CheckMemoryAccessRights
                0x0000000000012f1c                TEE_OpenTASession
                0x0000000000012ff8                __GP11_TEE_OpenTASession
                0x00000000000130cc                TEE_InvokeTACommand
                0x00000000000131c8                __GP11_TEE_InvokeTACommand
                0x00000000000132bc                __GP11_TEE_CheckMemoryAccessRights
                0x00000000000132c0                TEE_SetInstanceData
                0x00000000000132cc                TEE_GetInstanceData
                0x00000000000132d8                TEE_MemMove
                0x00000000000132dc                __GP11_TEE_MemMove
                0x00000000000132e0                TEE_MemCompare
                0x00000000000132e4                __GP11_TEE_MemCompare
                0x00000000000132e8                TEE_MemFill
                0x00000000000132ec                __GP11_TEE_MemFill
                0x00000000000132f0                TEE_GetSystemTime
                0x0000000000013306                TEE_Wait
                0x0000000000013324                TEE_GetTAPersistentTime
                0x0000000000013360                TEE_SetTAPersistentTime
                0x0000000000013388                TEE_GetREETime
                0x000000000001339e                TEE_Malloc
                0x0000000000013450                __GP11_TEE_Malloc
                0x0000000000013454                TEE_Free
                0x0000000000013490                TEE_Realloc
                0x0000000000013508                __GP11_TEE_Realloc
                0x000000000001350c                TEE_CacheClean
                0x0000000000013512                TEE_CacheFlush
                0x0000000000013518                TEE_CacheInvalidate
 .text          0x0000000000013520     0x11c8 out-clean2/export-ta_arm32/lib/libutee.a(tee_api_objects.o)
                0x0000000000013520                __utee_from_attr
                0x000000000001354a                __utee_from_gp11_attr
                0x0000000000013574                TEE_GetObjectInfo
                0x0000000000013604                __GP11_TEE_GetObjectInfo
                0x0000000000013694                TEE_GetObjectInfo1
                0x000000000001371c                __GP11_TEE_GetObjectInfo1
                0x00000000000137a4                TEE_RestrictObjectUsage1
                0x00000000000137c4                TEE_RestrictObjectUsage
                0x0000000000013834                TEE_GetObjectBufferAttribute
                0x00000000000138f4                __GP11_TEE_GetObjectBufferAttribute
                0x0000000000013958                TEE_GetObjectValueAttribute
                0x0000000000013a34                TEE_CloseObject
                0x0000000000013a48                __GP11_TEE_AllocateTransientObject
                0x0000000000013abc                TEE_AllocateTransientObject
                0x0000000000013ad4                TEE_FreeTransientObject
                0x0000000000013b48                TEE_ResetTransientObject
                0x0000000000013bbc                TEE_PopulateTransientObject
                0x0000000000013c74                __GP11_TEE_PopulateTransientObject
                0x0000000000013d2c                TEE_InitRefAttribute
                0x0000000000013d4e                __GP11_TEE_InitRefAttribute
                0x0000000000013d70                TEE_InitValueAttribute
                0x0000000000013d92                __GP11_TEE_InitValueAttribute
                0x0000000000013db4                TEE_CopyObjectAttributes1
                0x0000000000013e6c                TEE_CopyObjectAttributes
                0x0000000000013edc                TEE_GenerateKey
                0x0000000000013f68                __GP11_TEE_GenerateKey
                0x0000000000013ff4                TEE_OpenPersistentObject
                0x0000000000014098                __GP11_TEE_OpenPersistentObject
                0x000000000001409c                TEE_CreatePersistentObject
                0x0000000000014168                __GP11_TEE_CreatePersistentObject
                0x00000000000141a6                TEE_CloseAndDeletePersistentObject1
                0x00000000000141cc                TEE_CloseAndDeletePersistentObject
                0x00000000000141e2                TEE_RenamePersistentObject
                0x000000000001421c                __GP11_TEE_RenamePersistentObject
                0x0000000000014220                TEE_AllocatePersistentObjectEnumerator
                0x0000000000014288                TEE_FreePersistentObjectEnumerator
                0x000000000001429c                TEE_ResetPersistentObjectEnumerator
                0x00000000000142b0                TEE_StartPersistentObjectEnumerator
                0x00000000000142dc                TEE_GetNextPersistentObject
                0x00000000000143b4                __GP11_TEE_GetNextPersistentObject
                0x000000000001448c                TEE_ReadObjectData
                0x0000000000014518                __GP11_TEE_ReadObjectData
                0x000000000001457c                TEE_WriteObjectData
                0x00000000000145bc                __GP11_TEE_WriteObjectData
                0x00000000000145c0                TEE_TruncateObjectData
                0x00000000000145f8                __GP11_TEE_TruncateObjectData
                0x00000000000145fc                TEE_SeekObjectData
                0x00000000000146d4                __GP11_TEE_SeekObjectData
 .text          0x00000000000146e8       0xe0 out-clean2/export-ta_arm32/lib/libutee.a(tee_api_panic.o)
                0x0000000000014708                TEE_Panic
                0x0000000000014716                __utee_check_outbuf_annotation
                0x0000000000014744                __utee_check_gp11_outbuf_annotation
                0x0000000000014746                __utee_check_instring_annotation
                0x000000000001475e                __utee_check_outstring_annotation
                0x000000000001478c                __utee_check_gp11_outstring_annotation
                0x000000000001478e                __utee_check_out_annotation
                0x00000000000147a0                __utee_check_attr_in_annotation
                0x00000000000147b4                __utee_check_gp11_attr_in_annotation
                0x00000000000147b6                __utee_check_inout_annotation
 .text          0x00000000000147c8      0xa64 out-clean2/export-ta_arm32/lib/libutee.a(tee_api_property.o)
                0x0000000000014a40                TEE_GetPropertyAsString
                0x0000000000014bcc                __GP11_TEE_GetPropertyAsString
                0x0000000000014c30                TEE_GetPropertyAsBool
                0x0000000000014cc4                TEE_GetPropertyAsU32
                0x0000000000014d5c                TEE_GetPropertyAsU64
                0x0000000000014df4                __GP11_TEE_GetPropertyAsBinaryBlock
                0x0000000000014e90                TEE_GetPropertyAsBinaryBlock
                0x0000000000014ef4                TEE_GetPropertyAsUUID
                0x0000000000014f8c                TEE_GetPropertyAsIdentity
                0x0000000000015024                TEE_ResetPropertyEnumerator
                0x000000000001502c                TEE_AllocatePropertyEnumerator
                0x0000000000015054                TEE_FreePropertyEnumerator
                0x0000000000015058                TEE_StartPropertyEnumerator
                0x0000000000015062                __GP11_TEE_GetPropertyName
                0x000000000001512c                TEE_GetPropertyName
                0x000000000001518c                TEE_GetNextProperty
 .text          0x000000000001522c      0x208 out-clean2/export-ta_arm32/lib/libutee.a(tee_system_pta.o)
                0x000000000001527c                tee_map_zi_va
                0x00000000000152ec                tee_map_zi
                0x00000000000152f6                tee_unmap
                0x0000000000015378                tee_invoke_supp_plugin
 .text          0x0000000000015434      0x588 out-clean2/export-ta_arm32/lib/libutee.a(user_ta_entry.o)
                0x0000000000015618                __utee_call_elf_init_fn
                0x0000000000015704                __utee_call_elf_fini_fn
                0x0000000000015780                __utee_entry
 .text          0x00000000000159bc        0x0 out-clean2/export-ta_arm32/lib/libutee.a(utee_syscalls_a32.o)
 .text._utee_panic
                0x00000000000159bc       0x14 out-clean2/export-ta_arm32/lib/libutee.a(utee_syscalls_a32.o)
                0x00000000000159bc                _utee_panic
 .text._utee_return
                0x00000000000159d0       0x14 out-clean2/export-ta_arm32/lib/libutee.a(utee_syscalls_a32.o)
                0x00000000000159d0                _utee_return
 .text._utee_log
                0x00000000000159e4       0x14 out-clean2/export-ta_arm32/lib/libutee.a(utee_syscalls_a32.o)
                0x00000000000159e4                _utee_log
 .text.__utee_panic
                0x00000000000159f8       0x14 out-clean2/export-ta_arm32/lib/libutee.a(utee_syscalls_a32.o)
                0x00000000000159f8                __utee_panic
 .text._utee_get_property
                0x0000000000015a0c       0x18 out-clean2/export-ta_arm32/lib/libutee.a(utee_syscalls_a32.o)
                0x0000000000015a0c                _utee_get_property
 .text._utee_get_property_name_to_index
                0x0000000000015a24       0x14 out-clean2/export-ta_arm32/lib/libutee.a(utee_syscalls_a32.o)
                0x0000000000015a24                _utee_get_property_name_to_index
 .text._utee_open_ta_session
                0x0000000000015a38       0x18 out-clean2/export-ta_arm32/lib/libutee.a(utee_syscalls_a32.o)
                0x0000000000015a38                _utee_open_ta_session
 .text._utee_close_ta_session
                0x0000000000015a50       0x14 out-clean2/export-ta_arm32/lib/libutee.a(utee_syscalls_a32.o)
                0x0000000000015a50                _utee_close_ta_session
 .text._utee_invoke_ta_command
                0x0000000000015a64       0x18 out-clean2/export-ta_arm32/lib/libutee.a(utee_syscalls_a32.o)
                0x0000000000015a64                _utee_invoke_ta_command
 .text._utee_get_cancellation_flag
                0x0000000000015a7c       0x14 out-clean2/export-ta_arm32/lib/libutee.a(utee_syscalls_a32.o)
                0x0000000000015a7c                _utee_get_cancellation_flag
 .text._utee_check_access_rights
                0x0000000000015a90       0x14 out-clean2/export-ta_arm32/lib/libutee.a(utee_syscalls_a32.o)
                0x0000000000015a90                _utee_check_access_rights
 .text._utee_unmask_cancellation
                0x0000000000015aa4       0x14 out-clean2/export-ta_arm32/lib/libutee.a(utee_syscalls_a32.o)
                0x0000000000015aa4                _utee_unmask_cancellation
 .text._utee_mask_cancellation
                0x0000000000015ab8       0x14 out-clean2/export-ta_arm32/lib/libutee.a(utee_syscalls_a32.o)
                0x0000000000015ab8                _utee_mask_cancellation
 .text._utee_wait
                0x0000000000015acc       0x14 out-clean2/export-ta_arm32/lib/libutee.a(utee_syscalls_a32.o)
                0x0000000000015acc                _utee_wait
 .text._utee_get_time
                0x0000000000015ae0       0x14 out-clean2/export-ta_arm32/lib/libutee.a(utee_syscalls_a32.o)
                0x0000000000015ae0                _utee_get_time
 .text._utee_set_ta_time
                0x0000000000015af4       0x14 out-clean2/export-ta_arm32/lib/libutee.a(utee_syscalls_a32.o)
                0x0000000000015af4                _utee_set_ta_time
 .text._utee_cryp_state_alloc
                0x0000000000015b08       0x18 out-clean2/export-ta_arm32/lib/libutee.a(utee_syscalls_a32.o)
                0x0000000000015b08                _utee_cryp_state_alloc
 .text._utee_cryp_state_copy
                0x0000000000015b20       0x14 out-clean2/export-ta_arm32/lib/libutee.a(utee_syscalls_a32.o)
                0x0000000000015b20                _utee_cryp_state_copy
 .text._utee_cryp_state_free
                0x0000000000015b34       0x14 out-clean2/export-ta_arm32/lib/libutee.a(utee_syscalls_a32.o)
                0x0000000000015b34                _utee_cryp_state_free
 .text._utee_hash_init
                0x0000000000015b48       0x14 out-clean2/export-ta_arm32/lib/libutee.a(utee_syscalls_a32.o)
                0x0000000000015b48                _utee_hash_init
 .text._utee_hash_update
                0x0000000000015b5c       0x14 out-clean2/export-ta_arm32/lib/libutee.a(utee_syscalls_a32.o)
                0x0000000000015b5c                _utee_hash_update
 .text._utee_hash_final
                0x0000000000015b70       0x18 out-clean2/export-ta_arm32/lib/libutee.a(utee_syscalls_a32.o)
                0x0000000000015b70                _utee_hash_final
 .text._utee_cipher_init
                0x0000000000015b88       0x14 out-clean2/export-ta_arm32/lib/libutee.a(utee_syscalls_a32.o)
                0x0000000000015b88                _utee_cipher_init
 .text._utee_cipher_update
                0x0000000000015b9c       0x18 out-clean2/export-ta_arm32/lib/libutee.a(utee_syscalls_a32.o)
                0x0000000000015b9c                _utee_cipher_update
 .text._utee_cipher_final
                0x0000000000015bb4       0x18 out-clean2/export-ta_arm32/lib/libutee.a(utee_syscalls_a32.o)
                0x0000000000015bb4                _utee_cipher_final
 .text._utee_cryp_obj_get_info
                0x0000000000015bcc       0x14 out-clean2/export-ta_arm32/lib/libutee.a(utee_syscalls_a32.o)
                0x0000000000015bcc                _utee_cryp_obj_get_info
 .text._utee_cryp_obj_restrict_usage
                0x0000000000015be0       0x14 out-clean2/export-ta_arm32/lib/libutee.a(utee_syscalls_a32.o)
                0x0000000000015be0                _utee_cryp_obj_restrict_usage
 .text._utee_cryp_obj_get_attr
                0x0000000000015bf4       0x14 out-clean2/export-ta_arm32/lib/libutee.a(utee_syscalls_a32.o)
                0x0000000000015bf4                _utee_cryp_obj_get_attr
 .text._utee_cryp_obj_alloc
                0x0000000000015c08       0x14 out-clean2/export-ta_arm32/lib/libutee.a(utee_syscalls_a32.o)
                0x0000000000015c08                _utee_cryp_obj_alloc
 .text._utee_cryp_obj_close
                0x0000000000015c1c       0x14 out-clean2/export-ta_arm32/lib/libutee.a(utee_syscalls_a32.o)
                0x0000000000015c1c                _utee_cryp_obj_close
 .text._utee_cryp_obj_reset
                0x0000000000015c30       0x14 out-clean2/export-ta_arm32/lib/libutee.a(utee_syscalls_a32.o)
                0x0000000000015c30                _utee_cryp_obj_reset
 .text._utee_cryp_obj_populate
                0x0000000000015c44       0x14 out-clean2/export-ta_arm32/lib/libutee.a(utee_syscalls_a32.o)
                0x0000000000015c44                _utee_cryp_obj_populate
 .text._utee_cryp_obj_copy
                0x0000000000015c58       0x14 out-clean2/export-ta_arm32/lib/libutee.a(utee_syscalls_a32.o)
                0x0000000000015c58                _utee_cryp_obj_copy
 .text._utee_cryp_derive_key
                0x0000000000015c6c       0x14 out-clean2/export-ta_arm32/lib/libutee.a(utee_syscalls_a32.o)
                0x0000000000015c6c                _utee_cryp_derive_key
 .text._utee_cryp_random_number_generate
                0x0000000000015c80       0x14 out-clean2/export-ta_arm32/lib/libutee.a(utee_syscalls_a32.o)
                0x0000000000015c80                _utee_cryp_random_number_generate
 .text._utee_authenc_init
                0x0000000000015c94       0x18 out-clean2/export-ta_arm32/lib/libutee.a(utee_syscalls_a32.o)
                0x0000000000015c94                _utee_authenc_init
 .text._utee_authenc_update_aad
                0x0000000000015cac       0x14 out-clean2/export-ta_arm32/lib/libutee.a(utee_syscalls_a32.o)
                0x0000000000015cac                _utee_authenc_update_aad
 .text._utee_authenc_update_payload
                0x0000000000015cc0       0x18 out-clean2/export-ta_arm32/lib/libutee.a(utee_syscalls_a32.o)
                0x0000000000015cc0                _utee_authenc_update_payload
 .text._utee_authenc_enc_final
                0x0000000000015cd8       0x18 out-clean2/export-ta_arm32/lib/libutee.a(utee_syscalls_a32.o)
                0x0000000000015cd8                _utee_authenc_enc_final
 .text._utee_authenc_dec_final
                0x0000000000015cf0       0x18 out-clean2/export-ta_arm32/lib/libutee.a(utee_syscalls_a32.o)
                0x0000000000015cf0                _utee_authenc_dec_final
 .text._utee_asymm_operate
                0x0000000000015d08       0x18 out-clean2/export-ta_arm32/lib/libutee.a(utee_syscalls_a32.o)
                0x0000000000015d08                _utee_asymm_operate
 .text._utee_asymm_verify
                0x0000000000015d20       0x18 out-clean2/export-ta_arm32/lib/libutee.a(utee_syscalls_a32.o)
                0x0000000000015d20                _utee_asymm_verify
 .text._utee_storage_obj_open
                0x0000000000015d38       0x18 out-clean2/export-ta_arm32/lib/libutee.a(utee_syscalls_a32.o)
                0x0000000000015d38                _utee_storage_obj_open
 .text._utee_storage_obj_create
                0x0000000000015d50       0x18 out-clean2/export-ta_arm32/lib/libutee.a(utee_syscalls_a32.o)
                0x0000000000015d50                _utee_storage_obj_create
 .text._utee_storage_obj_del
                0x0000000000015d68       0x14 out-clean2/export-ta_arm32/lib/libutee.a(utee_syscalls_a32.o)
                0x0000000000015d68                _utee_storage_obj_del
 .text._utee_storage_obj_rename
                0x0000000000015d7c       0x14 out-clean2/export-ta_arm32/lib/libutee.a(utee_syscalls_a32.o)
                0x0000000000015d7c                _utee_storage_obj_rename
 .text._utee_storage_alloc_enum
                0x0000000000015d90       0x14 out-clean2/export-ta_arm32/lib/libutee.a(utee_syscalls_a32.o)
                0x0000000000015d90                _utee_storage_alloc_enum
 .text._utee_storage_free_enum
                0x0000000000015da4       0x14 out-clean2/export-ta_arm32/lib/libutee.a(utee_syscalls_a32.o)
                0x0000000000015da4                _utee_storage_free_enum
 .text._utee_storage_reset_enum
                0x0000000000015db8       0x14 out-clean2/export-ta_arm32/lib/libutee.a(utee_syscalls_a32.o)
                0x0000000000015db8                _utee_storage_reset_enum
 .text._utee_storage_start_enum
                0x0000000000015dcc       0x14 out-clean2/export-ta_arm32/lib/libutee.a(utee_syscalls_a32.o)
                0x0000000000015dcc                _utee_storage_start_enum
 .text._utee_storage_next_enum
                0x0000000000015de0       0x14 out-clean2/export-ta_arm32/lib/libutee.a(utee_syscalls_a32.o)
                0x0000000000015de0                _utee_storage_next_enum
 .text._utee_storage_obj_read
                0x0000000000015df4       0x14 out-clean2/export-ta_arm32/lib/libutee.a(utee_syscalls_a32.o)
                0x0000000000015df4                _utee_storage_obj_read
 .text._utee_storage_obj_write
                0x0000000000015e08       0x14 out-clean2/export-ta_arm32/lib/libutee.a(utee_syscalls_a32.o)
                0x0000000000015e08                _utee_storage_obj_write
 .text._utee_storage_obj_trunc
                0x0000000000015e1c       0x14 out-clean2/export-ta_arm32/lib/libutee.a(utee_syscalls_a32.o)
                0x0000000000015e1c                _utee_storage_obj_trunc
 .text._utee_storage_obj_seek
                0x0000000000015e30       0x14 out-clean2/export-ta_arm32/lib/libutee.a(utee_syscalls_a32.o)
                0x0000000000015e30                _utee_storage_obj_seek
 .text._utee_cryp_obj_generate_key
                0x0000000000015e44       0x14 out-clean2/export-ta_arm32/lib/libutee.a(utee_syscalls_a32.o)
                0x0000000000015e44                _utee_cryp_obj_generate_key
 .text._utee_cache_operation
                0x0000000000015e58       0x14 out-clean2/export-ta_arm32/lib/libutee.a(utee_syscalls_a32.o)
                0x0000000000015e58                _utee_cache_operation
 .text.unlikely
                0x0000000000015e6c       0x18 out-clean2/export-ta_arm32/lib/libutee.a(abort.o)
                0x0000000000015e6c                abort
 .text          0x0000000000015e84     0x18b4 out-clean2/export-ta_arm32/lib/libutee.a(tee_api_arith_mpi.o)
                0x00000000000164e4                _TEE_MathAPI_Init
                0x0000000000016528                TEE_BigIntInit
                0x0000000000016560                __GP11_TEE_BigIntInit
                0x0000000000016564                TEE_BigIntConvertFromOctetString
                0x00000000000165f0                __GP11_TEE_BigIntConvertFromOctetString
                0x00000000000165f4                TEE_BigIntConvertToOctetString
                0x0000000000016680                __GP11_TEE_BigIntConvertToOctetString
                0x00000000000166cc                TEE_BigIntConvertFromS32
                0x0000000000016750                TEE_BigIntConvertToS32
                0x00000000000167e4                TEE_BigIntCmp
                0x0000000000016850                TEE_BigIntCmpS32
                0x00000000000169f0                TEE_BigIntShiftRight
                0x0000000000016b38                __GP11_TEE_BigIntShiftRight
                0x0000000000016b3c                TEE_BigIntGetBit
                0x0000000000016b9c                TEE_BigIntGetBitCount
                0x0000000000016bf4                TEE_BigIntSetBit
                0x0000000000016c74                TEE_BigIntAssign
                0x0000000000016ca0                TEE_BigIntAbs
                0x0000000000016cb0                TEE_BigIntAdd
                0x0000000000016ccc                TEE_BigIntSub
                0x0000000000016ce8                TEE_BigIntNeg
                0x0000000000016d90                TEE_BigIntMul
                0x0000000000016e68                TEE_BigIntSquare
                0x0000000000016e6e                TEE_BigIntDiv
                0x0000000000016f90                TEE_BigIntMod
                0x0000000000016fe0                TEE_BigIntAddMod
                0x0000000000016ffc                TEE_BigIntSubMod
                0x0000000000017018                TEE_BigIntMulMod
                0x0000000000017034                TEE_BigIntSquareMod
                0x000000000001703c                TEE_BigIntInvMod
                0x0000000000017130                TEE_BigIntRelativePrime
                0x00000000000171e0                TEE_BigIntExpMod
                0x0000000000017330                TEE_BigIntComputeExtendedGcd
                0x0000000000017510                TEE_BigIntIsProbablePrime
                0x0000000000017580                TEE_BigIntInitFMM
                0x0000000000017584                __GP11_TEE_BigIntInitFMM
                0x0000000000017588                TEE_BigIntInitFMMContext
                0x000000000001758a                __GP11_TEE_BigIntInitFMMContext
                0x000000000001758e                TEE_BigIntInitFMMContext1
                0x0000000000017592                TEE_BigIntFMMSizeInU32
                0x000000000001759a                __GP11_TEE_BigIntFMMSizeInU32
                0x000000000001759e                TEE_BigIntFMMContextSizeInU32
                0x00000000000175a2                __GP11_TEE_BigIntFMMContextSizeInU32
                0x00000000000175a6                TEE_BigIntConvertToFMM
                0x00000000000175aa                TEE_BigIntConvertFromFMM
                0x0000000000017644                TEE_BigIntComputeFMM
 .text          0x0000000000017738      0x254 out-clean2/export-ta_arm32/lib/libutee.a(tcb.o)
                0x0000000000017738                __utee_tcb_init
                0x00000000000178cc                __tls_get_addr
                0x00000000000178e4                dl_iterate_phdr
 .text          0x000000000001798c     0x23d0 out-clean2/export-ta_arm32/lib/libmbedtls.a(bignum.o)
                0x0000000000017a0e                mbedtls_mpi_lt_mpi_ct
                0x0000000000017ab0                mbedtls_mpi_init
                0x0000000000017abc                mbedtls_mpi_init_mempool
                0x0000000000017ae0                mbedtls_mpi_free
                0x0000000000017b20                mbedtls_mpi_grow
                0x0000000000017bb8                mbedtls_mpi_safe_cond_assign
                0x0000000000017c0a                mbedtls_mpi_safe_cond_swap
                0x0000000000017ca2                mbedtls_mpi_shrink
                0x0000000000017d54                mbedtls_mpi_copy
                0x0000000000017dba                mbedtls_mpi_swap
                0x0000000000017e18                mbedtls_mpi_lset
                0x0000000000017e50                mbedtls_mpi_get_bit
                0x0000000000017e70                mbedtls_mpi_set_bit
                0x0000000000017ec0                mbedtls_mpi_lsb
                0x0000000000017ee6                mbedtls_mpi_bitlen
                0x0000000000017eee                mbedtls_mpi_size
                0x0000000000017efa                mbedtls_mpi_read_binary_le
                0x0000000000017f26                mbedtls_mpi_read_binary
                0x0000000000017f52                mbedtls_mpi_write_binary_le
                0x0000000000017f5e                mbedtls_mpi_write_binary
                0x0000000000017f6a                mbedtls_mpi_shift_l
                0x0000000000017fa4                mbedtls_mpi_shift_r
                0x0000000000017fb6                mbedtls_mpi_cmp_abs
                0x0000000000018018                mbedtls_mpi_cmp_mpi
                0x000000000001809e                mbedtls_mpi_cmp_int
                0x0000000000018104                mbedtls_mpi_add_abs
                0x0000000000018194                mbedtls_mpi_sub_abs
                0x0000000000018294                mbedtls_mpi_add_mpi
                0x0000000000018298                mbedtls_mpi_sub_mpi
                0x000000000001829e                mbedtls_mpi_add_int
                0x0000000000018304                mbedtls_mpi_sub_int
                0x0000000000018368                mbedtls_mpi_mul_mpi
                0x0000000000018478                mbedtls_mpi_mul_int
                0x00000000000184da                mbedtls_mpi_read_string
                0x0000000000018630                mbedtls_mpi_div_mpi
                0x00000000000189cc                mbedtls_mpi_div_int
                0x0000000000018a30                mbedtls_mpi_mod_mpi
                0x0000000000018cb4                mbedtls_mpi_mod_int
                0x0000000000018d26                mbedtls_mpi_write_string
                0x0000000000018f4c                mbedtls_mpi_montg_init
                0x0000000000018f5a                mbedtls_mpi_montmul
                0x0000000000018f7e                mbedtls_mpi_montred
                0x0000000000018fd4                mbedtls_mpi_exp_mod
                0x0000000000018fe6                mbedtls_mpi_exp_mod_unsafe
                0x0000000000018ffa                mbedtls_mpi_gcd_modinv_odd
                0x000000000001916c                mbedtls_mpi_gcd
                0x00000000000192c0                mbedtls_mpi_fill_random
                0x00000000000194b8                mbedtls_mpi_random
                0x00000000000194f6                mbedtls_mpi_inv_mod_odd
                0x0000000000019594                mbedtls_mpi_inv_mod_even_in_range
                0x0000000000019660                mbedtls_mpi_inv_mod
                0x0000000000019748                mbedtls_mpi_is_prime_ext
                0x00000000000197e4                mbedtls_mpi_gen_prime
                0x0000000000019a28                mbedtls_mpi_self_test
 .text          0x0000000000019d5c      0xce4 out-clean2/export-ta_arm32/lib/libmbedtls.a(bignum_core.o)
                0x0000000000019db8                mbedtls_mpi_core_clz
                0x0000000000019dbe                mbedtls_mpi_core_bitlen
                0x0000000000019de2                mbedtls_mpi_core_bigendian_to_host
                0x0000000000019e08                mbedtls_mpi_core_uint_le_mpi
                0x0000000000019e44                mbedtls_mpi_core_lt_ct
                0x0000000000019e94                mbedtls_mpi_core_cond_assign
                0x0000000000019ed0                mbedtls_mpi_core_cond_swap
                0x0000000000019f20                mbedtls_mpi_core_read_le
                0x0000000000019f6a                mbedtls_mpi_core_read_be
                0x0000000000019fb8                mbedtls_mpi_core_write_le
                0x000000000001a01a                mbedtls_mpi_core_write_be
                0x000000000001a07e                mbedtls_mpi_core_shift_r
                0x000000000001a100                mbedtls_mpi_core_shift_l
                0x000000000001a16a                mbedtls_mpi_core_add
                0x000000000001a196                mbedtls_mpi_core_add_if
                0x000000000001a1d0                mbedtls_mpi_core_sub
                0x000000000001a20c                mbedtls_mpi_core_mla
                0x000000000001a380                mbedtls_mpi_core_mul
                0x000000000001a3c2                mbedtls_mpi_core_montmul_init
                0x000000000001a3e4                mbedtls_mpi_core_montmul
                0x000000000001a634                mbedtls_mpi_core_get_mont_r2_unsafe
                0x000000000001a668                mbedtls_mpi_core_fill_random
                0x000000000001a6c6                mbedtls_mpi_core_random
                0x000000000001a760                mbedtls_mpi_core_exp_mod_working_limbs
                0x000000000001a776                mbedtls_mpi_core_exp_mod
                0x000000000001a796                mbedtls_mpi_core_exp_mod_unsafe
                0x000000000001a7b8                mbedtls_mpi_core_sub_int
                0x000000000001a7da                mbedtls_mpi_core_check_zero_ct
                0x000000000001a7f2                mbedtls_mpi_core_to_mont_rep
                0x000000000001a808                mbedtls_mpi_core_from_mont_rep
                0x000000000001a85c                mbedtls_mpi_core_gcd_modinv_odd
 .text          0x000000000001aa40      0x1e0 out-clean2/export-ta_arm32/lib/libmbedtls.a(constant_time.o)
                0x000000000001aa9c                mbedtls_ct_memcmp
                0x000000000001aab6                mbedtls_ct_memcmp_partial
                0x000000000001ab0a                mbedtls_ct_memmove_left
                0x000000000001ab7c                mbedtls_ct_memcpy_if
                0x000000000001abb8                mbedtls_ct_memcpy_offset
                0x000000000001ac0c                mbedtls_ct_zeroize_if
 .text          0x000000000001ac20     0x1e54 out-clean2/export-ta_arm32/lib/libmbedtls.a(ecp.o)
                0x000000000001b424                mbedtls_ecp_curve_list
                0x000000000001b430                mbedtls_ecp_grp_id_list
                0x000000000001b478                mbedtls_ecp_curve_info_from_grp_id
                0x000000000001b490                mbedtls_ecp_curve_info_from_tls_id
                0x000000000001b4aa                mbedtls_ecp_curve_info_from_name
                0x000000000001b4d2                mbedtls_ecp_get_type
                0x000000000001b4e4                mbedtls_ecp_point_init
                0x000000000001b500                mbedtls_ecp_group_init
                0x000000000001b542                mbedtls_ecp_keypair_init
                0x000000000001b55e                mbedtls_ecp_point_free
                0x000000000001b57e                mbedtls_ecp_group_free
                0x000000000001b5e0                mbedtls_ecp_keypair_free
                0x000000000001b600                mbedtls_ecp_copy
                0x000000000001b62c                mbedtls_ecp_group_copy
                0x000000000001b632                mbedtls_ecp_set_zero
                0x000000000001bb00                mbedtls_ecp_is_zero
                0x000000000001bb12                mbedtls_ecp_point_cmp
                0x000000000001bb48                mbedtls_ecp_point_read_string
                0x000000000001bb74                mbedtls_ecp_point_write_binary
                0x000000000001bc28                mbedtls_ecp_point_read_binary
                0x000000000001bdc4                mbedtls_ecp_tls_read_point
                0x000000000001bdf4                mbedtls_ecp_tls_write_point
                0x000000000001be28                mbedtls_ecp_tls_read_group_id
                0x000000000001be6c                mbedtls_ecp_tls_read_group
                0x000000000001beb8                mbedtls_ecp_tls_write_group
                0x000000000001bef4                mbedtls_ecp_check_pubkey
                0x000000000001bfe4                mbedtls_ecp_check_privkey
                0x000000000001c304                mbedtls_ecp_mul_restartable
                0x000000000001c320                mbedtls_ecp_mul
                0x000000000001c52c                mbedtls_ecp_muladd_restartable
                0x000000000001c5f4                mbedtls_ecp_muladd
                0x000000000001c60a                mbedtls_ecp_gen_privkey
                0x000000000001c648                mbedtls_ecp_gen_keypair_base
                0x000000000001c680                mbedtls_ecp_gen_keypair
                0x000000000001c698                mbedtls_ecp_gen_key
                0x000000000001c6c0                mbedtls_ecp_set_public_key
                0x000000000001c6f0                mbedtls_ecp_read_key
                0x000000000001c744                mbedtls_ecp_write_key
                0x000000000001c76a                mbedtls_ecp_write_key_ext
                0x000000000001c7c0                mbedtls_ecp_write_public_key
                0x000000000001c7d8                mbedtls_ecp_check_pub_priv
                0x000000000001c8c8                mbedtls_ecp_keypair_calc_public
                0x000000000001c8e2                mbedtls_ecp_keypair_get_group_id
                0x000000000001c8e6                mbedtls_ecp_export
                0x000000000001c924                mbedtls_ecp_self_test
 .text          0x000000000001ca74      0x640 out-clean2/export-ta_arm32/lib/libmbedtls.a(ecp_curves.o)
                0x000000000001cbdc                mbedtls_ecp_group_load
 .text          0x000000000001d0b4      0x904 out-clean2/export-ta_arm32/lib/libmbedtls.a(nist_kw.o)
                0x000000000001d1f8                mbedtls_nist_kw_init
                0x000000000001d200                mbedtls_nist_kw_setkey
                0x000000000001d268                mbedtls_nist_kw_free
                0x000000000001d280                mbedtls_nist_kw_wrap
                0x000000000001d48c                mbedtls_nist_kw_unwrap
                0x000000000001d6b0                mbedtls_nist_kw_self_test
 .text          0x000000000001d9b8      0x39c out-clean2/export-ta_arm32/lib/libmbedtls.a(pk.o)
                0x000000000001d9b8                mbedtls_pk_init
                0x000000000001d9c0                mbedtls_pk_free
                0x000000000001d9e0                mbedtls_pk_info_from_type
                0x000000000001da1c                mbedtls_pk_setup
                0x000000000001da48                mbedtls_pk_can_do
                0x000000000001da5a                mbedtls_pk_verify_restartable
                0x000000000001dab8                mbedtls_pk_verify
                0x000000000001dace                mbedtls_pk_sign_restartable
                0x000000000001db44                mbedtls_pk_sign
                0x000000000001db68                mbedtls_pk_sign_ext
                0x000000000001dbd8                mbedtls_pk_decrypt
                0x000000000001dc0c                mbedtls_pk_encrypt
                0x000000000001dc40                mbedtls_pk_check_pair
                0x000000000001dc84                mbedtls_pk_get_bitlen
                0x000000000001dc92                mbedtls_pk_debug
                0x000000000001dcb4                mbedtls_pk_get_name
                0x000000000001dcd4                mbedtls_pk_get_type
                0x000000000001dcde                mbedtls_pk_verify_ext
 .text          0x000000000001dd54      0x224 out-clean2/export-ta_arm32/lib/libmbedtls.a(pk_wrap.o)
 .text          0x000000000001df78      0x8cc out-clean2/export-ta_arm32/lib/libmbedtls.a(pkparse.o)
                0x000000000001e370                mbedtls_pk_parse_subpubkey
                0x000000000001e498                mbedtls_pk_parse_key
                0x000000000001e6c4                mbedtls_pk_parse_public_key
 .text          0x000000000001e844      0x630 out-clean2/export-ta_arm32/lib/libmbedtls.a(pkwrite.o)
                0x000000000001e93c                mbedtls_pk_write_pubkey
                0x000000000001e9c8                mbedtls_pk_write_pubkey_der
                0x000000000001eb10                mbedtls_pk_write_key_der
                0x000000000001ece0                mbedtls_pk_write_pubkey_pem
                0x000000000001ed7c                mbedtls_pk_write_key_pem
 .text          0x000000000001ee74       0x2c out-clean2/export-ta_arm32/lib/libmbedtls.a(platform_util.o)
                0x000000000001ee74                mbedtls_platform_zeroize
                0x000000000001ee8c                mbedtls_zeroize_and_free
 .text          0x000000000001eea0     0x1dbc out-clean2/export-ta_arm32/lib/libmbedtls.a(rsa.o)
                0x000000000001f174                mbedtls_rsa_import
                0x000000000001f1fc                mbedtls_rsa_import_raw
                0x000000000001f280                mbedtls_rsa_complete
                0x000000000001f430                mbedtls_rsa_export_raw
                0x000000000001f52c                mbedtls_rsa_export
                0x000000000001f604                mbedtls_rsa_write_pubkey
                0x000000000001f6d4                mbedtls_rsa_export_crt
                0x000000000001f768                mbedtls_rsa_write_key
                0x000000000001f92c                mbedtls_rsa_init
                0x000000000001f934                mbedtls_rsa_set_padding
                0x000000000001f94c                mbedtls_rsa_get_padding_mode
                0x000000000001f952                mbedtls_rsa_get_md_alg
                0x000000000001f958                mbedtls_rsa_get_bitlen
                0x000000000001f95e                mbedtls_rsa_get_len
                0x000000000001f962                mbedtls_rsa_check_pubkey
                0x000000000001f9ac                mbedtls_rsa_parse_pubkey
                0x000000000001faa0                mbedtls_rsa_check_privkey
                0x000000000001fb04                mbedtls_rsa_check_pub_priv
                0x000000000001fb3c                mbedtls_rsa_public
                0x000000000001fbf8                mbedtls_rsa_private
                0x0000000000020074                mbedtls_rsa_rsaes_pkcs1_v15_encrypt
                0x000000000002010c                mbedtls_rsa_pkcs1_encrypt
                0x000000000002012c                mbedtls_rsa_rsaes_pkcs1_v15_decrypt
                0x00000000000202bc                mbedtls_rsa_pkcs1_decrypt
                0x00000000000202e0                mbedtls_rsa_rsassa_pkcs1_v15_sign
                0x00000000000203a4                mbedtls_rsa_pkcs1_sign
                0x00000000000203d8                mbedtls_rsa_rsassa_pkcs1_v15_verify
                0x00000000000204b4                mbedtls_rsa_pkcs1_verify
                0x00000000000204e0                mbedtls_rsa_free
                0x0000000000020552                mbedtls_rsa_parse_key
                0x0000000000020728                mbedtls_rsa_gen_key
                0x00000000000208b4                mbedtls_rsa_copy
                0x00000000000209b2                mbedtls_rsa_self_test
 .text          0x0000000000020c5c      0x730 out-clean2/export-ta_arm32/lib/libmbedtls.a(rsa_alt_helpers.o)
                0x0000000000020c5c                mbedtls_rsa_deduce_primes
                0x0000000000020e78                mbedtls_rsa_deduce_private_exponent
                0x0000000000020f70                mbedtls_rsa_deduce_crt
                0x0000000000021030                mbedtls_rsa_validate_params
                0x0000000000021244                mbedtls_rsa_validate_crt
 .text          0x000000000002138c      0x574 out-clean2/export-ta_arm32/lib/libmbedtls.a(asn1parse.o)
                0x00000000000213be                mbedtls_asn1_get_len
                0x0000000000021418                mbedtls_asn1_get_tag
                0x00000000000214d8                mbedtls_asn1_get_bool
                0x000000000002153c                mbedtls_asn1_get_int
                0x0000000000021542                mbedtls_asn1_get_enum
                0x0000000000021548                mbedtls_asn1_get_mpi
                0x00000000000215a4                mbedtls_asn1_get_bitstring
                0x00000000000215e4                mbedtls_asn1_traverse_sequence_of
                0x00000000000216ac                mbedtls_asn1_get_bitstring_null
                0x00000000000216d6                mbedtls_asn1_sequence_free
                0x00000000000216e6                mbedtls_asn1_get_sequence_of
                0x0000000000021758                mbedtls_asn1_get_alg
                0x0000000000021820                mbedtls_asn1_get_alg_null
                0x0000000000021888                mbedtls_asn1_free_named_data
                0x00000000000218a8                mbedtls_asn1_free_named_data_list
                0x00000000000218ca                mbedtls_asn1_free_named_data_list_shallow
                0x00000000000218da                mbedtls_asn1_find_named_data
 .text          0x0000000000021900      0x9b4 out-clean2/export-ta_arm32/lib/libmbedtls.a(cipher.o)
                0x0000000000021914                mbedtls_cipher_list
                0x000000000002195c                mbedtls_cipher_info_from_type
                0x0000000000021980                mbedtls_cipher_info_from_string
                0x00000000000219b4                mbedtls_cipher_info_from_values
                0x00000000000219fc                mbedtls_cipher_init
                0x0000000000021a04                mbedtls_cipher_free
                0x0000000000021a3c                mbedtls_cipher_clone
                0x0000000000021ac4                mbedtls_cipher_setup
                0x0000000000021b10                mbedtls_cipher_setup_info
                0x0000000000021b24                mbedtls_cipher_setkey
                0x0000000000021b88                mbedtls_cipher_set_iv
                0x0000000000021bfc                mbedtls_cipher_reset
                0x0000000000021c10                mbedtls_cipher_update_ad
                0x0000000000021c54                mbedtls_cipher_update
                0x0000000000021e58                mbedtls_cipher_finish_padded
                0x0000000000021f80                mbedtls_cipher_finish
                0x0000000000021fd0                mbedtls_cipher_set_padding_mode
                0x0000000000022004                mbedtls_cipher_write_tag
                0x0000000000022038                mbedtls_cipher_check_tag
                0x00000000000220c8                mbedtls_cipher_crypt
                0x0000000000022150                mbedtls_cipher_auth_encrypt_ext
                0x00000000000221fc                mbedtls_cipher_auth_decrypt_ext
 .text          0x00000000000222b4      0x1d0 out-clean2/export-ta_arm32/lib/libmbedtls.a(cipher_wrap.o)
 .text          0x0000000000022484     0x12f4 out-clean2/export-ta_arm32/lib/libmbedtls.a(des.o)
                0x0000000000022484                mbedtls_des_init
                0x000000000002248c                mbedtls_des_free
                0x0000000000022496                mbedtls_des3_init
                0x00000000000224a0                mbedtls_des3_free
                0x00000000000224ac                mbedtls_des_key_set_parity
                0x00000000000224cc                mbedtls_des_key_check_key_parity
                0x00000000000224f4                mbedtls_des_key_check_weak
                0x0000000000022520                mbedtls_des_setkey
                0x0000000000022980                mbedtls_des_setkey_enc
                0x000000000002298a                mbedtls_des_setkey_dec
                0x00000000000229c4                mbedtls_des3_set2key_enc
                0x0000000000022a18                mbedtls_des3_set2key_dec
                0x0000000000022a6c                mbedtls_des3_set3key_enc
                0x0000000000022ac0                mbedtls_des3_set3key_dec
                0x0000000000022b14                mbedtls_des_crypt_ecb
                0x0000000000022d34                mbedtls_des_crypt_cbc
                0x0000000000022e20                mbedtls_des3_crypt_ecb
                0x00000000000232a8                mbedtls_des3_crypt_cbc
                0x0000000000023394                mbedtls_des_self_test
 .text          0x0000000000023778      0x66c out-clean2/export-ta_arm32/lib/libmbedtls.a(ecdsa.o)
                0x00000000000237d0                mbedtls_ecdsa_can_do
                0x00000000000237d4                mbedtls_ecdsa_sign_restartable
                0x0000000000023978                mbedtls_ecdsa_sign
                0x000000000002399c                mbedtls_ecdsa_verify_restartable
                0x0000000000023b28                mbedtls_ecdsa_verify
                0x0000000000023b3e                mbedtls_ecdsa_write_signature_restartable
                0x0000000000023c68                mbedtls_ecdsa_write_signature
                0x0000000000023c8c                mbedtls_ecdsa_read_signature_restartable
                0x0000000000023d68                mbedtls_ecdsa_read_signature
                0x0000000000023d7a                mbedtls_ecdsa_genkey
                0x0000000000023d9e                mbedtls_ecdsa_init
                0x0000000000023da2                mbedtls_ecdsa_free
                0x0000000000023daa                mbedtls_ecdsa_from_keypair
 .text          0x0000000000023de4      0x5ec out-clean2/export-ta_arm32/lib/libmbedtls.a(md.o)
                0x0000000000023de4                mbedtls_md_info_from_type
                0x0000000000023e38                mbedtls_md_init
                0x0000000000023e40                mbedtls_md_free
                0x0000000000023e9c                mbedtls_md_clone
                0x0000000000023f18                mbedtls_md_setup
                0x0000000000023fc0                mbedtls_md_starts
                0x0000000000024004                mbedtls_md_update
                0x0000000000024058                mbedtls_md_finish
                0x0000000000024094                mbedtls_md
                0x00000000000240ec                mbedtls_md_get_size
                0x00000000000240f2                mbedtls_md_get_type
                0x00000000000240f8                mbedtls_md_list
                0x0000000000024104                mbedtls_md_info_from_string
                0x0000000000024130                mbedtls_md_get_name
                0x0000000000024150                mbedtls_md_info_from_ctx
                0x0000000000024156                mbedtls_md_hmac_starts
                0x0000000000024258                mbedtls_md_hmac_update
                0x0000000000024278                mbedtls_md_hmac_finish
                0x000000000002430c                mbedtls_md_hmac_reset
                0x0000000000024338                mbedtls_md_hmac
 .text          0x00000000000243d0      0xbfc out-clean2/export-ta_arm32/lib/libmbedtls.a(md5.o)
                0x00000000000243d0                mbedtls_md5_init
                0x00000000000243d8                mbedtls_md5_free
                0x00000000000243e2                mbedtls_md5_clone
                0x00000000000243ec                mbedtls_md5_starts
                0x0000000000024418                mbedtls_internal_md5_process
                0x0000000000024d20                mbedtls_md5_update
                0x0000000000024d98                mbedtls_md5_finish
                0x0000000000024e88                mbedtls_md5
                0x0000000000024f00                mbedtls_md5_self_test
 .text          0x0000000000024fcc      0x5dc out-clean2/export-ta_arm32/lib/libmbedtls.a(oid.o)
                0x0000000000025080                mbedtls_oid_get_attr_short_name
                0x00000000000250b8                mbedtls_oid_get_x509_ext_type
                0x00000000000250f0                mbedtls_oid_get_extended_key_usage
                0x0000000000025128                mbedtls_oid_get_certificate_policies
                0x0000000000025160                mbedtls_oid_get_sig_alg_desc
                0x000000000002517a                mbedtls_oid_get_sig_alg
                0x000000000002519a                mbedtls_oid_get_oid_by_sig_alg
                0x00000000000251c8                mbedtls_oid_get_pk_alg
                0x0000000000025200                mbedtls_oid_get_oid_by_pk_alg
                0x000000000002522c                mbedtls_oid_get_ec_grp
                0x0000000000025264                mbedtls_oid_get_oid_by_ec_grp
                0x0000000000025290                mbedtls_oid_get_ec_grp_algid
                0x0000000000025296                mbedtls_oid_get_oid_by_ec_grp_algid
                0x000000000002529c                mbedtls_oid_get_cipher_alg
                0x00000000000252d4                mbedtls_oid_get_md_alg
                0x000000000002530c                mbedtls_oid_get_oid_by_md
                0x0000000000025338                mbedtls_oid_get_md_hmac
                0x0000000000025370                mbedtls_oid_get_numeric_string
                0x000000000002542c                mbedtls_oid_from_numeric_string
 .text          0x00000000000255a8      0x7fc out-clean2/export-ta_arm32/lib/libmbedtls.a(pem.o)
                0x0000000000025860                mbedtls_pem_init
                0x0000000000025868                mbedtls_pem_read_buffer
                0x0000000000025c28                mbedtls_pem_free
                0x0000000000025c4c                mbedtls_pem_write_buffer
 .text          0x0000000000025da4       0xc0 out-clean2/export-ta_arm32/lib/libmbedtls.a(pk_ecc.o)
                0x0000000000025dc2                mbedtls_pk_ecc_set_group
                0x0000000000025e00                mbedtls_pk_ecc_set_key
                0x0000000000025e20                mbedtls_pk_ecc_set_pubkey_from_prv
                0x0000000000025e40                mbedtls_pk_ecc_set_pubkey
 .text          0x0000000000025e64     0x1394 out-clean2/export-ta_arm32/lib/libmbedtls.a(sha1.o)
                0x0000000000025e64                mbedtls_sha1_init
                0x0000000000025e6c                mbedtls_sha1_free
                0x0000000000025e76                mbedtls_sha1_clone
                0x0000000000025e80                mbedtls_sha1_starts
                0x0000000000025eb4                mbedtls_internal_sha1_process
                0x0000000000026ec0                mbedtls_sha1_update
                0x0000000000026f38                mbedtls_sha1_finish
                0x000000000002704a                mbedtls_sha1
                0x00000000000270c4                mbedtls_sha1_self_test
 .text          0x00000000000271f8      0xb54 out-clean2/export-ta_arm32/lib/libmbedtls.a(sha256.o)
                0x00000000000271f8                mbedtls_sha256_init
                0x0000000000027200                mbedtls_sha256_free
                0x000000000002720a                mbedtls_sha256_clone
                0x0000000000027214                mbedtls_sha256_starts
                0x000000000002726c                mbedtls_internal_sha256_process
                0x0000000000027994                mbedtls_sha256_update
                0x0000000000027a1c                mbedtls_sha256_finish
                0x0000000000027b6e                mbedtls_sha256
                0x0000000000027bf4                mbedtls_sha256_self_test
 .text          0x0000000000027d4c     0x1400 out-clean2/export-ta_arm32/lib/libmbedtls.a(aes.o)
                0x0000000000027fa8                mbedtls_aes_init
                0x0000000000027fb2                mbedtls_aes_free
                0x0000000000027fbe                mbedtls_aes_setkey_enc
                0x00000000000281e0                mbedtls_aes_setkey_dec
                0x0000000000028328                mbedtls_internal_aes_encrypt
                0x0000000000028850                mbedtls_internal_aes_decrypt
                0x0000000000028d64                mbedtls_aes_crypt_ecb
                0x0000000000028d8c                mbedtls_aes_crypt_cbc
                0x0000000000028e90                mbedtls_aes_self_test
 .text          0x000000000002914c      0x418 out-clean2/export-ta_arm32/lib/libmbedtls.a(base64.o)
                0x0000000000029242                mbedtls_base64_encode
                0x0000000000029356                mbedtls_base64_decode
                0x000000000002948c                mbedtls_base64_self_test
 .text          0x0000000000029564      0x584 out-clean2/export-ta_arm32/lib/libmbedtls.a(chacha20.o)
                0x0000000000029738                mbedtls_chacha20_init
                0x0000000000029752                mbedtls_chacha20_free
                0x000000000002975c                mbedtls_chacha20_setkey
                0x0000000000029838                mbedtls_chacha20_starts
                0x0000000000029892                mbedtls_chacha20_update
                0x0000000000029954                mbedtls_chacha20_crypt
                0x00000000000299d8                mbedtls_chacha20_self_test
 .text          0x0000000000029ae8      0x4a0 out-clean2/export-ta_arm32/lib/libmbedtls.a(chachapoly.o)
                0x0000000000029b50                mbedtls_chachapoly_init
                0x0000000000029b74                mbedtls_chachapoly_free
                0x0000000000029b9a                mbedtls_chachapoly_setkey
                0x0000000000029b9e                mbedtls_chachapoly_starts
                0x0000000000029c30                mbedtls_chachapoly_update_aad
                0x0000000000029c58                mbedtls_chachapoly_update
                0x0000000000029cdc                mbedtls_chachapoly_finish
                0x0000000000029dd2                mbedtls_chachapoly_encrypt_and_tag
                0x0000000000029df6                mbedtls_chachapoly_auth_decrypt
                0x0000000000029e6c                mbedtls_chachapoly_self_test
 .text          0x0000000000029f88      0x644 out-clean2/export-ta_arm32/lib/libmbedtls.a(poly1305.o)
                0x000000000002a1c6                mbedtls_poly1305_init
                0x000000000002a1cc                mbedtls_poly1305_free
                0x000000000002a1d6                mbedtls_poly1305_starts
                0x000000000002a2b8                mbedtls_poly1305_update
                0x000000000002a33c                mbedtls_poly1305_finish
                0x000000000002a450                mbedtls_poly1305_mac
                0x000000000002a4cc                mbedtls_poly1305_self_test
 .text          0x000000000002a5cc      0xf44 out-clean2/export-ta_arm32/lib/libutils.a(bget_malloc.o)
                0x000000000002a6dc                bget
                0x000000000002a930                bgetz
                0x000000000002a98c                brel
                0x000000000002abf8                bgetr
                0x000000000002ac78                bpool
                0x000000000002ad28                bstats
                0x000000000002ae00                bget_main_test
                0x000000000002b050                malloc_reset_stats
                0x000000000002b068                raw_malloc_flags
                0x000000000002b146                raw_memalign
                0x000000000002b164                raw_malloc
                0x000000000002b182                raw_free
                0x000000000002b1a0                raw_calloc
                0x000000000002b1be                raw_realloc
                0x000000000002b1dc                free_flags
                0x000000000002b1f4                malloc
                0x000000000002b21c                malloc_flags
                0x000000000002b240                calloc
                0x000000000002b268                realloc
                0x000000000002b290                memalign
                0x000000000002b2b8                aligned_alloc
                0x000000000002b2ec                free
                0x000000000002b2f4                free_wipe
                0x000000000002b2fc                raw_malloc_get_ctx_size
                0x000000000002b300                raw_malloc_init_ctx
                0x000000000002b312                raw_malloc_add_pool
                0x000000000002b39c                raw_malloc_buffer_overlaps_heap
                0x000000000002b3ec                raw_malloc_buffer_is_within_alloced
                0x000000000002b4a0                raw_malloc_get_stats
                0x000000000002b4c2                malloc_get_stats
                0x000000000002b4d4                malloc_add_pool
                0x000000000002b4e8                malloc_buffer_is_within_alloced
                0x000000000002b4fc                malloc_buffer_overlaps_heap
 .text          0x000000000002b510       0xf4 out-clean2/export-ta_arm32/lib/libutils.a(mempool.o)
                0x000000000002b510                mempool_alloc_pool
                0x000000000002b594                mempool_alloc
                0x000000000002b5d0                mempool_calloc
                0x000000000002b5f4                mempool_free
 .text          0x000000000002b604      0x1cc out-clean2/export-ta_arm32/lib/libutils.a(fault_mitigation.o)
                0x000000000002b604                ___ftmn_return_res
                0x000000000002b630                ___ftmn_expect_state
                0x000000000002b660                ___ftmn_callee_done
                0x000000000002b66c                ___ftmn_callee_done_not_zero
                0x000000000002b68a                ___ftmn_callee_done_memcmp
                0x000000000002b6c6                ___ftmn_callee_done_check
                0x000000000002b714                ___ftmn_callee_update_not_zero
                0x000000000002b72a                ___ftmn_copy_linked_call_res
                0x000000000002b754                ___ftmn_set_check_res
                0x000000000002b768                ___ftmn_set_check_res_not_zero
                0x000000000002b78c                ___ftmn_set_check_res_memcmp
 .text          0x000000000002b7d0      0x19c out-clean2/export-ta_arm32/lib/libutils.a(base64.o)
                0x000000000002b7d0                base64_enc_len
                0x000000000002b7de                base64_enc
                0x000000000002b8a8                base64_dec
 .text          0x000000000002b96c       0x10 out-clean2/export-ta_arm32/lib/libutils.a(memset.o)
                0x000000000002b96c                memset
 .text          0x000000000002b97c       0x1a out-clean2/export-ta_arm32/lib/libutils.a(strchr.o)
                0x000000000002b97c                strchr
 .text          0x000000000002b996       0x16 out-clean2/export-ta_arm32/lib/libutils.a(strcmp.o)
                0x000000000002b996                strcmp
 .text          0x000000000002b9ac       0x10 out-clean2/export-ta_arm32/lib/libutils.a(strcpy.o)
                0x000000000002b9ac                strcpy
 .text          0x000000000002b9bc       0x10 out-clean2/export-ta_arm32/lib/libutils.a(strlen.o)
                0x000000000002b9bc                strlen
 .text          0x000000000002b9cc       0x18 out-clean2/export-ta_arm32/lib/libutils.a(strnlen.o)
                0x000000000002b9cc                strnlen
 .text          0x000000000002b9e4       0x32 out-clean2/export-ta_arm32/lib/libutils.a(strstr.o)
                0x000000000002b9e4                strstr
 .text          0x000000000002ba16       0x48 out-clean2/export-ta_arm32/lib/libutils.a(consttime_memcmp.o)
                0x000000000002ba16                consttime_memcmp
 .text          0x000000000002ba5e        0x6 out-clean2/export-ta_arm32/lib/libutils.a(aeabi_unwind.o)
                0x000000000002ba5e                __aeabi_unwind_cpp_pr0
                0x000000000002ba60                __aeabi_unwind_cpp_pr1
                0x000000000002ba62                __aeabi_unwind_cpp_pr2
 .text          0x000000000002ba64       0x1c out-clean2/export-ta_arm32/lib/libutils.a(memchr.o)
                0x000000000002ba64                memchr
 .text          0x000000000002ba80      0x3f4 out-clean2/export-ta_arm32/lib/libmbedtls.a(asn1write.o)
                0x000000000002ba80                mbedtls_asn1_write_len
                0x000000000002bac6                mbedtls_asn1_write_tag
                0x000000000002bb5c                mbedtls_asn1_write_raw_buffer
                0x000000000002bb88                mbedtls_asn1_write_mpi
                0x000000000002bbf4                mbedtls_asn1_write_null
                0x000000000002bbfa                mbedtls_asn1_write_oid
                0x000000000002bc16                mbedtls_asn1_write_algorithm_identifier_ext
                0x000000000002bc5a                mbedtls_asn1_write_algorithm_identifier
                0x000000000002bc6c                mbedtls_asn1_write_bool
                0x000000000002bc98                mbedtls_asn1_write_int
                0x000000000002bc9c                mbedtls_asn1_write_enum
                0x000000000002bca0                mbedtls_asn1_write_tagged_string
                0x000000000002bcc2                mbedtls_asn1_write_utf8_string
                0x000000000002bcd4                mbedtls_asn1_write_printable_string
                0x000000000002bce6                mbedtls_asn1_write_ia5_string
                0x000000000002bcf8                mbedtls_asn1_write_bitstring
                0x000000000002bd6c                mbedtls_asn1_write_named_bitstring
                0x000000000002bda2                mbedtls_asn1_write_octet_string
                0x000000000002bdbe                mbedtls_asn1_store_named_data
 .text          0x000000000002be74       0x1c out-clean2/export-ta_arm32/lib/libutils.a(isxdigit.o)
                0x000000000002be74                isxdigit
 .text          0x000000000002be90        0xc out-clean2/export-ta_arm32/lib/libutils.a(tolower.o)
                0x000000000002be90                tolower
 .text          0x000000000002be9c       0x20 out-clean2/export-ta_arm32/lib/libutils.a(memcmp.o)
                0x000000000002be9c                memcmp
 .text          0x000000000002bebc       0x34 out-clean2/export-ta_arm32/lib/libutils.a(memmove.o)
                0x000000000002bebc                memmove
 .text          0x000000000002bef0       0x2a out-clean2/export-ta_arm32/lib/libutils.a(strlcpy.o)
                0x000000000002bef0                strlcpy
 .text          0x000000000002bf1a        0x0 out-clean2/ta/pkcs11/ta_entry_a32.o
 .text          0x000000000002bf1a        0x0 out-clean2/export-ta_arm32/lib/libutils.a(arm32_aeabi_ldivmod_a32.o)
 .text          0x000000000002bf1a        0x0 out-clean2/export-ta_arm32/lib/libutee.a(abort.o)
 *fill*         0x000000000002bf1a        0x6 
 .text.__stub   0x000000000002bf20       0x30 linker stubs
 *(SORT_BY_ALIGNMENT(.stub))
 *(SORT_BY_ALIGNMENT(.glue_7))
 .glue_7        0x000000000002bf50        0x0 linker stubs
 *(SORT_BY_ALIGNMENT(.glue_7t))
 .glue_7t       0x000000000002bf50        0x0 linker stubs
 *(SORT_BY_ALIGNMENT(.gnu.linkonce.t.*))
 *(SORT_BY_ALIGNMENT(.vfp11_veneer))
 .vfp11_veneer  0x000000000002bf50        0x0 linker stubs
                0x000000000002bf50                __text_end = .

.v4_bx          0x000000000002bf50        0x0
 .v4_bx         0x000000000002bf50        0x0 linker stubs

.iplt           0x000000000002bf50        0x0
 .iplt          0x000000000002bf50        0x0 out-clean2/ta/pkcs11/src/attributes.o

.note.gnu.property
 *(SORT_BY_ALIGNMENT(.note.gnu.property))

.plt            0x000000000002bf50        0x0
 *(SORT_BY_ALIGNMENT(.plt))
 .plt           0x000000000002bf50        0x0 out-clean2/ta/pkcs11/src/attributes.o

.eh_frame_hdr
 *(SORT_BY_ALIGNMENT(.eh_frame_hdr))
 *(SORT_BY_ALIGNMENT(.eh_frame_entry) SORT_BY_ALIGNMENT(.eh_frame_entry.*))

.eh_frame
 *(SORT_BY_ALIGNMENT(.eh_frame))
 *(SORT_BY_ALIGNMENT(.eh_frame.*))

.gcc_except_table
 *(SORT_BY_ALIGNMENT(.gcc_except_table) SORT_BY_ALIGNMENT(.gcc_except_table.*))

.rodata         0x000000000002bf50     0xf6ec
 *(SORT_BY_ALIGNMENT(.gnu.linkonce.r.*))
 *(SORT_BY_ALIGNMENT(.rodata) SORT_BY_ALIGNMENT(.rodata.*))
 .rodata.lib/libmbedtls/mbedtls/library/sha512.c
                0x000000000002bf50      0x55f out-clean2/export-ta_arm32/lib/libmbedtls.a(sha512.o)
 *fill*         0x000000000002c4af        0x1 
 .rodata.ta/pkcs11/src/pkcs11_attributes.c
                0x000000000002c4b0      0x410 out-clean2/ta/pkcs11/src/pkcs11_attributes.o
                0x000000000002c8b4                raw_data_opt_or_null
 .rodata.ta/pkcs11/src/pkcs11_helpers.c
                0x000000000002c8c0       0xaa out-clean2/ta/pkcs11/src/pkcs11_helpers.o
 *fill*         0x000000000002c96a        0x2 
 .rodata.ta/pkcs11/src/pkcs11_token.c
                0x000000000002c96c      0x132 out-clean2/ta/pkcs11/src/pkcs11_token.o
 *fill*         0x000000000002ca9e        0x2 
 .rodata.ta/pkcs11/src/processing_asymm.c
                0x000000000002caa0      0x17f out-clean2/ta/pkcs11/src/processing_asymm.o
 *fill*         0x000000000002cc1f        0x1 
 .rodata.ta/pkcs11/src/processing_digest.c
                0x000000000002cc20       0x76 out-clean2/ta/pkcs11/src/processing_digest.o
 *fill*         0x000000000002cc96        0x2 
 .rodata.ta/pkcs11/src/processing_rsa.c
                0x000000000002cc98       0x8a out-clean2/ta/pkcs11/src/processing_rsa.o
 *fill*         0x000000000002cd22        0x2 
 .rodata.ta/pkcs11/src/processing_symm.c
                0x000000000002cd24      0x232 out-clean2/ta/pkcs11/src/processing_symm.o
 *fill*         0x000000000002cf56        0x2 
 .rodata.out-clean2/export-ta_arm32/src/user_ta_header.c
                0x000000000002cf58       0x23 out-clean2/ta/pkcs11/user_ta_header.o
                0x000000000002cf58                ta_num_props
                0x000000000002cf70                __ta_no_share_heap_size
                0x000000000002cf74                ta_heap_size
                0x000000000002cf78                trace_ext_prefix
 *fill*         0x000000000002cf7b        0x1 
 .rodata.lib/libutee/tee_api.c
                0x000000000002cf7c       0x10 out-clean2/export-ta_arm32/lib/libutee.a(tee_api.o)
 .rodata.lib/libutee/tee_api_property.c
                0x000000000002cf8c       0x10 out-clean2/export-ta_arm32/lib/libutee.a(tee_api_property.o)
 .rodata.lib/libutee/tee_system_pta.c
                0x000000000002cf9c       0x31 out-clean2/export-ta_arm32/lib/libutee.a(tee_system_pta.o)
 *fill*         0x000000000002cfcd        0x3 
 .rodata.lib/libmbedtls/mbedtls/library/bignum.c
                0x000000000002cfd0       0xcc out-clean2/export-ta_arm32/lib/libmbedtls.a(bignum.o)
 .rodata.lib/libmbedtls/mbedtls/library/ecp_curves.c
                0x000000000002d09c     0x5cd4 out-clean2/export-ta_arm32/lib/libmbedtls.a(ecp_curves.o)
 .rodata.lib/libmbedtls/mbedtls/library/nist_kw.c
                0x0000000000032d70      0x2fd out-clean2/export-ta_arm32/lib/libmbedtls.a(nist_kw.o)
 *fill*         0x000000000003306d        0x3 
 .rodata.lib/libmbedtls/mbedtls/library/des.c
                0x0000000000033070      0x9f8 out-clean2/export-ta_arm32/lib/libmbedtls.a(des.o)
 .rodata.lib/libmbedtls/mbedtls/library/md.c
                0x0000000000033a68       0x40 out-clean2/export-ta_arm32/lib/libmbedtls.a(md.o)
 .rodata.lib/libmbedtls/mbedtls/library/md5.c
                0x0000000000033aa8      0x2c3 out-clean2/export-ta_arm32/lib/libmbedtls.a(md5.o)
 *fill*         0x0000000000033d6b        0x1 
 .rodata.lib/libmbedtls/mbedtls/library/sha1.c
                0x0000000000033d6c       0xf3 out-clean2/export-ta_arm32/lib/libmbedtls.a(sha1.o)
 *fill*         0x0000000000033e5f        0x1 
 .rodata.lib/libmbedtls/mbedtls/library/sha256.c
                0x0000000000033e60      0x217 out-clean2/export-ta_arm32/lib/libmbedtls.a(sha256.o)
 .rodata.str1.1.ta/pkcs11/src/attributes.c
                0x0000000000034077       0x89 out-clean2/ta/pkcs11/src/attributes.o
 .rodata.ta/pkcs11/src/attributes.c
                0x0000000000034100       0x2d out-clean2/ta/pkcs11/src/attributes.o
 .rodata.str1.1.ta/pkcs11/src/entry.c