Archive member included to satisfy reference by file (symbol)

out-vsel2/ldelf-lib/libunw/libunw.a(unwind_arm32.o)
                              out-vsel2/ldelf/ta_elf.o (print_stack_arm32)
out-vsel2/ldelf-lib/libunw/libunw.a(unwind_arm64.o)
                              out-vsel2/ldelf/ta_elf.o (print_stack_arm64)
out-vsel2/ldelf-lib/libutee/libutee.a(assert.o)
                              out-vsel2/ldelf/main.o (_assert_log)
out-vsel2/ldelf-lib/libutee/libutee.a(tee_uuid_from_str.o)
                              out-vsel2/ldelf/ta_elf.o (tee_uuid_from_str)
out-vsel2/ldelf-lib/libutee/libutee.a(utee_syscalls_a64.o)
                              out-vsel2/ldelf-lib/libutee/libutee.a(assert.o) (_utee_panic)
out-vsel2/ldelf-lib/libutils/libutils.a(bget_malloc.o)
                              out-vsel2/ldelf/ta_elf.o (malloc)
out-vsel2/ldelf-lib/libutils/libutils.a(isxdigit.o)
                              out-vsel2/ldelf-lib/libutee/libutee.a(tee_uuid_from_str.o) (isxdigit)
out-vsel2/ldelf-lib/libutils/libutils.a(snprintf.o)
                              out-vsel2/ldelf/ta_elf.o (snprintf)
out-vsel2/ldelf-lib/libutils/libutils.a(stack_check.o)
                              out-vsel2/ldelf/dl.o (__stack_chk_fail)
out-vsel2/ldelf-lib/libutils/libutils.a(tolower.o)
                              out-vsel2/ldelf-lib/libutee/libutee.a(tee_uuid_from_str.o) (tolower)
out-vsel2/ldelf-lib/libutils/libutils.a(memcmp.o)
                              out-vsel2/ldelf/dl.o (memcmp)
out-vsel2/ldelf-lib/libutils/libutils.a(memcpy.o)
                              out-vsel2/ldelf/main.o (memcpy)
out-vsel2/ldelf-lib/libutils/libutils.a(memset.o)
                              out-vsel2/ldelf/ta_elf.o (memset)
out-vsel2/ldelf-lib/libutils/libutils.a(strcmp.o)
                              out-vsel2/ldelf/ta_elf_rel.o (strcmp)
out-vsel2/ldelf-lib/libutils/libutils.a(strcpy.o)
                              out-vsel2/ldelf/ta_elf.o (strcpy)
out-vsel2/ldelf-lib/libutils/libutils.a(strnlen.o)
                              out-vsel2/ldelf-lib/libutee/libutee.a(tee_uuid_from_str.o) (strnlen)
out-vsel2/ldelf-lib/libutils/libutils.a(snprintk.o)
                              out-vsel2/ldelf-lib/libutils/libutils.a(snprintf.o) (__vsnprintf)
out-vsel2/ldelf-lib/libutils/libutils.a(trace.o)
                              out-vsel2/ldelf/main.o (trace_vprintf)
out-vsel2/ldelf-lib/libutils/libutils.a(memchr.o)
                              out-vsel2/ldelf-lib/libutils/libutils.a(snprintk.o) (memchr)
out-vsel2/ldelf-lib/libutils/libutils.a(strlen.o)
                              out-vsel2/ldelf-lib/libutils/libutils.a(snprintk.o) (strlen)
out-vsel2/ldelf-lib/libutee/libutee.a(trace_ext.o)
                              out-vsel2/ldelf-lib/libutils/libutils.a(trace.o) (trace_ext_puts)

Discarded input sections

 .text          0x0000000000000000        0x0 out-vsel2/ldelf/start_a64.o
 .data          0x0000000000000000        0x0 out-vsel2/ldelf/start_a64.o
 .bss           0x0000000000000000        0x0 out-vsel2/ldelf/start_a64.o
 .text          0x0000000000000000        0x0 out-vsel2/ldelf/syscalls_a64.o
 .data          0x0000000000000000        0x0 out-vsel2/ldelf/syscalls_a64.o
 .bss           0x0000000000000000        0x0 out-vsel2/ldelf/syscalls_a64.o
 .text          0x0000000000000000        0x0 out-vsel2/ldelf/tlsdesc_rel_a64.o
 .data          0x0000000000000000        0x0 out-vsel2/ldelf/tlsdesc_rel_a64.o
 .bss           0x0000000000000000        0x0 out-vsel2/ldelf/tlsdesc_rel_a64.o
 .text          0x0000000000000000        0x0 out-vsel2/ldelf/dl.o
 .data          0x0000000000000000        0x0 out-vsel2/ldelf/dl.o
 .bss           0x0000000000000000        0x0 out-vsel2/ldelf/dl.o
 .eh_frame      0x0000000000000000       0x80 out-vsel2/ldelf/dl.o
 .text          0x0000000000000000        0x0 out-vsel2/ldelf/main.o
 .data          0x0000000000000000        0x0 out-vsel2/ldelf/main.o
 .bss           0x0000000000000000        0x0 out-vsel2/ldelf/main.o
 .eh_frame      0x0000000000000000       0x98 out-vsel2/ldelf/main.o
 .text          0x0000000000000000        0x0 out-vsel2/ldelf/sys.o
 .data          0x0000000000000000        0x0 out-vsel2/ldelf/sys.o
 .bss           0x0000000000000000        0x0 out-vsel2/ldelf/sys.o
 .eh_frame      0x0000000000000000      0x100 out-vsel2/ldelf/sys.o
 .text          0x0000000000000000        0x0 out-vsel2/ldelf/ta_elf.o
 .data          0x0000000000000000        0x0 out-vsel2/ldelf/ta_elf.o
 .bss           0x0000000000000000        0x0 out-vsel2/ldelf/ta_elf.o
 .eh_frame      0x0000000000000000      0x630 out-vsel2/ldelf/ta_elf.o
 .text          0x0000000000000000        0x0 out-vsel2/ldelf/ta_elf_rel.o
 .data          0x0000000000000000        0x0 out-vsel2/ldelf/ta_elf_rel.o
 .bss           0x0000000000000000        0x0 out-vsel2/ldelf/ta_elf_rel.o
 .eh_frame      0x0000000000000000      0x1e8 out-vsel2/ldelf/ta_elf_rel.o
 .text          0x0000000000000000        0x0 out-vsel2/ldelf-lib/libunw/libunw.a(unwind_arm32.o)
 .data          0x0000000000000000        0x0 out-vsel2/ldelf-lib/libunw/libunw.a(unwind_arm32.o)
 .bss           0x0000000000000000        0x0 out-vsel2/ldelf-lib/libunw/libunw.a(unwind_arm32.o)
 .eh_frame      0x0000000000000000       0xd8 out-vsel2/ldelf-lib/libunw/libunw.a(unwind_arm32.o)
 .text          0x0000000000000000        0x0 out-vsel2/ldelf-lib/libunw/libunw.a(unwind_arm64.o)
 .data          0x0000000000000000        0x0 out-vsel2/ldelf-lib/libunw/libunw.a(unwind_arm64.o)
 .bss           0x0000000000000000        0x0 out-vsel2/ldelf-lib/libunw/libunw.a(unwind_arm64.o)
 .eh_frame      0x0000000000000000       0x98 out-vsel2/ldelf-lib/libunw/libunw.a(unwind_arm64.o)
 .text          0x0000000000000000        0x0 out-vsel2/ldelf-lib/libutee/libutee.a(assert.o)
 .data          0x0000000000000000        0x0 out-vsel2/ldelf-lib/libutee/libutee.a(assert.o)
 .bss           0x0000000000000000        0x0 out-vsel2/ldelf-lib/libutee/libutee.a(assert.o)
 .eh_frame      0x0000000000000000       0x50 out-vsel2/ldelf-lib/libutee/libutee.a(assert.o)
 .text          0x0000000000000000        0x0 out-vsel2/ldelf-lib/libutee/libutee.a(tee_uuid_from_str.o)
 .data          0x0000000000000000        0x0 out-vsel2/ldelf-lib/libutee/libutee.a(tee_uuid_from_str.o)
 .bss           0x0000000000000000        0x0 out-vsel2/ldelf-lib/libutee/libutee.a(tee_uuid_from_str.o)
 .eh_frame      0x0000000000000000       0x88 out-vsel2/ldelf-lib/libutee/libutee.a(tee_uuid_from_str.o)
 .text          0x0000000000000000        0x0 out-vsel2/ldelf-lib/libutee/libutee.a(utee_syscalls_a64.o)
 .data          0x0000000000000000        0x0 out-vsel2/ldelf-lib/libutee/libutee.a(utee_syscalls_a64.o)
 .bss           0x0000000000000000        0x0 out-vsel2/ldelf-lib/libutee/libutee.a(utee_syscalls_a64.o)
 .text._utee_return
                0x0000000000000000        0xc out-vsel2/ldelf-lib/libutee/libutee.a(utee_syscalls_a64.o)
 .text._utee_log
                0x0000000000000000        0xc out-vsel2/ldelf-lib/libutee/libutee.a(utee_syscalls_a64.o)
 .text._utee_get_property
                0x0000000000000000        0xc out-vsel2/ldelf-lib/libutee/libutee.a(utee_syscalls_a64.o)
 .text._utee_get_property_name_to_index
                0x0000000000000000        0xc out-vsel2/ldelf-lib/libutee/libutee.a(utee_syscalls_a64.o)
 .text._utee_open_ta_session
                0x0000000000000000        0xc out-vsel2/ldelf-lib/libutee/libutee.a(utee_syscalls_a64.o)
 .text._utee_close_ta_session
                0x0000000000000000        0xc out-vsel2/ldelf-lib/libutee/libutee.a(utee_syscalls_a64.o)
 .text._utee_invoke_ta_command
                0x0000000000000000        0xc out-vsel2/ldelf-lib/libutee/libutee.a(utee_syscalls_a64.o)
 .text._utee_get_cancellation_flag
                0x0000000000000000        0xc out-vsel2/ldelf-lib/libutee/libutee.a(utee_syscalls_a64.o)
 .text._utee_check_access_rights
                0x0000000000000000        0xc out-vsel2/ldelf-lib/libutee/libutee.a(utee_syscalls_a64.o)
 .text._utee_unmask_cancellation
                0x0000000000000000        0xc out-vsel2/ldelf-lib/libutee/libutee.a(utee_syscalls_a64.o)
 .text._utee_mask_cancellation
                0x0000000000000000        0xc out-vsel2/ldelf-lib/libutee/libutee.a(utee_syscalls_a64.o)
 .text._utee_wait
                0x0000000000000000        0xc out-vsel2/ldelf-lib/libutee/libutee.a(utee_syscalls_a64.o)
 .text._utee_get_time
                0x0000000000000000        0xc out-vsel2/ldelf-lib/libutee/libutee.a(utee_syscalls_a64.o)
 .text._utee_set_ta_time
                0x0000000000000000        0xc out-vsel2/ldelf-lib/libutee/libutee.a(utee_syscalls_a64.o)
 .text._utee_cryp_state_alloc
                0x0000000000000000        0xc out-vsel2/ldelf-lib/libutee/libutee.a(utee_syscalls_a64.o)
 .text._utee_cryp_state_copy
                0x0000000000000000        0xc out-vsel2/ldelf-lib/libutee/libutee.a(utee_syscalls_a64.o)
 .text._utee_cryp_state_free
                0x0000000000000000        0xc out-vsel2/ldelf-lib/libutee/libutee.a(utee_syscalls_a64.o)
 .text._utee_hash_init
                0x0000000000000000        0xc out-vsel2/ldelf-lib/libutee/libutee.a(utee_syscalls_a64.o)
 .text._utee_hash_update
                0x0000000000000000        0xc out-vsel2/ldelf-lib/libutee/libutee.a(utee_syscalls_a64.o)
 .text._utee_hash_final
                0x0000000000000000        0xc out-vsel2/ldelf-lib/libutee/libutee.a(utee_syscalls_a64.o)
 .text._utee_cipher_init
                0x0000000000000000        0xc out-vsel2/ldelf-lib/libutee/libutee.a(utee_syscalls_a64.o)
 .text._utee_cipher_update
                0x0000000000000000        0xc out-vsel2/ldelf-lib/libutee/libutee.a(utee_syscalls_a64.o)
 .text._utee_cipher_final
                0x0000000000000000        0xc out-vsel2/ldelf-lib/libutee/libutee.a(utee_syscalls_a64.o)
 .text._utee_cryp_obj_get_info
                0x0000000000000000        0xc out-vsel2/ldelf-lib/libutee/libutee.a(utee_syscalls_a64.o)
 .text._utee_cryp_obj_restrict_usage
                0x0000000000000000        0xc out-vsel2/ldelf-lib/libutee/libutee.a(utee_syscalls_a64.o)
 .text._utee_cryp_obj_get_attr
                0x0000000000000000        0xc out-vsel2/ldelf-lib/libutee/libutee.a(utee_syscalls_a64.o)
 .text._utee_cryp_obj_alloc
                0x0000000000000000        0xc out-vsel2/ldelf-lib/libutee/libutee.a(utee_syscalls_a64.o)
 .text._utee_cryp_obj_close
                0x0000000000000000        0xc out-vsel2/ldelf-lib/libutee/libutee.a(utee_syscalls_a64.o)
 .text._utee_cryp_obj_reset
                0x0000000000000000        0xc out-vsel2/ldelf-lib/libutee/libutee.a(utee_syscalls_a64.o)
 .text._utee_cryp_obj_populate
                0x0000000000000000        0xc out-vsel2/ldelf-lib/libutee/libutee.a(utee_syscalls_a64.o)
 .text._utee_cryp_obj_copy
                0x0000000000000000        0xc out-vsel2/ldelf-lib/libutee/libutee.a(utee_syscalls_a64.o)
 .text._utee_cryp_derive_key
                0x0000000000000000        0xc out-vsel2/ldelf-lib/libutee/libutee.a(utee_syscalls_a64.o)
 .text._utee_cryp_random_number_generate
                0x0000000000000000        0xc out-vsel2/ldelf-lib/libutee/libutee.a(utee_syscalls_a64.o)
 .text._utee_authenc_init
                0x0000000000000000        0xc out-vsel2/ldelf-lib/libutee/libutee.a(utee_syscalls_a64.o)
 .text._utee_authenc_update_aad
                0x0000000000000000        0xc out-vsel2/ldelf-lib/libutee/libutee.a(utee_syscalls_a64.o)
 .text._utee_authenc_update_payload
                0x0000000000000000        0xc out-vsel2/ldelf-lib/libutee/libutee.a(utee_syscalls_a64.o)
 .text._utee_authenc_enc_final
                0x0000000000000000        0xc out-vsel2/ldelf-lib/libutee/libutee.a(utee_syscalls_a64.o)
 .text._utee_authenc_dec_final
                0x0000000000000000        0xc out-vsel2/ldelf-lib/libutee/libutee.a(utee_syscalls_a64.o)
 .text._utee_asymm_operate
                0x0000000000000000        0xc out-vsel2/ldelf-lib/libutee/libutee.a(utee_syscalls_a64.o)
 .text._utee_asymm_verify
                0x0000000000000000        0xc out-vsel2/ldelf-lib/libutee/libutee.a(utee_syscalls_a64.o)
 .text._utee_storage_obj_open
                0x0000000000000000        0xc out-vsel2/ldelf-lib/libutee/libutee.a(utee_syscalls_a64.o)
 .text._utee_storage_obj_create
                0x0000000000000000        0xc out-vsel2/ldelf-lib/libutee/libutee.a(utee_syscalls_a64.o)
 .text._utee_storage_obj_del
                0x0000000000000000        0xc out-vsel2/ldelf-lib/libutee/libutee.a(utee_syscalls_a64.o)
 .text._utee_storage_obj_rename
                0x0000000000000000        0xc out-vsel2/ldelf-lib/libutee/libutee.a(utee_syscalls_a64.o)
 .text._utee_storage_alloc_enum
                0x0000000000000000        0xc out-vsel2/ldelf-lib/libutee/libutee.a(utee_syscalls_a64.o)
 .text._utee_storage_free_enum
                0x0000000000000000        0xc out-vsel2/ldelf-lib/libutee/libutee.a(utee_syscalls_a64.o)
 .text._utee_storage_reset_enum
                0x0000000000000000        0xc out-vsel2/ldelf-lib/libutee/libutee.a(utee_syscalls_a64.o)
 .text._utee_storage_start_enum
                0x0000000000000000        0xc out-vsel2/ldelf-lib/libutee/libutee.a(utee_syscalls_a64.o)
 .text._utee_storage_next_enum
                0x0000000000000000        0xc out-vsel2/ldelf-lib/libutee/libutee.a(utee_syscalls_a64.o)
 .text._utee_storage_obj_read
                0x0000000000000000        0xc out-vsel2/ldelf-lib/libutee/libutee.a(utee_syscalls_a64.o)
 .text._utee_storage_obj_write
                0x0000000000000000        0xc out-vsel2/ldelf-lib/libutee/libutee.a(utee_syscalls_a64.o)
 .text._utee_storage_obj_trunc
                0x0000000000000000        0xc out-vsel2/ldelf-lib/libutee/libutee.a(utee_syscalls_a64.o)
 .text._utee_storage_obj_seek
                0x0000000000000000        0xc out-vsel2/ldelf-lib/libutee/libutee.a(utee_syscalls_a64.o)
 .text._utee_cryp_obj_generate_key
                0x0000000000000000        0xc out-vsel2/ldelf-lib/libutee/libutee.a(utee_syscalls_a64.o)
 .text._utee_cache_operation
                0x0000000000000000        0xc out-vsel2/ldelf-lib/libutee/libutee.a(utee_syscalls_a64.o)
 .text          0x0000000000000000        0x0 out-vsel2/ldelf-lib/libutils/libutils.a(bget_malloc.o)
 .data          0x0000000000000000        0x0 out-vsel2/ldelf-lib/libutils/libutils.a(bget_malloc.o)
 .bss           0x0000000000000000        0x0 out-vsel2/ldelf-lib/libutils/libutils.a(bget_malloc.o)
 .text.bgetr    0x0000000000000000       0xcc out-vsel2/ldelf-lib/libutils/libutils.a(bget_malloc.o)
 .rodata.bstats.str1.1
                0x0000000000000000       0x10 out-vsel2/ldelf-lib/libutils/libutils.a(bget_malloc.o)
 .text.bstats   0x0000000000000000       0x90 out-vsel2/ldelf-lib/libutils/libutils.a(bget_malloc.o)
 .text.malloc_reset_stats
                0x0000000000000000       0x18 out-vsel2/ldelf-lib/libutils/libutils.a(bget_malloc.o)
 .text.raw_memalign
                0x0000000000000000       0x24 out-vsel2/ldelf-lib/libutils/libutils.a(bget_malloc.o)
 .text.raw_malloc
                0x0000000000000000       0x24 out-vsel2/ldelf-lib/libutils/libutils.a(bget_malloc.o)
 .text.raw_calloc
                0x0000000000000000       0x24 out-vsel2/ldelf-lib/libutils/libutils.a(bget_malloc.o)
 .text.raw_realloc
                0x0000000000000000       0x24 out-vsel2/ldelf-lib/libutils/libutils.a(bget_malloc.o)
 .text.malloc_flags
                0x0000000000000000       0x20 out-vsel2/ldelf-lib/libutils/libutils.a(bget_malloc.o)
 .text.memalign
                0x0000000000000000       0x28 out-vsel2/ldelf-lib/libutils/libutils.a(bget_malloc.o)
 .text.aligned_alloc
                0x0000000000000000       0x38 out-vsel2/ldelf-lib/libutils/libutils.a(bget_malloc.o)
 .text.free_wipe
                0x0000000000000000        0xc out-vsel2/ldelf-lib/libutils/libutils.a(bget_malloc.o)
 .text.raw_malloc_get_ctx_size
                0x0000000000000000        0x8 out-vsel2/ldelf-lib/libutils/libutils.a(bget_malloc.o)
 .text.raw_malloc_init_ctx
                0x0000000000000000       0x2c out-vsel2/ldelf-lib/libutils/libutils.a(bget_malloc.o)
 .text.raw_malloc_buffer_overlaps_heap
                0x0000000000000000       0x80 out-vsel2/ldelf-lib/libutils/libutils.a(bget_malloc.o)
 .text.raw_malloc_buffer_is_within_alloced
                0x0000000000000000      0x128 out-vsel2/ldelf-lib/libutils/libutils.a(bget_malloc.o)
 .text.raw_malloc_get_stats
                0x0000000000000000       0x44 out-vsel2/ldelf-lib/libutils/libutils.a(bget_malloc.o)
 .text.malloc_get_stats
                0x0000000000000000       0x10 out-vsel2/ldelf-lib/libutils/libutils.a(bget_malloc.o)
 .text.malloc_buffer_is_within_alloced
                0x0000000000000000       0x14 out-vsel2/ldelf-lib/libutils/libutils.a(bget_malloc.o)
 .text.malloc_buffer_overlaps_heap
                0x0000000000000000       0x14 out-vsel2/ldelf-lib/libutils/libutils.a(bget_malloc.o)
 .rodata.__func__.0
                0x0000000000000000       0x13 out-vsel2/ldelf-lib/libutils/libutils.a(bget_malloc.o)
 .rodata.__func__.3
                0x0000000000000000        0x7 out-vsel2/ldelf-lib/libutils/libutils.a(bget_malloc.o)
 .rodata.__func__.6
                0x0000000000000000        0x6 out-vsel2/ldelf-lib/libutils/libutils.a(bget_malloc.o)
 .eh_frame      0x0000000000000000      0x420 out-vsel2/ldelf-lib/libutils/libutils.a(bget_malloc.o)
 .text          0x0000000000000000        0x0 out-vsel2/ldelf-lib/libutils/libutils.a(isxdigit.o)
 .data          0x0000000000000000        0x0 out-vsel2/ldelf-lib/libutils/libutils.a(isxdigit.o)
 .bss           0x0000000000000000        0x0 out-vsel2/ldelf-lib/libutils/libutils.a(isxdigit.o)
 .eh_frame      0x0000000000000000       0x28 out-vsel2/ldelf-lib/libutils/libutils.a(isxdigit.o)
 .text          0x0000000000000000        0x0 out-vsel2/ldelf-lib/libutils/libutils.a(snprintf.o)
 .data          0x0000000000000000        0x0 out-vsel2/ldelf-lib/libutils/libutils.a(snprintf.o)
 .bss           0x0000000000000000        0x0 out-vsel2/ldelf-lib/libutils/libutils.a(snprintf.o)
 .text.vsnprintf
                0x0000000000000000       0x58 out-vsel2/ldelf-lib/libutils/libutils.a(snprintf.o)
 .eh_frame      0x0000000000000000       0x70 out-vsel2/ldelf-lib/libutils/libutils.a(snprintf.o)
 .text          0x0000000000000000        0x0 out-vsel2/ldelf-lib/libutils/libutils.a(stack_check.o)
 .data          0x0000000000000000        0x0 out-vsel2/ldelf-lib/libutils/libutils.a(stack_check.o)
 .bss           0x0000000000000000        0x0 out-vsel2/ldelf-lib/libutils/libutils.a(stack_check.o)
 .eh_frame      0x0000000000000000       0x30 out-vsel2/ldelf-lib/libutils/libutils.a(stack_check.o)
 .text          0x0000000000000000        0x0 out-vsel2/ldelf-lib/libutils/libutils.a(tolower.o)
 .data          0x0000000000000000        0x0 out-vsel2/ldelf-lib/libutils/libutils.a(tolower.o)
 .bss           0x0000000000000000        0x0 out-vsel2/ldelf-lib/libutils/libutils.a(tolower.o)
 .eh_frame      0x0000000000000000       0x28 out-vsel2/ldelf-lib/libutils/libutils.a(tolower.o)
 .text          0x0000000000000000        0x0 out-vsel2/ldelf-lib/libutils/libutils.a(memcmp.o)
 .data          0x0000000000000000        0x0 out-vsel2/ldelf-lib/libutils/libutils.a(memcmp.o)
 .bss           0x0000000000000000        0x0 out-vsel2/ldelf-lib/libutils/libutils.a(memcmp.o)
 .eh_frame      0x0000000000000000       0x28 out-vsel2/ldelf-lib/libutils/libutils.a(memcmp.o)
 .text          0x0000000000000000        0x0 out-vsel2/ldelf-lib/libutils/libutils.a(memcpy.o)
 .data          0x0000000000000000        0x0 out-vsel2/ldelf-lib/libutils/libutils.a(memcpy.o)
 .bss           0x0000000000000000        0x0 out-vsel2/ldelf-lib/libutils/libutils.a(memcpy.o)
 .eh_frame      0x0000000000000000       0x28 out-vsel2/ldelf-lib/libutils/libutils.a(memcpy.o)
 .text          0x0000000000000000        0x0 out-vsel2/ldelf-lib/libutils/libutils.a(memset.o)
 .data          0x0000000000000000        0x0 out-vsel2/ldelf-lib/libutils/libutils.a(memset.o)
 .bss           0x0000000000000000        0x0 out-vsel2/ldelf-lib/libutils/libutils.a(memset.o)
 .eh_frame      0x0000000000000000       0x28 out-vsel2/ldelf-lib/libutils/libutils.a(memset.o)
 .text          0x0000000000000000        0x0 out-vsel2/ldelf-lib/libutils/libutils.a(strcmp.o)
 .data          0x0000000000000000        0x0 out-vsel2/ldelf-lib/libutils/libutils.a(strcmp.o)
 .bss           0x0000000000000000        0x0 out-vsel2/ldelf-lib/libutils/libutils.a(strcmp.o)
 .eh_frame      0x0000000000000000       0x28 out-vsel2/ldelf-lib/libutils/libutils.a(strcmp.o)
 .text          0x0000000000000000        0x0 out-vsel2/ldelf-lib/libutils/libutils.a(strcpy.o)
 .data          0x0000000000000000        0x0 out-vsel2/ldelf-lib/libutils/libutils.a(strcpy.o)
 .bss           0x0000000000000000        0x0 out-vsel2/ldelf-lib/libutils/libutils.a(strcpy.o)
 .eh_frame      0x0000000000000000       0x28 out-vsel2/ldelf-lib/libutils/libutils.a(strcpy.o)
 .text          0x0000000000000000        0x0 out-vsel2/ldelf-lib/libutils/libutils.a(strnlen.o)
 .data          0x0000000000000000        0x0 out-vsel2/ldelf-lib/libutils/libutils.a(strnlen.o)
 .bss           0x0000000000000000        0x0 out-vsel2/ldelf-lib/libutils/libutils.a(strnlen.o)
 .eh_frame      0x0000000000000000       0x28 out-vsel2/ldelf-lib/libutils/libutils.a(strnlen.o)
 .text          0x0000000000000000        0x0 out-vsel2/ldelf-lib/libutils/libutils.a(snprintk.o)
 .data          0x0000000000000000        0x0 out-vsel2/ldelf-lib/libutils/libutils.a(snprintk.o)
 .bss           0x0000000000000000        0x0 out-vsel2/ldelf-lib/libutils/libutils.a(snprintk.o)
 .text.__vsprintf
                0x0000000000000000       0x4c out-vsel2/ldelf-lib/libutils/libutils.a(snprintk.o)
 .eh_frame      0x0000000000000000      0x108 out-vsel2/ldelf-lib/libutils/libutils.a(snprintk.o)
 .text          0x0000000000000000        0x0 out-vsel2/ldelf-lib/libutils/libutils.a(trace.o)
 .data          0x0000000000000000        0x0 out-vsel2/ldelf-lib/libutils/libutils.a(trace.o)
 .bss           0x0000000000000000        0x0 out-vsel2/ldelf-lib/libutils/libutils.a(trace.o)
 .text.trace_set_level
                0x0000000000000000       0x1c out-vsel2/ldelf-lib/libutils/libutils.a(trace.o)
 .text.trace_get_level
                0x0000000000000000       0x10 out-vsel2/ldelf-lib/libutils/libutils.a(trace.o)
 .text.dhex_dump
                0x0000000000000000        0x4 out-vsel2/ldelf-lib/libutils/libutils.a(trace.o)
 .eh_frame      0x0000000000000000       0xc8 out-vsel2/ldelf-lib/libutils/libutils.a(trace.o)
 .text          0x0000000000000000        0x0 out-vsel2/ldelf-lib/libutils/libutils.a(memchr.o)
 .data          0x0000000000000000        0x0 out-vsel2/ldelf-lib/libutils/libutils.a(memchr.o)
 .bss           0x0000000000000000        0x0 out-vsel2/ldelf-lib/libutils/libutils.a(memchr.o)
 .eh_frame      0x0000000000000000       0x28 out-vsel2/ldelf-lib/libutils/libutils.a(memchr.o)
 .text          0x0000000000000000        0x0 out-vsel2/ldelf-lib/libutils/libutils.a(strlen.o)
 .data          0x0000000000000000        0x0 out-vsel2/ldelf-lib/libutils/libutils.a(strlen.o)
 .bss           0x0000000000000000        0x0 out-vsel2/ldelf-lib/libutils/libutils.a(strlen.o)
 .eh_frame      0x0000000000000000       0x28 out-vsel2/ldelf-lib/libutils/libutils.a(strlen.o)
 .text          0x0000000000000000        0x0 out-vsel2/ldelf-lib/libutee/libutee.a(trace_ext.o)
 .data          0x0000000000000000        0x0 out-vsel2/ldelf-lib/libutee/libutee.a(trace_ext.o)
 .bss           0x0000000000000000        0x0 out-vsel2/ldelf-lib/libutee/libutee.a(trace_ext.o)
 .text.printf   0x0000000000000000       0xd8 out-vsel2/ldelf-lib/libutee/libutee.a(trace_ext.o)
 .rodata.puts.str1.1
                0x0000000000000000        0x2 out-vsel2/ldelf-lib/libutee/libutee.a(trace_ext.o)
 .text.puts     0x0000000000000000       0x40 out-vsel2/ldelf-lib/libutee/libutee.a(trace_ext.o)
 .text.putchar  0x0000000000000000       0x78 out-vsel2/ldelf-lib/libutee/libutee.a(trace_ext.o)
 .eh_frame      0x0000000000000000       0xc0 out-vsel2/ldelf-lib/libutee/libutee.a(trace_ext.o)

Memory Configuration

Name             Origin             Length             Attributes
*default*        0x0000000000000000 0xffffffffffffffff

Linker script and memory map


.text           0x0000000000000000     0x729c
                0x0000000000000000                __text_start = .
 *(SORT_BY_ALIGNMENT(.text._ldelf_start))
 .text._ldelf_start
                0x0000000000000000       0x64 out-vsel2/ldelf/start_a64.o
                0x0000000000000000                _ldelf_start
 *(SORT_BY_ALIGNMENT(.text) SORT_BY_ALIGNMENT(.text.*))
 *fill*         0x0000000000000064        0xc 
 .text.memcpy   0x0000000000000070       0xec out-vsel2/ldelf-lib/libutils/libutils.a(memcpy.o)
                0x0000000000000070                memcpy
 .text._ldelf_panic
                0x000000000000015c        0xc out-vsel2/ldelf/syscalls_a64.o
                0x000000000000015c                _ldelf_panic
 .text._ldelf_return
                0x0000000000000168        0xc out-vsel2/ldelf/syscalls_a64.o
                0x0000000000000168                _ldelf_return
 .text._ldelf_log
                0x0000000000000174        0xc out-vsel2/ldelf/syscalls_a64.o
                0x0000000000000174                _ldelf_log
 .text.__ldelf_panic
                0x0000000000000180        0xc out-vsel2/ldelf/syscalls_a64.o
                0x0000000000000180                __ldelf_panic
 .text._ldelf_map_zi
                0x000000000000018c        0xc out-vsel2/ldelf/syscalls_a64.o
                0x000000000000018c                _ldelf_map_zi
 .text._ldelf_unmap
                0x0000000000000198        0xc out-vsel2/ldelf/syscalls_a64.o
                0x0000000000000198                _ldelf_unmap
 .text._ldelf_open_bin
                0x00000000000001a4        0xc out-vsel2/ldelf/syscalls_a64.o
                0x00000000000001a4                _ldelf_open_bin
 .text._ldelf_close_bin
                0x00000000000001b0        0xc out-vsel2/ldelf/syscalls_a64.o
                0x00000000000001b0                _ldelf_close_bin
 .text._ldelf_map_bin
                0x00000000000001bc        0xc out-vsel2/ldelf/syscalls_a64.o
                0x00000000000001bc                _ldelf_map_bin
 .text._ldelf_cp_from_bin
                0x00000000000001c8        0xc out-vsel2/ldelf/syscalls_a64.o
                0x00000000000001c8                _ldelf_cp_from_bin
 .text._ldelf_set_prot
                0x00000000000001d4        0xc out-vsel2/ldelf/syscalls_a64.o
                0x00000000000001d4                _ldelf_set_prot
 .text._ldelf_remap
                0x00000000000001e0        0xc out-vsel2/ldelf/syscalls_a64.o
                0x00000000000001e0                _ldelf_remap
 .text._ldelf_gen_rnd_num
                0x00000000000001ec        0xc out-vsel2/ldelf/syscalls_a64.o
                0x00000000000001ec                _ldelf_gen_rnd_num
 .text.tlsdesc_resolve
                0x00000000000001f8        0x8 out-vsel2/ldelf/tlsdesc_rel_a64.o
                0x00000000000001f8                tlsdesc_resolve
 .text.dlopen_entry
                0x0000000000000200       0xb8 out-vsel2/ldelf/dl.o
                0x0000000000000200                dlopen_entry
 .text.dlsym_entry
                0x00000000000002b8       0xcc out-vsel2/ldelf/dl.o
                0x00000000000002b8                dlsym_entry
 .text.dl_entry
                0x0000000000000384       0x3c out-vsel2/ldelf/main.o
 .text.print_to_console
                0x00000000000003c0       0x4c out-vsel2/ldelf/main.o
 .text.dump_ta_state
                0x000000000000040c       0xf0 out-vsel2/ldelf/main.o
 .text.ldelf    0x00000000000004fc      0x128 out-vsel2/ldelf/main.o
                0x00000000000004fc                ldelf
 .text.__panic  0x0000000000000624       0x9c out-vsel2/ldelf/sys.o
                0x0000000000000624                __panic
 .text.sys_return_cleanup
                0x00000000000006c0       0x10 out-vsel2/ldelf/sys.o
                0x00000000000006c0                sys_return_cleanup
 .text.sys_map_zi
                0x00000000000006d0       0x1c out-vsel2/ldelf/sys.o
                0x00000000000006d0                sys_map_zi
 .text.sys_unmap
                0x00000000000006ec        0x4 out-vsel2/ldelf/sys.o
                0x00000000000006ec                sys_unmap
 .text.sys_open_ta_bin
                0x00000000000006f0        0xc out-vsel2/ldelf/sys.o
                0x00000000000006f0                sys_open_ta_bin
 .text.sys_close_ta_bin
                0x00000000000006fc        0x8 out-vsel2/ldelf/sys.o
                0x00000000000006fc                sys_close_ta_bin
 .text.sys_map_ta_bin
                0x0000000000000704       0x1c out-vsel2/ldelf/sys.o
                0x0000000000000704                sys_map_ta_bin
 .text.sys_copy_from_ta_bin
                0x0000000000000720       0x14 out-vsel2/ldelf/sys.o
                0x0000000000000720                sys_copy_from_ta_bin
 .text.sys_set_prot
                0x0000000000000734        0x8 out-vsel2/ldelf/sys.o
                0x0000000000000734                sys_set_prot
 .text.sys_remap
                0x000000000000073c        0x4 out-vsel2/ldelf/sys.o
                0x000000000000073c                sys_remap
 .text.sys_gen_random_num
                0x0000000000000740        0x4 out-vsel2/ldelf/sys.o
                0x0000000000000740                sys_gen_random_num
 .text.check_range
                0x0000000000000744       0xa8 out-vsel2/ldelf/ta_elf.o
 .text.check_hashtab
                0x00000000000007ec       0x58 out-vsel2/ldelf/ta_elf.o
 .text.queue_elf_helper
                0x0000000000000844       0x68 out-vsel2/ldelf/ta_elf.o
 .text.add_segment
                0x00000000000008ac       0xd4 out-vsel2/ldelf/ta_elf.o
 .text.get_pad_begin
                0x0000000000000980       0x70 out-vsel2/ldelf/ta_elf.o
 .text.ta_elf_add_bti
                0x00000000000009f0       0x84 out-vsel2/ldelf/ta_elf.o
 .text.init_elf
                0x0000000000000a74      0x320 out-vsel2/ldelf/ta_elf.o
 .text.close_handle
                0x0000000000000d94       0x5c out-vsel2/ldelf/ta_elf.o
 .text.print_wrapper
                0x0000000000000df0       0xb0 out-vsel2/ldelf/ta_elf.o
 .text.check_phdr_in_range.constprop.0
                0x0000000000000ea0       0x74 out-vsel2/ldelf/ta_elf.o
 .text._assert_trap.constprop.0
                0x0000000000000f14       0x20 out-vsel2/ldelf/ta_elf.o
 .text.print_seg
                0x0000000000000f34      0x170 out-vsel2/ldelf/ta_elf.o
 .text.copy_section_headers
                0x00000000000010a4      0x114 out-vsel2/ldelf/ta_elf.o
 .text.populate_segments
                0x00000000000011b8      0x4dc out-vsel2/ldelf/ta_elf.o
 .text.map_segments
                0x0000000000001694      0x528 out-vsel2/ldelf/ta_elf.o
 .text.get_next_in_order
                0x0000000000001bbc       0xd4 out-vsel2/ldelf/ta_elf.o
 .text.read_dyn
                0x0000000000001c90       0x44 out-vsel2/ldelf/ta_elf.o
 .text.save_soname_from_segment
                0x0000000000001cd4      0x128 out-vsel2/ldelf/ta_elf.o
 .text.save_symtab
                0x0000000000001dfc      0x450 out-vsel2/ldelf/ta_elf.o
 .text.get_init_fini_array.constprop.0
                0x000000000000224c      0x164 out-vsel2/ldelf/ta_elf.o
 .text.elf_get_init_fini_array.constprop.0
                0x00000000000023b0       0x8c out-vsel2/ldelf/ta_elf.o
 .text.ta_elf_find_elf
                0x000000000000243c       0x48 out-vsel2/ldelf/ta_elf.o
                0x000000000000243c                ta_elf_find_elf
 .text.queue_elf
                0x0000000000002484       0x5c out-vsel2/ldelf/ta_elf.o
 .text.add_deps_from_segment
                0x00000000000024e0      0x218 out-vsel2/ldelf/ta_elf.o
 .text.add_dependencies
                0x00000000000026f8       0x80 out-vsel2/ldelf/ta_elf.o
 .text.ta_elf_load_main
                0x0000000000002778      0x504 out-vsel2/ldelf/ta_elf.o
                0x0000000000002778                ta_elf_load_main
 .text.ta_elf_load_dependency
                0x0000000000002c7c       0xec out-vsel2/ldelf/ta_elf.o
                0x0000000000002c7c                ta_elf_load_dependency
 .text.ta_elf_finalize_mappings
                0x0000000000002d68       0x90 out-vsel2/ldelf/ta_elf.o
                0x0000000000002d68                ta_elf_finalize_mappings
 .text.ta_elf_print_mappings
                0x0000000000002df8      0x2a8 out-vsel2/ldelf/ta_elf.o
                0x0000000000002df8                ta_elf_print_mappings
 .text.find_exidx
                0x00000000000030a0       0x84 out-vsel2/ldelf/ta_elf.o
                0x00000000000030a0                find_exidx
 .text.ta_elf_stack_trace_a32
                0x0000000000003124       0x88 out-vsel2/ldelf/ta_elf.o
                0x0000000000003124                ta_elf_stack_trace_a32
 .text.ta_elf_stack_trace_a64
                0x00000000000031ac       0x70 out-vsel2/ldelf/ta_elf.o
                0x00000000000031ac                ta_elf_stack_trace_a64
 .text.ta_elf_set_init_fini_info_compat
                0x000000000000321c      0x2e0 out-vsel2/ldelf/ta_elf.o
                0x000000000000321c                ta_elf_set_init_fini_info_compat
 .text.ta_elf_set_elf_phdr_info
                0x00000000000034fc      0x27c out-vsel2/ldelf/ta_elf.o
                0x00000000000034fc                ta_elf_set_elf_phdr_info
 .text.ta_elf_finalize_load_main
                0x0000000000003778       0xdc out-vsel2/ldelf/ta_elf.o
                0x0000000000003778                ta_elf_finalize_load_main
 .text.ta_elf_add_library
                0x0000000000003854       0xac out-vsel2/ldelf/ta_elf.o
                0x0000000000003854                ta_elf_add_library
 .text.check_found_sym
                0x0000000000003900      0x1d8 out-vsel2/ldelf/ta_elf_rel.o
 .text.resolve_sym_helper
                0x0000000000003ad8      0x228 out-vsel2/ldelf/ta_elf_rel.o
 .text.e32_get_sym_name.constprop.0.isra.0
                0x0000000000003d00       0xb0 out-vsel2/ldelf/ta_elf_rel.o
 .text.e64_get_sym_name.constprop.0.isra.0
                0x0000000000003db0       0xac out-vsel2/ldelf/ta_elf_rel.o
 .text.ta_elf_resolve_sym
                0x0000000000003e5c       0xb8 out-vsel2/ldelf/ta_elf_rel.o
                0x0000000000003e5c                ta_elf_resolve_sym
 .text.resolve_sym
                0x0000000000003f14       0x74 out-vsel2/ldelf/ta_elf_rel.o
 .text.e32_process_dyn_rel
                0x0000000000003f88       0x8c out-vsel2/ldelf/ta_elf_rel.o
 .text.e64_process_dyn_rela
                0x0000000000004014       0x8c out-vsel2/ldelf/ta_elf_rel.o
 .text.e64_process_tls_tprel_rela
                0x00000000000040a0       0xb4 out-vsel2/ldelf/ta_elf_rel.o
 .text.ta_elf_relocate
                0x0000000000004154      0x900 out-vsel2/ldelf/ta_elf_rel.o
                0x0000000000004154                ta_elf_relocate
 .text.pop_vsp  0x0000000000004a54       0x5c out-vsel2/ldelf-lib/libunw/libunw.a(unwind_arm32.o)
 .text.unwind_exec_read_byte
                0x0000000000004ab0       0xc4 out-vsel2/ldelf-lib/libunw/libunw.a(unwind_arm32.o)
 .text.unwind_stack_arm32
                0x0000000000004b74      0x49c out-vsel2/ldelf-lib/libunw/libunw.a(unwind_arm32.o)
                0x0000000000004b74                unwind_stack_arm32
 .text.print_stack_arm32
                0x0000000000005010       0x84 out-vsel2/ldelf-lib/libunw/libunw.a(unwind_arm32.o)
                0x0000000000005010                print_stack_arm32
 .text.ftrace_map_lr
                0x0000000000005094        0x4 out-vsel2/ldelf-lib/libunw/libunw.a(unwind_arm64.o)
                0x0000000000005094                ftrace_map_lr
 .text.pauth_strip_pac
                0x0000000000005098        0x4 out-vsel2/ldelf-lib/libunw/libunw.a(unwind_arm64.o)
                0x0000000000005098                pauth_strip_pac
 .text.unwind_stack_arm64
                0x000000000000509c       0x9c out-vsel2/ldelf-lib/libunw/libunw.a(unwind_arm64.o)
                0x000000000000509c                unwind_stack_arm64
 .text.print_stack_arm64
                0x0000000000005138       0x90 out-vsel2/ldelf-lib/libunw/libunw.a(unwind_arm64.o)
                0x0000000000005138                print_stack_arm64
 .text._assert_log
                0x00000000000051c8       0x44 out-vsel2/ldelf-lib/libutee/libutee.a(assert.o)
                0x00000000000051c8                _assert_log
 .text._assert_break
                0x000000000000520c       0x14 out-vsel2/ldelf-lib/libutee/libutee.a(assert.o)
                0x000000000000520c                _assert_break
 .text.parse_hex
                0x0000000000005220       0x8c out-vsel2/ldelf-lib/libutee/libutee.a(tee_uuid_from_str.o)
 .text.tee_uuid_from_str
                0x00000000000052ac      0x18c out-vsel2/ldelf-lib/libutee/libutee.a(tee_uuid_from_str.o)
                0x00000000000052ac                tee_uuid_from_str
 .text._utee_panic
                0x0000000000005438        0xc out-vsel2/ldelf-lib/libutee/libutee.a(utee_syscalls_a64.o)
                0x0000000000005438                _utee_panic
 .text.__utee_panic
                0x0000000000005444        0xc out-vsel2/ldelf-lib/libutee/libutee.a(utee_syscalls_a64.o)
                0x0000000000005444                __utee_panic
 .text._assert_trap
                0x0000000000005450       0x10 out-vsel2/ldelf-lib/libutils/libutils.a(bget_malloc.o)
 .text.update_free2_sum
                0x0000000000005460       0x98 out-vsel2/ldelf-lib/libutils/libutils.a(bget_malloc.o)
 .text.bget_buf_size
                0x00000000000054f8       0x40 out-vsel2/ldelf-lib/libutils/libutils.a(bget_malloc.o)
 .text.bget     0x0000000000005538      0x2fc out-vsel2/ldelf-lib/libutils/libutils.a(bget_malloc.o)
                0x0000000000005538                bget
 .text.bgetz    0x0000000000005834       0x84 out-vsel2/ldelf-lib/libutils/libutils.a(bget_malloc.o)
                0x0000000000005834                bgetz
 .text.brel     0x00000000000058b8      0x2e0 out-vsel2/ldelf-lib/libutils/libutils.a(bget_malloc.o)
                0x00000000000058b8                brel
 .text.raw_malloc_flags.part.0
                0x0000000000005b98      0x164 out-vsel2/ldelf-lib/libutils/libutils.a(bget_malloc.o)
 .text.bpool    0x0000000000005cfc       0xe0 out-vsel2/ldelf-lib/libutils/libutils.a(bget_malloc.o)
                0x0000000000005cfc                bpool
 .text.raw_malloc_flags
                0x0000000000005ddc       0x1c out-vsel2/ldelf-lib/libutils/libutils.a(bget_malloc.o)
                0x0000000000005ddc                raw_malloc_flags
 .text.raw_free
                0x0000000000005df8       0x44 out-vsel2/ldelf-lib/libutils/libutils.a(bget_malloc.o)
                0x0000000000005df8                raw_free
 .text.free_flags
                0x0000000000005e3c       0x18 out-vsel2/ldelf-lib/libutils/libutils.a(bget_malloc.o)
                0x0000000000005e3c                free_flags
 .text.malloc   0x0000000000005e54       0x28 out-vsel2/ldelf-lib/libutils/libutils.a(bget_malloc.o)
                0x0000000000005e54                malloc
 .text.calloc   0x0000000000005e7c       0x28 out-vsel2/ldelf-lib/libutils/libutils.a(bget_malloc.o)
                0x0000000000005e7c                calloc
 .text.realloc  0x0000000000005ea4       0x28 out-vsel2/ldelf-lib/libutils/libutils.a(bget_malloc.o)
                0x0000000000005ea4                realloc
 .text.free     0x0000000000005ecc        0xc out-vsel2/ldelf-lib/libutils/libutils.a(bget_malloc.o)
                0x0000000000005ecc                free
 .text.raw_malloc_add_pool
                0x0000000000005ed8       0xdc out-vsel2/ldelf-lib/libutils/libutils.a(bget_malloc.o)
                0x0000000000005ed8                raw_malloc_add_pool
 .text.malloc_add_pool
                0x0000000000005fb4       0x14 out-vsel2/ldelf-lib/libutils/libutils.a(bget_malloc.o)
                0x0000000000005fb4                malloc_add_pool
 .text.isxdigit
                0x0000000000005fc8       0x28 out-vsel2/ldelf-lib/libutils/libutils.a(isxdigit.o)
                0x0000000000005fc8                isxdigit
 .text.snprintf
                0x0000000000005ff0       0xb8 out-vsel2/ldelf-lib/libutils/libutils.a(snprintf.o)
                0x0000000000005ff0                snprintf
 .text.__stack_chk_fail
                0x00000000000060a8       0x30 out-vsel2/ldelf-lib/libutils/libutils.a(stack_check.o)
                0x00000000000060a8                __stack_chk_fail
 .text.tolower  0x00000000000060d8       0x14 out-vsel2/ldelf-lib/libutils/libutils.a(tolower.o)
                0x00000000000060d8                tolower
 .text.memcmp   0x00000000000060ec       0x34 out-vsel2/ldelf-lib/libutils/libutils.a(memcmp.o)
                0x00000000000060ec                memcmp
 .text.memset   0x0000000000006120       0x1c out-vsel2/ldelf-lib/libutils/libutils.a(memset.o)
                0x0000000000006120                memset
 .text.strcmp   0x000000000000613c       0x24 out-vsel2/ldelf-lib/libutils/libutils.a(strcmp.o)
                0x000000000000613c                strcmp
 .text.strcpy   0x0000000000006160       0x18 out-vsel2/ldelf-lib/libutils/libutils.a(strcpy.o)
                0x0000000000006160                strcpy
 .text.strnlen  0x0000000000006178       0x28 out-vsel2/ldelf-lib/libutils/libutils.a(strnlen.o)
                0x0000000000006178                strnlen
 .text.__vsnprintf
                0x00000000000061a0       0xcc out-vsel2/ldelf-lib/libutils/libutils.a(snprintk.o)
                0x00000000000061a0                __vsnprintf
 .text.vsnprintk
                0x000000000000626c       0x58 out-vsel2/ldelf-lib/libutils/libutils.a(snprintk.o)
                0x000000000000626c                vsnprintk
 .text.snprintk
                0x00000000000062c4       0xb4 out-vsel2/ldelf-lib/libutils/libutils.a(snprintk.o)
                0x00000000000062c4                snprintk
 .text.kprintf.constprop.0
                0x0000000000006378      0xbc0 out-vsel2/ldelf-lib/libutils/libutils.a(snprintk.o)
 .text.trace_vprintf
                0x0000000000006f38      0x224 out-vsel2/ldelf-lib/libutils/libutils.a(trace.o)
                0x0000000000006f38                trace_vprintf
 .text.trace_printf
                0x000000000000715c       0xc8 out-vsel2/ldelf-lib/libutils/libutils.a(trace.o)
                0x000000000000715c                trace_printf
 .text.memchr   0x0000000000007224       0x2c out-vsel2/ldelf-lib/libutils/libutils.a(memchr.o)
                0x0000000000007224                memchr
 .text.strlen   0x0000000000007250       0x1c out-vsel2/ldelf-lib/libutils/libutils.a(strlen.o)
                0x0000000000007250                strlen
 .text.trace_ext_puts
                0x000000000000726c       0x28 out-vsel2/ldelf-lib/libutee/libutee.a(trace_ext.o)
                0x000000000000726c                trace_ext_puts
 .text.trace_ext_get_thread_id
                0x0000000000007294        0x8 out-vsel2/ldelf-lib/libutee/libutee.a(trace_ext.o)
                0x0000000000007294                trace_ext_get_thread_id
 *(SORT_BY_ALIGNMENT(.stub))
 *(SORT_BY_ALIGNMENT(.glue_7))
 *(SORT_BY_ALIGNMENT(.glue_7t))
 *(SORT_BY_ALIGNMENT(.gnu.linkonce.t.*))
 *(SORT_BY_ALIGNMENT(.vfp11_veneer))
                0x000000000000729c                __text_end = .

.note.gnu.property
 *(SORT_BY_ALIGNMENT(.note.gnu.property))

.plt            0x000000000000729c        0x0
 *(SORT_BY_ALIGNMENT(.plt))
 .plt           0x000000000000729c        0x0 out-vsel2/ldelf/start_a64.o

.eh_frame
 *(SORT_BY_ALIGNMENT(.eh_frame))

.rodata         0x000000000000729c     0x127c
 *(SORT_BY_ALIGNMENT(.gnu.linkonce.r.*))
 *(SORT_BY_ALIGNMENT(.rodata) SORT_BY_ALIGNMENT(.rodata.*))
 .rodata.ta_elf_relocate
                0x000000000000729c       0x1f out-vsel2/ldelf/ta_elf_rel.o
 *fill*         0x00000000000072bb        0x1 
 .rodata.kprintf.constprop.0
                0x00000000000072bc       0x8a out-vsel2/ldelf-lib/libutils/libutils.a(snprintk.o)
 .rodata.dump_ta_state.str1.1
                0x0000000000007346       0x49 out-vsel2/ldelf/main.o
 .rodata.ldelf.str1.1
                0x000000000000738f       0x1b out-vsel2/ldelf/main.o
 .rodata.__func__.0
                0x00000000000073aa        0xe out-vsel2/ldelf/main.o
 .rodata.__func__.1
                0x00000000000073b8        0x6 out-vsel2/ldelf/main.o
 .rodata.__panic.str1.1
                0x00000000000073be       0x22 out-vsel2/ldelf/sys.o
                                         0x23 (size before relaxing)
 .rodata.trace_ext_prefix
                0x00000000000073e0        0x3 out-vsel2/ldelf/sys.o
                0x00000000000073e0                trace_ext_prefix
 .rodata.check_range.str1.1
                0x00000000000073e3       0x3e out-vsel2/ldelf/ta_elf.o
 .rodata.check_hashtab.str1.1
                0x0000000000007421       0x24 out-vsel2/ldelf/ta_elf.o
 .rodata.add_segment.str1.1
                0x0000000000007445       0x21 out-vsel2/ldelf/ta_elf.o
 .rodata.ta_elf_add_bti.str1.1
                0x0000000000007466        0xd out-vsel2/ldelf/ta_elf.o
 .rodata.init_elf.str1.1
                0x0000000000007473       0x81 out-vsel2/ldelf/ta_elf.o
 .rodata.close_handle.str1.1
                0x00000000000074f4       0x11 out-vsel2/ldelf/ta_elf.o
 .rodata.check_phdr_in_range.constprop.0.str1.1
                0x0000000000007505       0x3d out-vsel2/ldelf/ta_elf.o
 .rodata._assert_trap.constprop.0.str1.1
                0x0000000000007542        0xf out-vsel2/ldelf/ta_elf.o
 .rodata.print_seg.str1.1
                0x0000000000007551       0x5d out-vsel2/ldelf/ta_elf.o
 .rodata.copy_section_headers.str1.1
                0x00000000000075ae       0x2a out-vsel2/ldelf/ta_elf.o
 .rodata.populate_segments.str1.1
                0x00000000000075d8       0x7b out-vsel2/ldelf/ta_elf.o
 .rodata.map_segments.str1.1
                0x0000000000007653      0x1b5 out-vsel2/ldelf/ta_elf.o
 .rodata.get_next_in_order.str1.1
                0x0000000000007808       0x35 out-vsel2/ldelf/ta_elf.o
 .rodata.save_soname_from_segment.str1.1
                0x000000000000783d       0x17 out-vsel2/ldelf/ta_elf.o
 .rodata.save_symtab.str1.1
                0x0000000000007854      0x174 out-vsel2/ldelf/ta_elf.o
 .rodata.queue_elf.str1.1
                0x00000000000079c8       0x11 out-vsel2/ldelf/ta_elf.o
 .rodata.add_deps_from_segment.str1.1
                0x00000000000079d9       0x45 out-vsel2/ldelf/ta_elf.o
 .rodata.ta_elf_load_main.str1.1
                0x0000000000007a1e       0x7c out-vsel2/ldelf/ta_elf.o
                                         0x8b (size before relaxing)
 .rodata.ta_elf_load_dependency.str1.1
                0x0000000000007a9a       0x26 out-vsel2/ldelf/ta_elf.o
                                         0x29 (size before relaxing)
 .rodata.ta_elf_print_mappings.str1.1
                0x0000000000007ac0       0x2e out-vsel2/ldelf/ta_elf.o
 .rodata.ta_elf_set_init_fini_info_compat.str1.1
                0x0000000000007aee       0x41 out-vsel2/ldelf/ta_elf.o
 .rodata.ta_elf_set_elf_phdr_info.str1.1
                0x0000000000007b2f       0x36 out-vsel2/ldelf/ta_elf.o
 .rodata.ta_elf_finalize_load_main.str1.1
                0x0000000000007b65       0x3a out-vsel2/ldelf/ta_elf.o
                                         0x47 (size before relaxing)
 .rodata.__func__.0
                0x0000000000007b9f       0x13 out-vsel2/ldelf/ta_elf.o
 .rodata.__func__.1
                0x0000000000007bb2       0x19 out-vsel2/ldelf/ta_elf.o
 .rodata.__func__.10
                0x0000000000007bcb       0x1a out-vsel2/ldelf/ta_elf.o
 .rodata.__func__.11
                0x0000000000007be5        0xd out-vsel2/ldelf/ta_elf.o
 .rodata.__func__.12
                0x0000000000007bf2       0x19 out-vsel2/ldelf/ta_elf.o
 .rodata.__func__.13
                0x0000000000007c0b       0x12 out-vsel2/ldelf/ta_elf.o
 .rodata.__func__.14
                0x0000000000007c1d        0xe out-vsel2/ldelf/ta_elf.o
 .rodata.__func__.15
                0x0000000000007c2b       0x10 out-vsel2/ldelf/ta_elf.o
 .rodata.__func__.16
                0x0000000000007c3b       0x10 out-vsel2/ldelf/ta_elf.o
 .rodata.__func__.17
                0x0000000000007c4b       0x15 out-vsel2/ldelf/ta_elf.o
 .rodata.__func__.18
                0x0000000000007c60        0xc out-vsel2/ldelf/ta_elf.o
 .rodata.__func__.19
                0x0000000000007c6c       0x14 out-vsel2/ldelf/ta_elf.o
 .rodata.__func__.2
                0x0000000000007c80       0x14 out-vsel2/ldelf/ta_elf.o
 .rodata.__func__.20
                0x0000000000007c94       0x16 out-vsel2/ldelf/ta_elf.o
 .rodata.__func__.21
                0x0000000000007caa       0x19 out-vsel2/ldelf/ta_elf.o
 .rodata.__func__.22
                0x0000000000007cc3       0x10 out-vsel2/ldelf/ta_elf.o
 .rodata.__func__.23
                0x0000000000007cd3        0xc out-vsel2/ldelf/ta_elf.o
 .rodata.__func__.24
                0x0000000000007cdf       0x12 out-vsel2/ldelf/ta_elf.o
 .rodata.__func__.26
                0x0000000000007cf1        0xd out-vsel2/ldelf/ta_elf.o
 .rodata.__func__.27
                0x0000000000007cfe        0x9 out-vsel2/ldelf/ta_elf.o
 .rodata.__func__.28
                0x0000000000007d07       0x14 out-vsel2/ldelf/ta_elf.o
 .rodata.__func__.29
                0x0000000000007d1b        0xf out-vsel2/ldelf/ta_elf.o
 .rodata.__func__.3
                0x0000000000007d2a        0x9 out-vsel2/ldelf/ta_elf.o
 .rodata.__func__.31
                0x0000000000007d33       0x11 out-vsel2/ldelf/ta_elf.o
 .rodata.__func__.32
                0x0000000000007d44       0x12 out-vsel2/ldelf/ta_elf.o
 .rodata.__func__.33
                0x0000000000007d56        0xa out-vsel2/ldelf/ta_elf.o
 .rodata.__func__.34
                0x0000000000007d60        0xa out-vsel2/ldelf/ta_elf.o
 .rodata.__func__.35
                0x0000000000007d6a       0x11 out-vsel2/ldelf/ta_elf.o
 .rodata.__func__.4
                0x0000000000007d7b       0x21 out-vsel2/ldelf/ta_elf.o
 .rodata.__func__.5
                0x0000000000007d9c       0x12 out-vsel2/ldelf/ta_elf.o
 .rodata.__func__.7
                0x0000000000007dae       0x16 out-vsel2/ldelf/ta_elf.o
 .rodata.__func__.8
                0x0000000000007dc4       0x19 out-vsel2/ldelf/ta_elf.o
 .rodata.__func__.9
                0x0000000000007ddd       0x17 out-vsel2/ldelf/ta_elf.o
 .rodata.check_found_sym.str1.1
                0x0000000000007df4       0x63 out-vsel2/ldelf/ta_elf_rel.o
 .rodata.e32_get_sym_name.constprop.0.isra.0.str1.1
                0x0000000000007e57       0x32 out-vsel2/ldelf/ta_elf_rel.o
 .rodata.resolve_sym.str1.1
                0x0000000000007e89       0x14 out-vsel2/ldelf/ta_elf_rel.o
 .rodata.ta_elf_relocate.str1.1
                0x0000000000007e9d      0x1ef out-vsel2/ldelf/ta_elf_rel.o
                                        0x203 (size before relaxing)
 .rodata.__func__.0
                0x000000000000808c       0x11 out-vsel2/ldelf/ta_elf_rel.o
 .rodata.__func__.1
                0x000000000000809d        0xd out-vsel2/ldelf/ta_elf_rel.o
 .rodata.__func__.2
                0x00000000000080aa       0x13 out-vsel2/ldelf/ta_elf_rel.o
 .rodata.__func__.3
                0x00000000000080bd        0xc out-vsel2/ldelf/ta_elf_rel.o
 .rodata.__func__.4
                0x00000000000080c9       0x11 out-vsel2/ldelf/ta_elf_rel.o
 .rodata.__func__.5
                0x00000000000080da        0xd out-vsel2/ldelf/ta_elf_rel.o
 .rodata.__func__.6
                0x00000000000080e7        0xc out-vsel2/ldelf/ta_elf_rel.o
 .rodata.__func__.7
                0x00000000000080f3       0x10 out-vsel2/ldelf/ta_elf_rel.o
 .rodata.__func__.8
                0x0000000000008103       0x13 out-vsel2/ldelf/ta_elf_rel.o
 .rodata.print_stack_arm32.str1.1
                0x0000000000008116       0x14 out-vsel2/ldelf-lib/libunw/libunw.a(unwind_arm32.o)
 .rodata.print_stack_arm64.str1.1
                0x000000000000812a        0x9 out-vsel2/ldelf-lib/libunw/libunw.a(unwind_arm64.o)
                                         0x15 (size before relaxing)
 .rodata._assert_log.str1.1
                0x0000000000008133       0x27 out-vsel2/ldelf-lib/libutee/libutee.a(assert.o)
 .rodata.update_free2_sum.str1.1
                0x000000000000815a       0x56 out-vsel2/ldelf-lib/libutils/libutils.a(bget_malloc.o)
 .rodata.bget_buf_size.str1.1
                0x00000000000081b0       0x2a out-vsel2/ldelf-lib/libutils/libutils.a(bget_malloc.o)
 .rodata.bget.str1.1
                0x00000000000081da      0x105 out-vsel2/ldelf-lib/libutils/libutils.a(bget_malloc.o)
                                        0x10e (size before relaxing)
 .rodata.bgetz.str1.1
                0x00000000000082df        0xe out-vsel2/ldelf-lib/libutils/libutils.a(bget_malloc.o)
 .rodata.brel.str1.1
                0x00000000000082ed      0x11c out-vsel2/ldelf-lib/libutils/libutils.a(bget_malloc.o)
 .rodata.bpool.str1.1
                0x0000000000008409       0x35 out-vsel2/ldelf-lib/libutils/libutils.a(bget_malloc.o)
 .rodata.raw_malloc_add_pool.str1.1
                0x000000000000843e       0x35 out-vsel2/ldelf-lib/libutils/libutils.a(bget_malloc.o)
                                          0x2 (size before relaxing)
 .rodata.__func__.1
                0x000000000000843e       0x14 out-vsel2/ldelf-lib/libutils/libutils.a(bget_malloc.o)
 .rodata.__func__.2
                0x0000000000008452        0xe out-vsel2/ldelf-lib/libutils/libutils.a(bget_malloc.o)
 .rodata.__func__.4
                0x0000000000008460        0x6 out-vsel2/ldelf-lib/libutils/libutils.a(bget_malloc.o)
 .rodata.__func__.5
                0x0000000000008466        0x5 out-vsel2/ldelf-lib/libutils/libutils.a(bget_malloc.o)
 .rodata.__func__.7
                0x000000000000846b        0x6 out-vsel2/ldelf-lib/libutils/libutils.a(bget_malloc.o)
 .rodata.__func__.8
                0x0000000000008471       0x11 out-vsel2/ldelf-lib/libutils/libutils.a(bget_malloc.o)
 .rodata.__func__.9
                0x0000000000008482        0x5 out-vsel2/ldelf-lib/libutils/libutils.a(bget_malloc.o)
 .rodata.__stack_chk_fail.str1.1
                0x0000000000008487       0x18 out-vsel2/ldelf-lib/libutils/libutils.a(stack_check.o)
 .rodata.kprintf.constprop.0.str1.1
                0x000000000000849f       0x38 out-vsel2/ldelf-lib/libutils/libutils.a(snprintk.o)
 .rodata.HEXDIGITS
                0x00000000000084d7       0x11 out-vsel2/ldelf-lib/libutils/libutils.a(snprintk.o)
 .rodata.hexdigits
                0x00000000000084e8       0x11 out-vsel2/ldelf-lib/libutils/libutils.a(snprintk.o)
 .rodata.trace_vprintf.str1.1
                0x00000000000084f9       0x1a out-vsel2/ldelf-lib/libutils/libutils.a(trace.o)
                                         0x1b (size before relaxing)
 .rodata.lvl_strs.0
                0x0000000000008513        0x5 out-vsel2/ldelf-lib/libutils/libutils.a(trace.o)

.gnu.version_d  0x0000000000008518        0x0
 .gnu.version_d
                0x0000000000008518        0x0 out-vsel2/ldelf/start_a64.o

.gnu.version    0x0000000000008518        0x0
 .gnu.version   0x0000000000008518        0x0 out-vsel2/ldelf/start_a64.o

.gnu.version_r  0x0000000000008518        0x0
 .gnu.version_r
                0x0000000000008518        0x0 out-vsel2/ldelf/start_a64.o

.gnu.hash       0x0000000000008518       0x1c
 .gnu.hash      0x0000000000008518       0x1c out-vsel2/ldelf/start_a64.o

.ARM.exidx
 *(SORT_BY_ALIGNMENT(.ARM.exidx*) SORT_BY_ALIGNMENT(.gnu.linkonce.armexidx.*))

.ARM.extab
 *(SORT_BY_ALIGNMENT(.ARM.extab*))

.ctors
 *(SORT_BY_ALIGNMENT(.ctors))

.dtors
 *(SORT_BY_ALIGNMENT(.dtors))

.dynsym         0x0000000000008538       0x48
 *(SORT_BY_ALIGNMENT(.dynsym))
 .dynsym        0x0000000000008538       0x48 out-vsel2/ldelf/start_a64.o

.dynstr         0x0000000000008580        0x1
 *(SORT_BY_ALIGNMENT(.dynstr))
 .dynstr        0x0000000000008580        0x1 out-vsel2/ldelf/start_a64.o

.hash           0x0000000000008588       0x18
 *(SORT_BY_ALIGNMENT(.hash))
 .hash          0x0000000000008588       0x18 out-vsel2/ldelf/start_a64.o
                0x00000000000085a0                . = ALIGN (0x8)
                0x00000000000085a0                __reloc_begin = .

.rel.got
 *(SORT_BY_ALIGNMENT(.rel.got))

.rela.got       0x00000000000085a0       0x78
 *(SORT_BY_ALIGNMENT(.rela.got))
 .rela.got      0x00000000000085a0       0x78 out-vsel2/ldelf/start_a64.o

.rel.text
 *(SORT_BY_ALIGNMENT(.rel.text))
 *(SORT_BY_ALIGNMENT(.rel.gnu.linkonce.t*))

.rela.text
 *(SORT_BY_ALIGNMENT(.rela.text))
 *(SORT_BY_ALIGNMENT(.rela.gnu.linkonce.t*))

.rel.data
 *(SORT_BY_ALIGNMENT(.rel.data))
 *(SORT_BY_ALIGNMENT(.rel.gnu.linkonce.d*))

.rela.data
 *(SORT_BY_ALIGNMENT(.rela.data))
 *(SORT_BY_ALIGNMENT(.rela.gnu.linkonce.d*))

.rel.rodata
 *(SORT_BY_ALIGNMENT(.rel.rodata))
 *(SORT_BY_ALIGNMENT(.rel.gnu.linkonce.r*))

.rela.rodata
 *(SORT_BY_ALIGNMENT(.rela.rodata))
 *(SORT_BY_ALIGNMENT(.rela.gnu.linkonce.r*))

.rel.dyn
 *(SORT_BY_ALIGNMENT(.rel.dyn))

.rela.dyn       0x0000000000008618       0x48
 *(SORT_BY_ALIGNMENT(.rela.dyn))
 .rela.data.rel.ro
                0x0000000000008618        0x0 out-vsel2/ldelf/start_a64.o
 .rela.ifunc    0x0000000000008618        0x0 out-vsel2/ldelf/start_a64.o
 .rela.data.rel.local.main_elf_queue
                0x0000000000008618       0x18 out-vsel2/ldelf/start_a64.o
 .rela.data.rel.local.malloc_ctx
                0x0000000000008630       0x30 out-vsel2/ldelf/start_a64.o

.rel.ctors
 *(SORT_BY_ALIGNMENT(.rel.ctors))

.rela.ctors
 *(SORT_BY_ALIGNMENT(.rela.ctors))

.rel.dtors
 *(SORT_BY_ALIGNMENT(.rel.dtors))

.rela.dtors
 *(SORT_BY_ALIGNMENT(.rela.dtors))

.rel.init
 *(SORT_BY_ALIGNMENT(.rel.init))

.rela.init
 *(SORT_BY_ALIGNMENT(.rela.init))

.rel.fini
 *(SORT_BY_ALIGNMENT(.rel.fini))

.rela.fini
 *(SORT_BY_ALIGNMENT(.rela.fini))

.rel.bss
 *(SORT_BY_ALIGNMENT(.rel.bss))

.rela.bss       0x0000000000008660        0x0
 *(SORT_BY_ALIGNMENT(.rela.bss))
 .rela.bss      0x0000000000008660        0x0 out-vsel2/ldelf/start_a64.o

.rel.plt
 *(SORT_BY_ALIGNMENT(.rel.plt))

.rela.plt       0x0000000000008660        0x0
 *(SORT_BY_ALIGNMENT(.rela.plt))
 .rela.plt      0x0000000000008660        0x0 out-vsel2/ldelf/start_a64.o
                0x0000000000008660                __reloc_end = .
                0x0000000000009000                . = ALIGN (0x1000)

.dynamic        0x0000000000009000      0x110
 *(SORT_BY_ALIGNMENT(.dynamic))
 .dynamic       0x0000000000009000      0x110 out-vsel2/ldelf/start_a64.o
                0x0000000000009000                _DYNAMIC

.got            0x0000000000009110       0x48
 *(SORT_BY_ALIGNMENT(.got.plt))
 .got.plt       0x0000000000009110       0x18 out-vsel2/ldelf/start_a64.o
 *(SORT_BY_ALIGNMENT(.got))
 .got           0x0000000000009128       0x30 out-vsel2/ldelf/start_a64.o
                0x0000000000009128                _GLOBAL_OFFSET_TABLE_

.data           0x0000000000009158       0xbc
 *(SORT_BY_ALIGNMENT(.data) SORT_BY_ALIGNMENT(.data.*) SORT_BY_ALIGNMENT(.gnu.linkonce.d.*))
 .data.last_tls_mod_id.25
                0x0000000000009158        0x8 out-vsel2/ldelf/ta_elf.o
 .data.next_offs.30
                0x0000000000009160        0x8 out-vsel2/ldelf/ta_elf.o
 .data.rel.local.main_elf_queue
                0x0000000000009168       0x10 out-vsel2/ldelf/ta_elf.o
                0x0000000000009168                main_elf_queue
 .data.rel.local.malloc_ctx
                0x0000000000009178       0x90 out-vsel2/ldelf-lib/libutils/libutils.a(bget_malloc.o)
 .data.__stack_chk_guard
                0x0000000000009208        0x8 out-vsel2/ldelf-lib/libutils/libutils.a(stack_check.o)
                0x0000000000009208                __stack_chk_guard
 .data.trace_level
                0x0000000000009210        0x4 out-vsel2/ldelf/sys.o
                0x0000000000009210                trace_level
 .data.rel.ro   0x0000000000009214        0x0 out-vsel2/ldelf/start_a64.o

.bss            0x0000000000009218       0x18
 *(SORT_BY_ALIGNMENT(.bss) SORT_BY_ALIGNMENT(.bss.*) SORT_BY_ALIGNMENT(.gnu.linkonce.b.*) SORT_BY_ALIGNMENT(COMMON))
 .bss.mpool_base
                0x0000000000009218        0x8 out-vsel2/ldelf/main.o
 .bss.ta_stack  0x0000000000009220        0x8 out-vsel2/ldelf/ta_elf.o
 .bss.ta_stack_size
                0x0000000000009228        0x8 out-vsel2/ldelf/ta_elf.o

.dynbss         0x0000000000009230        0x0
 .dynbss        0x0000000000009230        0x0 out-vsel2/ldelf/start_a64.o

/DISCARD/
 *(SORT_BY_ALIGNMENT(.interp))
                0x0000000000009230                __end = .
LOAD out-vsel2/ldelf/start_a64.o
LOAD out-vsel2/ldelf/syscalls_a64.o
LOAD out-vsel2/ldelf/tlsdesc_rel_a64.o
LOAD out-vsel2/ldelf/dl.o
LOAD out-vsel2/ldelf/main.o
LOAD out-vsel2/ldelf/sys.o
LOAD out-vsel2/ldelf/ta_elf.o
LOAD out-vsel2/ldelf/ta_elf_rel.o
START GROUP
LOAD out-vsel2/ldelf-lib/libunw/libunw.a
LOAD out-vsel2/ldelf-lib/libutee/libutee.a
LOAD out-vsel2/ldelf-lib/libutils/libutils.a
END GROUP
OUTPUT(out-vsel2/ldelf/ldelf.elf elf64-littleaarch64)
LOAD linker stubs

.debug_line     0x0000000000000000     0x7992
 .debug_line    0x0000000000000000       0x5b out-vsel2/ldelf/start_a64.o
 .debug_line    0x000000000000005b      0x156 out-vsel2/ldelf/syscalls_a64.o
 .debug_line    0x00000000000001b1       0x4c out-vsel2/ldelf/tlsdesc_rel_a64.o
 .debug_line    0x00000000000001fd      0x1e7 out-vsel2/ldelf/dl.o
 .debug_line    0x00000000000003e4      0x32a out-vsel2/ldelf/main.o
 .debug_line    0x000000000000070e      0x299 out-vsel2/ldelf/sys.o
 .debug_line    0x00000000000009a7     0x276d out-vsel2/ldelf/ta_elf.o
 .debug_line    0x0000000000003114      0xe4f out-vsel2/ldelf/ta_elf_rel.o
 .debug_line    0x0000000000003f63      0x642 out-vsel2/ldelf-lib/libunw/libunw.a(unwind_arm32.o)
 .debug_line    0x00000000000045a5      0x225 out-vsel2/ldelf-lib/libunw/libunw.a(unwind_arm64.o)
 .debug_line    0x00000000000047ca       0xe2 out-vsel2/ldelf-lib/libutee/libutee.a(assert.o)
 .debug_line    0x00000000000048ac      0x28f out-vsel2/ldelf-lib/libutee/libutee.a(tee_uuid_from_str.o)
 .debug_line    0x0000000000004b3b      0x53c out-vsel2/ldelf-lib/libutee/libutee.a(utee_syscalls_a64.o)
 .debug_line    0x0000000000005077     0x12a3 out-vsel2/ldelf-lib/libutils/libutils.a(bget_malloc.o)
 .debug_line    0x000000000000631a       0x6c out-vsel2/ldelf-lib/libutils/libutils.a(isxdigit.o)
 .debug_line    0x0000000000006386      0x135 out-vsel2/ldelf-lib/libutils/libutils.a(snprintf.o)
 .debug_line    0x00000000000064bb       0xc5 out-vsel2/ldelf-lib/libutils/libutils.a(stack_check.o)
 .debug_line    0x0000000000006580       0x64 out-vsel2/ldelf-lib/libutils/libutils.a(tolower.o)
 .debug_line    0x00000000000065e4       0xc6 out-vsel2/ldelf-lib/libutils/libutils.a(memcmp.o)
 .debug_line    0x00000000000066aa      0x163 out-vsel2/ldelf-lib/libutils/libutils.a(memcpy.o)
 .debug_line    0x000000000000680d       0xb5 out-vsel2/ldelf-lib/libutils/libutils.a(memset.o)
 .debug_line    0x00000000000068c2       0x82 out-vsel2/ldelf-lib/libutils/libutils.a(strcmp.o)
 .debug_line    0x0000000000006944       0x8d out-vsel2/ldelf-lib/libutils/libutils.a(strcpy.o)
 .debug_line    0x00000000000069d1       0xbc out-vsel2/ldelf-lib/libutils/libutils.a(strnlen.o)
 .debug_line    0x0000000000006a8d      0x887 out-vsel2/ldelf-lib/libutils/libutils.a(snprintk.o)
 .debug_line    0x0000000000007314      0x2eb out-vsel2/ldelf-lib/libutils/libutils.a(trace.o)
 .debug_line    0x00000000000075ff       0xbe out-vsel2/ldelf-lib/libutils/libutils.a(memchr.o)
 .debug_line    0x00000000000076bd       0xb3 out-vsel2/ldelf-lib/libutils/libutils.a(strlen.o)
 .debug_line    0x0000000000007770      0x222 out-vsel2/ldelf-lib/libutee/libutee.a(trace_ext.o)

.debug_info     0x0000000000000000    0x12823
 .debug_info    0x0000000000000000       0x2e out-vsel2/ldelf/start_a64.o
 .debug_info    0x000000000000002e       0x22 out-vsel2/ldelf/syscalls_a64.o
 .debug_info    0x0000000000000050       0x2e out-vsel2/ldelf/tlsdesc_rel_a64.o
 .debug_info    0x000000000000007e      0x80b out-vsel2/ldelf/dl.o
 .debug_info    0x0000000000000889     0x10c5 out-vsel2/ldelf/main.o
 .debug_info    0x000000000000194e      0x9db out-vsel2/ldelf/sys.o
 .debug_info    0x0000000000002329     0x64bd out-vsel2/ldelf/ta_elf.o
 .debug_info    0x00000000000087e6     0x2945 out-vsel2/ldelf/ta_elf_rel.o
 .debug_info    0x000000000000b12b      0xb32 out-vsel2/ldelf-lib/libunw/libunw.a(unwind_arm32.o)
 .debug_info    0x000000000000bc5d      0x488 out-vsel2/ldelf-lib/libunw/libunw.a(unwind_arm64.o)
 .debug_info    0x000000000000c0e5      0x1cd out-vsel2/ldelf-lib/libutee/libutee.a(assert.o)
 .debug_info    0x000000000000c2b2      0x44d out-vsel2/ldelf-lib/libutee/libutee.a(tee_uuid_from_str.o)
 .debug_info    0x000000000000c6ff       0x22 out-vsel2/ldelf-lib/libutee/libutee.a(utee_syscalls_a64.o)
 .debug_info    0x000000000000c721     0x3f30 out-vsel2/ldelf-lib/libutils/libutils.a(bget_malloc.o)
 .debug_info    0x0000000000010651       0x72 out-vsel2/ldelf-lib/libutils/libutils.a(isxdigit.o)
 .debug_info    0x00000000000106c3      0x2ca out-vsel2/ldelf-lib/libutils/libutils.a(snprintf.o)
 .debug_info    0x000000000001098d      0x150 out-vsel2/ldelf-lib/libutils/libutils.a(stack_check.o)
 .debug_info    0x0000000000010add       0x72 out-vsel2/ldelf-lib/libutils/libutils.a(tolower.o)
 .debug_info    0x0000000000010b4f      0x101 out-vsel2/ldelf-lib/libutils/libutils.a(memcmp.o)
 .debug_info    0x0000000000010c50      0x140 out-vsel2/ldelf-lib/libutils/libutils.a(memcpy.o)
 .debug_info    0x0000000000010d90       0xda out-vsel2/ldelf-lib/libutils/libutils.a(memset.o)
 .debug_info    0x0000000000010e6a       0xbb out-vsel2/ldelf-lib/libutils/libutils.a(strcmp.o)
 .debug_info    0x0000000000010f25       0xce out-vsel2/ldelf-lib/libutils/libutils.a(strcpy.o)
 .debug_info    0x0000000000010ff3       0xd4 out-vsel2/ldelf-lib/libutils/libutils.a(strnlen.o)
 .debug_info    0x00000000000110c7      0x9eb out-vsel2/ldelf-lib/libutils/libutils.a(snprintk.o)
 .debug_info    0x0000000000011ab2      0x788 out-vsel2/ldelf-lib/libutils/libutils.a(trace.o)
 .debug_info    0x000000000001223a      0x10a out-vsel2/ldelf-lib/libutils/libutils.a(memchr.o)
 .debug_info    0x0000000000012344       0xc2 out-vsel2/ldelf-lib/libutils/libutils.a(strlen.o)
 .debug_info    0x0000000000012406      0x41d out-vsel2/ldelf-lib/libutee/libutee.a(trace_ext.o)

.debug_abbrev   0x0000000000000000     0x2ee4
 .debug_abbrev  0x0000000000000000       0x14 out-vsel2/ldelf/start_a64.o
 .debug_abbrev  0x0000000000000014       0x12 out-vsel2/ldelf/syscalls_a64.o
 .debug_abbrev  0x0000000000000026       0x14 out-vsel2/ldelf/tlsdesc_rel_a64.o
 .debug_abbrev  0x000000000000003a      0x19f out-vsel2/ldelf/dl.o
 .debug_abbrev  0x00000000000001d9      0x354 out-vsel2/ldelf/main.o
 .debug_abbrev  0x000000000000052d      0x1c0 out-vsel2/ldelf/sys.o
 .debug_abbrev  0x00000000000006ed      0x6df out-vsel2/ldelf/ta_elf.o
 .debug_abbrev  0x0000000000000dcc      0x500 out-vsel2/ldelf/ta_elf_rel.o
 .debug_abbrev  0x00000000000012cc      0x316 out-vsel2/ldelf-lib/libunw/libunw.a(unwind_arm32.o)
 .debug_abbrev  0x00000000000015e2      0x219 out-vsel2/ldelf-lib/libunw/libunw.a(unwind_arm64.o)
 .debug_abbrev  0x00000000000017fb       0xc1 out-vsel2/ldelf-lib/libutee/libutee.a(assert.o)
 .debug_abbrev  0x00000000000018bc      0x1e1 out-vsel2/ldelf-lib/libutee/libutee.a(tee_uuid_from_str.o)
 .debug_abbrev  0x0000000000001a9d       0x12 out-vsel2/ldelf-lib/libutee/libutee.a(utee_syscalls_a64.o)
 .debug_abbrev  0x0000000000001aaf      0x556 out-vsel2/ldelf-lib/libutils/libutils.a(bget_malloc.o)
 .debug_abbrev  0x0000000000002005       0x53 out-vsel2/ldelf-lib/libutils/libutils.a(isxdigit.o)
 .debug_abbrev  0x0000000000002058      0x15c out-vsel2/ldelf-lib/libutils/libutils.a(snprintf.o)
 .debug_abbrev  0x00000000000021b4       0xb8 out-vsel2/ldelf-lib/libutils/libutils.a(stack_check.o)
 .debug_abbrev  0x000000000000226c       0x53 out-vsel2/ldelf-lib/libutils/libutils.a(tolower.o)
 .debug_abbrev  0x00000000000022bf       0x8f out-vsel2/ldelf-lib/libutils/libutils.a(memcmp.o)
 .debug_abbrev  0x000000000000234e       0xb7 out-vsel2/ldelf-lib/libutils/libutils.a(memcpy.o)
 .debug_abbrev  0x0000000000002405       0xa2 out-vsel2/ldelf-lib/libutils/libutils.a(memset.o)
 .debug_abbrev  0x00000000000024a7       0x6e out-vsel2/ldelf-lib/libutils/libutils.a(strcmp.o)
 .debug_abbrev  0x0000000000002515       0x77 out-vsel2/ldelf-lib/libutils/libutils.a(strcpy.o)
 .debug_abbrev  0x000000000000258c       0x86 out-vsel2/ldelf-lib/libutils/libutils.a(strnlen.o)
 .debug_abbrev  0x0000000000002612      0x2f8 out-vsel2/ldelf-lib/libutils/libutils.a(snprintk.o)
 .debug_abbrev  0x000000000000290a      0x2d4 out-vsel2/ldelf-lib/libutils/libutils.a(trace.o)
 .debug_abbrev  0x0000000000002bde       0xb1 out-vsel2/ldelf-lib/libutils/libutils.a(memchr.o)
 .debug_abbrev  0x0000000000002c8f       0x86 out-vsel2/ldelf-lib/libutils/libutils.a(strlen.o)
 .debug_abbrev  0x0000000000002d15      0x1cf out-vsel2/ldelf-lib/libutee/libutee.a(trace_ext.o)

.debug_aranges  0x0000000000000000     0x10c0
 .debug_aranges
                0x0000000000000000       0x30 out-vsel2/ldelf/start_a64.o
 .debug_aranges
                0x0000000000000030       0xf0 out-vsel2/ldelf/syscalls_a64.o
 .debug_aranges
                0x0000000000000120       0x30 out-vsel2/ldelf/tlsdesc_rel_a64.o
 .debug_aranges
                0x0000000000000150       0x40 out-vsel2/ldelf/dl.o
 .debug_aranges
                0x0000000000000190       0x60 out-vsel2/ldelf/main.o
 .debug_aranges
                0x00000000000001f0       0xd0 out-vsel2/ldelf/sys.o
 .debug_aranges
                0x00000000000002c0      0x260 out-vsel2/ldelf/ta_elf.o
 .debug_aranges
                0x0000000000000520       0xc0 out-vsel2/ldelf/ta_elf_rel.o
 .debug_aranges
                0x00000000000005e0       0x60 out-vsel2/ldelf-lib/libunw/libunw.a(unwind_arm32.o)
 .debug_aranges
                0x0000000000000640       0x50 out-vsel2/ldelf-lib/libunw/libunw.a(unwind_arm64.o)
 .debug_aranges
                0x0000000000000690       0x40 out-vsel2/ldelf-lib/libutee/libutee.a(assert.o)
 .debug_aranges
                0x00000000000006d0       0x40 out-vsel2/ldelf-lib/libutee/libutee.a(tee_uuid_from_str.o)
 .debug_aranges
                0x0000000000000710      0x3b0 out-vsel2/ldelf-lib/libutee/libutee.a(utee_syscalls_a64.o)
 .debug_aranges
                0x0000000000000ac0      0x260 out-vsel2/ldelf-lib/libutils/libutils.a(bget_malloc.o)
 .debug_aranges
                0x0000000000000d20       0x30 out-vsel2/ldelf-lib/libutils/libutils.a(isxdigit.o)
 .debug_aranges
                0x0000000000000d50       0x40 out-vsel2/ldelf-lib/libutils/libutils.a(snprintf.o)
 .debug_aranges
                0x0000000000000d90       0x30 out-vsel2/ldelf-lib/libutils/libutils.a(stack_check.o)
 .debug_aranges
                0x0000000000000dc0       0x30 out-vsel2/ldelf-lib/libutils/libutils.a(tolower.o)
 .debug_aranges
                0x0000000000000df0       0x30 out-vsel2/ldelf-lib/libutils/libutils.a(memcmp.o)
 .debug_aranges
                0x0000000000000e20       0x30 out-vsel2/ldelf-lib/libutils/libutils.a(memcpy.o)
 .debug_aranges
                0x0000000000000e50       0x30 out-vsel2/ldelf-lib/libutils/libutils.a(memset.o)
 .debug_aranges
                0x0000000000000e80       0x30 out-vsel2/ldelf-lib/libutils/libutils.a(strcmp.o)
 .debug_aranges
                0x0000000000000eb0       0x30 out-vsel2/ldelf-lib/libutils/libutils.a(strcpy.o)
 .debug_aranges
                0x0000000000000ee0       0x30 out-vsel2/ldelf-lib/libutils/libutils.a(strnlen.o)
 .debug_aranges
                0x0000000000000f10       0x70 out-vsel2/ldelf-lib/libutils/libutils.a(snprintk.o)
 .debug_aranges
                0x0000000000000f80       0x70 out-vsel2/ldelf-lib/libutils/libutils.a(trace.o)
 .debug_aranges
                0x0000000000000ff0       0x30 out-vsel2/ldelf-lib/libutils/libutils.a(memchr.o)
 .debug_aranges
                0x0000000000001020       0x30 out-vsel2/ldelf-lib/libutils/libutils.a(strlen.o)
 .debug_aranges
                0x0000000000001050       0x70 out-vsel2/ldelf-lib/libutee/libutee.a(trace_ext.o)

.debug_str      0x0000000000000000     0x222b
 .debug_str     0x0000000000000000       0x55 out-vsel2/ldelf/start_a64.o
 .debug_str     0x0000000000000055       0x15 out-vsel2/ldelf/syscalls_a64.o
                                         0x58 (size before relaxing)
 .debug_str     0x000000000000006a       0x18 out-vsel2/ldelf/tlsdesc_rel_a64.o
                                         0x5b (size before relaxing)
 .debug_str     0x0000000000000082      0x3fd out-vsel2/ldelf/dl.o
                                        0x4ea (size before relaxing)
 .debug_str     0x000000000000047f      0x2e4 out-vsel2/ldelf/main.o
                                        0x7ab (size before relaxing)
 .debug_str     0x0000000000000763      0x170 out-vsel2/ldelf/sys.o
                                        0x40e (size before relaxing)
 .debug_str     0x00000000000008d3      0x8fc out-vsel2/ldelf/ta_elf.o
                                       0x116a (size before relaxing)
 .debug_str     0x00000000000011cf      0x284 out-vsel2/ldelf/ta_elf_rel.o
                                        0x927 (size before relaxing)
 .debug_str     0x0000000000001453       0xd3 out-vsel2/ldelf-lib/libunw/libunw.a(unwind_arm32.o)
                                        0x3b9 (size before relaxing)
 .debug_str     0x0000000000001526       0x74 out-vsel2/ldelf-lib/libunw/libunw.a(unwind_arm64.o)
                                        0x2c5 (size before relaxing)
 .debug_str     0x000000000000159a       0x26 out-vsel2/ldelf-lib/libutee/libutee.a(assert.o)
                                        0x21f (size before relaxing)
 .debug_str     0x00000000000015c0       0x4a out-vsel2/ldelf-lib/libutee/libutee.a(tee_uuid_from_str.o)
                                        0x2b3 (size before relaxing)
 .debug_str     0x000000000000160a       0x29 out-vsel2/ldelf-lib/libutee/libutee.a(utee_syscalls_a64.o)
                                         0x6c (size before relaxing)
 .debug_str     0x0000000000001633      0x5d9 out-vsel2/ldelf-lib/libutils/libutils.a(bget_malloc.o)
                                        0x9ec (size before relaxing)
 .debug_str     0x0000000000001c0c       0x1d out-vsel2/ldelf-lib/libutils/libutils.a(isxdigit.o)
                                        0x165 (size before relaxing)
 .debug_str     0x0000000000001c29       0x30 out-vsel2/ldelf-lib/libutils/libutils.a(snprintf.o)
                                        0x253 (size before relaxing)
 .debug_str     0x0000000000001c59       0x32 out-vsel2/ldelf-lib/libutils/libutils.a(stack_check.o)
                                        0x220 (size before relaxing)
 .debug_str     0x0000000000001c8b       0x1c out-vsel2/ldelf-lib/libutils/libutils.a(tolower.o)
                                        0x163 (size before relaxing)
 .debug_str     0x0000000000001ca7       0x22 out-vsel2/ldelf-lib/libutils/libutils.a(memcmp.o)
                                        0x1bf (size before relaxing)
 .debug_str     0x0000000000001cc9      0x178 out-vsel2/ldelf-lib/libutils/libutils.a(memcpy.o)
                                        0x204 (size before relaxing)
 .debug_str     0x0000000000001e41      0x14d out-vsel2/ldelf-lib/libutils/libutils.a(memset.o)
                                        0x1d9 (size before relaxing)
 .debug_str     0x0000000000001f8e       0x22 out-vsel2/ldelf-lib/libutils/libutils.a(strcmp.o)
                                        0x1af (size before relaxing)
 .debug_str     0x0000000000001fb0       0x22 out-vsel2/ldelf-lib/libutils/libutils.a(strcpy.o)
                                        0x1b9 (size before relaxing)
 .debug_str     0x0000000000001fd2       0x23 out-vsel2/ldelf-lib/libutils/libutils.a(strnlen.o)
                                        0x1be (size before relaxing)
 .debug_str     0x0000000000001ff5       0xcd out-vsel2/ldelf-lib/libutils/libutils.a(snprintk.o)
                                        0x37b (size before relaxing)
 .debug_str     0x00000000000020c2       0xe0 out-vsel2/ldelf-lib/libutils/libutils.a(trace.o)
                                        0x382 (size before relaxing)
 .debug_str     0x00000000000021a2       0x32 out-vsel2/ldelf-lib/libutils/libutils.a(memchr.o)
                                        0x1cf (size before relaxing)
 .debug_str     0x00000000000021d4       0x22 out-vsel2/ldelf-lib/libutils/libutils.a(strlen.o)
                                        0x1bc (size before relaxing)
 .debug_str     0x00000000000021f6       0x35 out-vsel2/ldelf-lib/libutee/libutee.a(trace_ext.o)
                                        0x2cb (size before relaxing)

.debug_ranges   0x0000000000000000     0x2920
 .debug_ranges  0x0000000000000000       0xf0 out-vsel2/ldelf/syscalls_a64.o
 .debug_ranges  0x00000000000000f0       0x30 out-vsel2/ldelf/dl.o
 .debug_ranges  0x0000000000000120       0x50 out-vsel2/ldelf/main.o
 .debug_ranges  0x0000000000000170       0xc0 out-vsel2/ldelf/sys.o
 .debug_ranges  0x0000000000000230     0x11f0 out-vsel2/ldelf/ta_elf.o
 .debug_ranges  0x0000000000001420      0x550 out-vsel2/ldelf/ta_elf_rel.o
 .debug_ranges  0x0000000000001970      0x220 out-vsel2/ldelf-lib/libunw/libunw.a(unwind_arm32.o)
 .debug_ranges  0x0000000000001b90       0x70 out-vsel2/ldelf-lib/libunw/libunw.a(unwind_arm64.o)
 .debug_ranges  0x0000000000001c00       0x30 out-vsel2/ldelf-lib/libutee/libutee.a(assert.o)
 .debug_ranges  0x0000000000001c30       0x30 out-vsel2/ldelf-lib/libutee/libutee.a(tee_uuid_from_str.o)
 .debug_ranges  0x0000000000001c60      0x3b0 out-vsel2/ldelf-lib/libutee/libutee.a(utee_syscalls_a64.o)
 .debug_ranges  0x0000000000002010      0x5c0 out-vsel2/ldelf-lib/libutils/libutils.a(bget_malloc.o)
 .debug_ranges  0x00000000000025d0       0x20 out-vsel2/ldelf-lib/libutils/libutils.a(isxdigit.o)
 .debug_ranges  0x00000000000025f0       0x30 out-vsel2/ldelf-lib/libutils/libutils.a(snprintf.o)
 .debug_ranges  0x0000000000002620       0x20 out-vsel2/ldelf-lib/libutils/libutils.a(stack_check.o)
 .debug_ranges  0x0000000000002640       0x20 out-vsel2/ldelf-lib/libutils/libutils.a(tolower.o)
 .debug_ranges  0x0000000000002660       0x20 out-vsel2/ldelf-lib/libutils/libutils.a(memcmp.o)
 .debug_ranges  0x0000000000002680       0x20 out-vsel2/ldelf-lib/libutils/libutils.a(memcpy.o)
 .debug_ranges  0x00000000000026a0       0x20 out-vsel2/ldelf-lib/libutils/libutils.a(memset.o)
 .debug_ranges  0x00000000000026c0       0x20 out-vsel2/ldelf-lib/libutils/libutils.a(strcmp.o)
 .debug_ranges  0x00000000000026e0       0x20 out-vsel2/ldelf-lib/libutils/libutils.a(strcpy.o)
 .debug_ranges  0x0000000000002700       0x20 out-vsel2/ldelf-lib/libutils/libutils.a(strnlen.o)
 .debug_ranges  0x0000000000002720       0x90 out-vsel2/ldelf-lib/libutils/libutils.a(snprintk.o)
 .debug_ranges  0x00000000000027b0       0xd0 out-vsel2/ldelf-lib/libutils/libutils.a(trace.o)
 .debug_ranges  0x0000000000002880       0x20 out-vsel2/ldelf-lib/libutils/libutils.a(memchr.o)
 .debug_ranges  0x00000000000028a0       0x20 out-vsel2/ldelf-lib/libutils/libutils.a(strlen.o)
 .debug_ranges  0x00000000000028c0       0x60 out-vsel2/ldelf-lib/libutee/libutee.a(trace_ext.o)

.debug_loc      0x0000000000000000    0x1a95c
 .debug_loc     0x0000000000000000      0x2d6 out-vsel2/ldelf/dl.o
 .debug_loc     0x00000000000002d6      0x495 out-vsel2/ldelf/main.o
 .debug_loc     0x000000000000076b      0xa76 out-vsel2/ldelf/sys.o
 .debug_loc     0x00000000000011e1     0x8252 out-vsel2/ldelf/ta_elf.o
 .debug_loc     0x0000000000009433     0x4764 out-vsel2/ldelf/ta_elf_rel.o
 .debug_loc     0x000000000000db97      0xf7d out-vsel2/ldelf-lib/libunw/libunw.a(unwind_arm32.o)
 .debug_loc     0x000000000000eb14      0x413 out-vsel2/ldelf-lib/libunw/libunw.a(unwind_arm64.o)
 .debug_loc     0x000000000000ef27      0x1cd out-vsel2/ldelf-lib/libutee/libutee.a(assert.o)
 .debug_loc     0x000000000000f0f4      0x671 out-vsel2/ldelf-lib/libutee/libutee.a(tee_uuid_from_str.o)
 .debug_loc     0x000000000000f765     0x67e7 out-vsel2/ldelf-lib/libutils/libutils.a(bget_malloc.o)
 .debug_loc     0x0000000000015f4c       0x68 out-vsel2/ldelf-lib/libutils/libutils.a(isxdigit.o)
 .debug_loc     0x0000000000015fb4      0x2c0 out-vsel2/ldelf-lib/libutils/libutils.a(snprintf.o)
 .debug_loc     0x0000000000016274       0x38 out-vsel2/ldelf-lib/libutils/libutils.a(stack_check.o)
 .debug_loc     0x00000000000162ac       0x3d out-vsel2/ldelf-lib/libutils/libutils.a(tolower.o)
 .debug_loc     0x00000000000162e9      0x21c out-vsel2/ldelf-lib/libutils/libutils.a(memcmp.o)
 .debug_loc     0x0000000000016505      0x679 out-vsel2/ldelf-lib/libutils/libutils.a(memcpy.o)
 .debug_loc     0x0000000000016b7e       0xe9 out-vsel2/ldelf-lib/libutils/libutils.a(memset.o)
 .debug_loc     0x0000000000016c67       0xb6 out-vsel2/ldelf-lib/libutils/libutils.a(strcmp.o)
 .debug_loc     0x0000000000016d1d      0x10f out-vsel2/ldelf-lib/libutils/libutils.a(strcpy.o)
 .debug_loc     0x0000000000016e2c      0x163 out-vsel2/ldelf-lib/libutils/libutils.a(strnlen.o)
 .debug_loc     0x0000000000016f8f     0x2d7d out-vsel2/ldelf-lib/libutils/libutils.a(snprintk.o)
 .debug_loc     0x0000000000019d0c      0x79f out-vsel2/ldelf-lib/libutils/libutils.a(trace.o)
 .debug_loc     0x000000000001a4ab      0x130 out-vsel2/ldelf-lib/libutils/libutils.a(memchr.o)
 .debug_loc     0x000000000001a5db       0x8c out-vsel2/ldelf-lib/libutils/libutils.a(strlen.o)
 .debug_loc     0x000000000001a667      0x2f5 out-vsel2/ldelf-lib/libutee/libutee.a(trace_ext.o)

.comment        0x0000000000000000       0x2d
 .comment       0x0000000000000000       0x2d out-vsel2/ldelf/dl.o
                                         0x2e (size before relaxing)
 .comment       0x000000000000002d       0x2e out-vsel2/ldelf/main.o
 .comment       0x000000000000002d       0x2e out-vsel2/ldelf/sys.o
 .comment       0x000000000000002d       0x2e out-vsel2/ldelf/ta_elf.o
 .comment       0x000000000000002d       0x2e out-vsel2/ldelf/ta_elf_rel.o
 .comment       0x000000000000002d       0x2e out-vsel2/ldelf-lib/libunw/libunw.a(unwind_arm32.o)
 .comment       0x000000000000002d       0x2e out-vsel2/ldelf-lib/libunw/libunw.a(unwind_arm64.o)
 .comment       0x000000000000002d       0x2e out-vsel2/ldelf-lib/libutee/libutee.a(assert.o)
 .comment       0x000000000000002d       0x2e out-vsel2/ldelf-lib/libutee/libutee.a(tee_uuid_from_str.o)
 .comment       0x000000000000002d       0x2e out-vsel2/ldelf-lib/libutils/libutils.a(bget_malloc.o)
 .comment       0x000000000000002d       0x2e out-vsel2/ldelf-lib/libutils/libutils.a(isxdigit.o)
 .comment       0x000000000000002d       0x2e out-vsel2/ldelf-lib/libutils/libutils.a(snprintf.o)
 .comment       0x000000000000002d       0x2e out-vsel2/ldelf-lib/libutils/libutils.a(stack_check.o)
 .comment       0x000000000000002d       0x2e out-vsel2/ldelf-lib/libutils/libutils.a(tolower.o)
 .comment       0x000000000000002d       0x2e out-vsel2/ldelf-lib/libutils/libutils.a(memcmp.o)
 .comment       0x000000000000002d       0x2e out-vsel2/ldelf-lib/libutils/libutils.a(memcpy.o)
 .comment       0x000000000000002d       0x2e out-vsel2/ldelf-lib/libutils/libutils.a(memset.o)
 .comment       0x000000000000002d       0x2e out-vsel2/ldelf-lib/libutils/libutils.a(strcmp.o)
 .comment       0x000000000000002d       0x2e out-vsel2/ldelf-lib/libutils/libutils.a(strcpy.o)
 .comment       0x000000000000002d       0x2e out-vsel2/ldelf-lib/libutils/libutils.a(strnlen.o)
 .comment       0x000000000000002d       0x2e out-vsel2/ldelf-lib/libutils/libutils.a(snprintk.o)
 .comment       0x000000000000002d       0x2e out-vsel2/ldelf-lib/libutils/libutils.a(trace.o)
 .comment       0x000000000000002d       0x2e out-vsel2/ldelf-lib/libutils/libutils.a(memchr.o)
 .comment       0x000000000000002d       0x2e out-vsel2/ldelf-lib/libutils/libutils.a(strlen.o)
 .comment       0x000000000000002d       0x2e out-vsel2/ldelf-lib/libutee/libutee.a(trace_ext.o)

.note.GNU-stack
                0x0000000000000000        0x0
 .note.GNU-stack
                0x0000000000000000        0x0 out-vsel2/ldelf/dl.o
 .note.GNU-stack
                0x0000000000000000        0x0 out-vsel2/ldelf/main.o
 .note.GNU-stack
                0x0000000000000000        0x0 out-vsel2/ldelf/sys.o
 .note.GNU-stack
                0x0000000000000000        0x0 out-vsel2/ldelf/ta_elf.o
 .note.GNU-stack
                0x0000000000000000        0x0 out-vsel2/ldelf/ta_elf_rel.o
 .note.GNU-stack
                0x0000000000000000        0x0 out-vsel2/ldelf-lib/libunw/libunw.a(unwind_arm32.o)
 .note.GNU-stack
                0x0000000000000000        0x0 out-vsel2/ldelf-lib/libunw/libunw.a(unwind_arm64.o)
 .note.GNU-stack
                0x0000000000000000        0x0 out-vsel2/ldelf-lib/libutee/libutee.a(assert.o)
 .note.GNU-stack
                0x0000000000000000        0x0 out-vsel2/ldelf-lib/libutee/libutee.a(tee_uuid_from_str.o)
 .note.GNU-stack
                0x0000000000000000        0x0 out-vsel2/ldelf-lib/libutils/libutils.a(bget_malloc.o)
 .note.GNU-stack
                0x0000000000000000        0x0 out-vsel2/ldelf-lib/libutils/libutils.a(isxdigit.o)
 .note.GNU-stack
                0x0000000000000000        0x0 out-vsel2/ldelf-lib/libutils/libutils.a(snprintf.o)
 .note.GNU-stack
                0x0000000000000000        0x0 out-vsel2/ldelf-lib/libutils/libutils.a(stack_check.o)
 .note.GNU-stack
                0x0000000000000000        0x0 out-vsel2/ldelf-lib/libutils/libutils.a(tolower.o)
 .note.GNU-stack
                0x0000000000000000        0x0 out-vsel2/ldelf-lib/libutils/libutils.a(memcmp.o)
 .note.GNU-stack
                0x0000000000000000        0x0 out-vsel2/ldelf-lib/libutils/libutils.a(memcpy.o)
 .note.GNU-stack
                0x0000000000000000        0x0 out-vsel2/ldelf-lib/libutils/libutils.a(memset.o)
 .note.GNU-stack
                0x0000000000000000        0x0 out-vsel2/ldelf-lib/libutils/libutils.a(strcmp.o)
 .note.GNU-stack
                0x0000000000000000        0x0 out-vsel2/ldelf-lib/libutils/libutils.a(strcpy.o)
 .note.GNU-stack
                0x0000000000000000        0x0 out-vsel2/ldelf-lib/libutils/libutils.a(strnlen.o)
 .note.GNU-stack
                0x0000000000000000        0x0 out-vsel2/ldelf-lib/libutils/libutils.a(snprintk.o)
 .note.GNU-stack
                0x0000000000000000        0x0 out-vsel2/ldelf-lib/libutils/libutils.a(trace.o)
 .note.GNU-stack
                0x0000000000000000        0x0 out-vsel2/ldelf-lib/libutils/libutils.a(memchr.o)
 .note.GNU-stack
                0x0000000000000000        0x0 out-vsel2/ldelf-lib/libutils/libutils.a(strlen.o)
 .note.GNU-stack
                0x0000000000000000        0x0 out-vsel2/ldelf-lib/libutee/libutee.a(trace_ext.o)
