Archive member included to satisfy reference by file (symbol)

out-vsel2/export-ta_arm32/lib/libutils.a(stack_check.o)
                              out-vsel2/ta/remoteproc/src/remoteproc_core.o (__stack_chk_fail)
out-vsel2/export-ta_arm32/lib/libutils.a(memcpy.o)
                              out-vsel2/ta/remoteproc/src/remoteproc_core.o (memcpy)
out-vsel2/export-ta_arm32/lib/libutils.a(memset.o)
                              out-vsel2/ta/remoteproc/src/remoteproc_core.o (memset)
out-vsel2/export-ta_arm32/lib/libutils.a(strncmp.o)
                              out-vsel2/ta/remoteproc/src/elf_parser.o (strncmp)
out-vsel2/export-ta_arm32/lib/libutils.a(trace.o)
                              out-vsel2/ta/remoteproc/src/remoteproc_core.o (trace_printf)
out-vsel2/export-ta_arm32/lib/libutils.a(aeabi_unwind.o)
                              out-vsel2/ta/remoteproc/src/remoteproc_core.o (__aeabi_unwind_cpp_pr0)
out-vsel2/export-ta_arm32/lib/libutils.a(snprintk.o)
                              out-vsel2/export-ta_arm32/lib/libutils.a(trace.o) (vsnprintk)
out-vsel2/export-ta_arm32/lib/libutils.a(memchr.o)
                              out-vsel2/export-ta_arm32/lib/libutils.a(snprintk.o) (memchr)
out-vsel2/export-ta_arm32/lib/libutils.a(strlen.o)
                              out-vsel2/export-ta_arm32/lib/libutils.a(snprintk.o) (strlen)
out-vsel2/export-ta_arm32/lib/libutils.a(arm32_aeabi_ldivmod_a32.o)
                              out-vsel2/export-ta_arm32/lib/libutils.a(snprintk.o) (__aeabi_uldivmod)
out-vsel2/export-ta_arm32/lib/libutils.a(arm32_aeabi_ldivmod.o)
                              out-vsel2/export-ta_arm32/lib/libutils.a(arm32_aeabi_ldivmod_a32.o) (__ul_divmod)
out-vsel2/export-ta_arm32/lib/libutee.a(assert.o)
                              out-vsel2/ta/remoteproc/src/remoteproc_core.o (_assert_log)
out-vsel2/export-ta_arm32/lib/libutee.a(trace_ext.o)
                              out-vsel2/export-ta_arm32/lib/libutils.a(trace.o) (trace_ext_puts)
out-vsel2/export-ta_arm32/lib/libutee.a(tee_api.o)
                              out-vsel2/ta/remoteproc/src/remoteproc_core.o (TEE_CloseTASession)
out-vsel2/export-ta_arm32/lib/libutee.a(tee_api_operations.o)
                              out-vsel2/ta/remoteproc/src/remoteproc_core.o (TEE_FreeOperation)
out-vsel2/export-ta_arm32/lib/libutee.a(tee_api_panic.o)
                              out-vsel2/export-ta_arm32/lib/libutee.a(tee_api.o) (TEE_Panic)
out-vsel2/export-ta_arm32/lib/libutee.a(tee_system_pta.o)
                              out-vsel2/export-ta_arm32/lib/libutee.a(tee_api.o) (tee_map_zi)
out-vsel2/export-ta_arm32/lib/libutee.a(user_ta_entry.o)
                              out-vsel2/ta/remoteproc/user_ta_header.o (__utee_entry)
out-vsel2/export-ta_arm32/lib/libutee.a(utee_syscalls_a32.o)
                              out-vsel2/export-ta_arm32/lib/libutils.a(stack_check.o) (_utee_panic)
out-vsel2/export-ta_arm32/lib/libutee.a(abort.o)
                              out-vsel2/export-ta_arm32/lib/libutee.a(user_ta_entry.o) (abort)
out-vsel2/export-ta_arm32/lib/libutee.a(tee_api_arith_mpi.o)
                              out-vsel2/export-ta_arm32/lib/libutee.a(user_ta_entry.o) (_TEE_MathAPI_Init)
out-vsel2/export-ta_arm32/lib/libutee.a(tee_api_objects.o)
                              out-vsel2/export-ta_arm32/lib/libutee.a(tee_api_operations.o) (__utee_from_attr)
out-vsel2/export-ta_arm32/lib/libutee.a(tee_api_property.o)
                              out-vsel2/export-ta_arm32/lib/libutee.a(user_ta_entry.o) (TEE_GetPropertyAsU32)
out-vsel2/export-ta_arm32/lib/libutee.a(tcb.o)
                              out-vsel2/export-ta_arm32/lib/libutee.a(user_ta_entry.o) (__utee_tcb_init)
out-vsel2/export-ta_arm32/lib/libmbedtls.a(bignum.o)
                              out-vsel2/export-ta_arm32/lib/libutee.a(tee_api_arith_mpi.o) (mbedtls_mpi_init_mempool)
out-vsel2/export-ta_arm32/lib/libmbedtls.a(bignum_core.o)
                              out-vsel2/export-ta_arm32/lib/libmbedtls.a(bignum.o) (mbedtls_mpi_core_bitlen)
out-vsel2/export-ta_arm32/lib/libmbedtls.a(constant_time.o)
                              out-vsel2/export-ta_arm32/lib/libmbedtls.a(bignum.o) (mbedtls_ct_zero)
out-vsel2/export-ta_arm32/lib/libmbedtls.a(platform_util.o)
                              out-vsel2/export-ta_arm32/lib/libmbedtls.a(bignum.o) (mbedtls_platform_zeroize)
out-vsel2/export-ta_arm32/lib/libutils.a(bget_malloc.o)
                              out-vsel2/export-ta_arm32/lib/libutee.a(tee_api.o) (raw_malloc_flags)
out-vsel2/export-ta_arm32/lib/libutils.a(snprintf.o)
                              out-vsel2/export-ta_arm32/lib/libutee.a(tee_api_property.o) (snprintf)
out-vsel2/export-ta_arm32/lib/libutils.a(memmove.o)
                              out-vsel2/export-ta_arm32/lib/libutee.a(tee_api.o) (memmove)
out-vsel2/export-ta_arm32/lib/libutils.a(strcmp.o)
                              out-vsel2/export-ta_arm32/lib/libutee.a(tee_api_property.o) (strcmp)
[...]
Memory Configuration

Name             Origin             Length             Attributes
*default*        0x0000000000000000 0xffffffffffffffff

Linker script and memory map


.text           0x0000000000000000     0xe0a8
                0x0000000000000000                __text_start = .
 *(SORT_BY_ALIGNMENT(.text) SORT_BY_ALIGNMENT(.text.*))
 .text          0x0000000000000000     0x30a8 out-vsel2/export-ta_arm32/lib/libutee.a(tee_api_operations.o)
                0x00000000000005d4                TEE_FreeOperation
                0x00000000000005f8                TEE_AllocateOperation
                0x0000000000000e60                __GP11_TEE_FreeOperation
                0x0000000000000e74                TEE_GetOperationInfo
                0x0000000000000ea4                TEE_GetOperationInfoMultiple
                0x0000000000000fac                __GP11_TEE_GetOperationInfoMultiple
                0x000000000000100c                TEE_ResetOperation
                0x000000000000102c                TEE_SetOperationKey
                0x000000000000104c                __GP11_TEE_SetOperationKey
                0x000000000000106a                __GP11_TEE_SetOperationKey2
                0x00000000000011bc                TEE_SetOperationKey2
                0x00000000000011d0                TEE_CopyOperation
                0x000000000000128e                TEE_DigestUpdate
                0x00000000000012be                __GP11_TEE_DigestUpdate
                0x00000000000012c2                TEE_DigestDoFinal
                0x00000000000013b8                __GP11_TEE_DigestDoFinal
                0x0000000000001424                TEE_DigestExtract
                0x0000000000001544                TEE_CipherInit
                0x00000000000015b8                __GP11_TEE_CipherInit
                0x00000000000015bc                TEE_CipherUpdate
                0x000000000000170c                __GP11_TEE_CipherUpdate
                0x0000000000001778                TEE_CipherDoFinal
                0x0000000000001994                __GP11_TEE_CipherDoFinal
                0x0000000000001a18                TEE_MACInit
                0x0000000000001a6e                __GP11_TEE_MACInit
                0x0000000000001a72                TEE_MACUpdate
                0x0000000000001ac0                __GP11_TEE_MACUpdate
                0x0000000000001ac4                TEE_MACComputeFinal
                0x0000000000001b78                __GP11_TEE_MACComputeFinal
                0x0000000000001be4                TEE_MACCompareFinal
                0x0000000000001c9c                __GP11_TEE_MACCompareFinal
                0x0000000000001ca0                TEE_AEInit
                0x0000000000001d10                __GP11_TEE_AEInit
                0x0000000000001d14                TEE_AEUpdateAAD
                0x0000000000001d60                __GP11_TEE_AEUpdateAAD
                0x0000000000001da6                TEE_AEUpdate
                0x0000000000001e10                __GP11_TEE_AEUpdate
                0x0000000000001eb8                TEE_AEEncryptFinal
                0x00000000000020f0                __GP11_TEE_AEEncryptFinal
                0x000000000000217c                TEE_AEDecryptFinal
                0x0000000000002380                __GP11_TEE_AEDecryptFinal
                0x00000000000023f8                TEE_AsymmetricEncrypt
                0x00000000000024fc                __GP11_TEE_AsymmetricEncrypt
                0x00000000000025ec                TEE_AsymmetricDecrypt
                0x00000000000026f0                __GP11_TEE_AsymmetricDecrypt
                0x00000000000027e4                TEE_AsymmetricSignDigest
                0x00000000000028d0                __GP11_TEE_AsymmetricSignDigest
                0x00000000000029bc                TEE_AsymmetricVerifyDigest
                0x0000000000002a98                __GP11_TEE_AsymmetricVerifyDigest
                0x0000000000002b74                TEE_DeriveKey
                0x0000000000002c6c                __GP11_TEE_DeriveKey
                0x0000000000002d64                TEE_GenerateRandom
                0x0000000000002d76                __GP11_TEE_GenerateRandom
                0x0000000000002d7a                rand
                0x0000000000002dc4                TEE_IsAlgorithmSupported
 .text          0x00000000000030a8      0x9cc out-vsel2/ta/remoteproc/src/remoteproc_core.o
                0x00000000000032c4                TA_CreateEntryPoint
                0x00000000000032c8                TA_DestroyEntryPoint
                0x00000000000032ca                TA_OpenSessionEntryPoint
                0x000000000000331c                TA_CloseSessionEntryPoint
                0x0000000000003334                TA_InvokeCommandEntryPoint
 .text          0x0000000000003a74      0x2d4 out-vsel2/ta/remoteproc/src/elf_parser.o
                0x0000000000003a8e                e32_parse_ehdr
                0x0000000000003b38                e32_parser_load_elf_image
                0x0000000000003bc0                e32_parser_find_rsc_table
 .text          0x0000000000003d48       0x64 out-vsel2/ta/remoteproc/user_ta_header.o
                0x0000000000003d48                __ta_entry_c
                0x0000000000003da8                tahead_get_trace_level
 .text.__ta_entry
                0x0000000000003dac        0x4 out-vsel2/ta/remoteproc/ta_entry_a32.o
                0x0000000000003dac                __ta_entry
 .text          0x0000000000003db0       0x28 out-vsel2/export-ta_arm32/lib/libutils.a(stack_check.o)
                0x0000000000003db0                __stack_chk_fail
 .text          0x0000000000003dd8       0xd8 out-vsel2/export-ta_arm32/lib/libutils.a(memcpy.o)
                0x0000000000003dd8                memcpy
 .text          0x0000000000003eb0      0x1ec out-vsel2/export-ta_arm32/lib/libutils.a(trace.o)
                0x0000000000003eb0                trace_set_level
                0x0000000000003ecc                trace_get_level
                0x0000000000003ee0                trace_vprintf
                0x000000000000404c                trace_printf
                0x0000000000004098                dhex_dump
 .text          0x000000000000409c      0x798 out-vsel2/export-ta_arm32/lib/libutils.a(snprintk.o)
                0x000000000000409c                __vsnprintf
                0x0000000000004100                vsnprintk
                0x000000000000410e                snprintk
                0x000000000000481c                __vsprintf
 .text.__aeabi_ldivmod
                0x0000000000004834       0x18 out-vsel2/export-ta_arm32/lib/libutils.a(arm32_aeabi_ldivmod_a32.o)
                0x0000000000004834                __aeabi_ldivmod
 .text.__aeabi_uldivmod
                0x000000000000484c       0x18 out-vsel2/export-ta_arm32/lib/libutils.a(arm32_aeabi_ldivmod_a32.o)
                0x000000000000484c                __aeabi_uldivmod
 .text          0x0000000000004864      0x19c out-vsel2/export-ta_arm32/lib/libutils.a(arm32_aeabi_ldivmod.o)
                0x00000000000048ee                __ul_divmod
                0x000000000000495c                __l_divmod
 .text          0x0000000000004a00       0x38 out-vsel2/export-ta_arm32/lib/libutee.a(assert.o)
                0x0000000000004a00                _assert_log
                0x0000000000004a28                _assert_break
 .text          0x0000000000004a38      0x108 out-vsel2/export-ta_arm32/lib/libutee.a(trace_ext.o)
                0x0000000000004a38                trace_ext_puts
                0x0000000000004a4c                trace_ext_get_thread_id
                0x0000000000004a52                printf
                0x0000000000004ac4                puts
                0x0000000000004ae8                putchar
 .text          0x0000000000004b40      0xab0 out-vsel2/export-ta_arm32/lib/libutee.a(tee_api.o)
                0x0000000000004d98                TEE_CloseTASession
                0x0000000000004dac                TEE_GetCancellationFlag
                0x0000000000004dfc                TEE_UnmaskCancellation
                0x0000000000004e4c                TEE_MaskCancellation
                0x0000000000004e9c                TEE_CheckMemoryAccessRights
                0x0000000000004fec                TEE_OpenTASession
                0x00000000000050c8                __GP11_TEE_OpenTASession
                0x000000000000519c                TEE_InvokeTACommand
                0x0000000000005298                __GP11_TEE_InvokeTACommand
                0x000000000000538c                __GP11_TEE_CheckMemoryAccessRights
                0x0000000000005390                TEE_SetInstanceData
                0x000000000000539c                TEE_GetInstanceData
                0x00000000000053a8                TEE_MemMove
                0x00000000000053ac                __GP11_TEE_MemMove
                0x00000000000053b0                TEE_MemCompare
                0x00000000000053b4                __GP11_TEE_MemCompare
                0x00000000000053b8                TEE_MemFill
                0x00000000000053bc                __GP11_TEE_MemFill
                0x00000000000053c0                TEE_GetSystemTime
                0x00000000000053d6                TEE_Wait
                0x00000000000053f4                TEE_GetTAPersistentTime
                0x0000000000005430                TEE_SetTAPersistentTime
                0x0000000000005458                TEE_GetREETime
                0x000000000000546e                TEE_Malloc
                0x0000000000005520                __GP11_TEE_Malloc
                0x0000000000005524                TEE_Free
                0x0000000000005560                TEE_Realloc
                0x00000000000055d8                __GP11_TEE_Realloc
                0x00000000000055dc                TEE_CacheClean
                0x00000000000055e2                TEE_CacheFlush
                0x00000000000055e8                TEE_CacheInvalidate
 .text          0x00000000000055f0       0xe0 out-vsel2/export-ta_arm32/lib/libutee.a(tee_api_panic.o)
                0x0000000000005610                TEE_Panic
                0x000000000000561e                __utee_check_outbuf_annotation
                0x000000000000564c                __utee_check_gp11_outbuf_annotation
                0x000000000000564e                __utee_check_instring_annotation
                0x0000000000005666                __utee_check_outstring_annotation
                0x0000000000005694                __utee_check_gp11_outstring_annotation
                0x0000000000005696                __utee_check_out_annotation
                0x00000000000056a8                __utee_check_attr_in_annotation
                0x00000000000056bc                __utee_check_gp11_attr_in_annotation
                0x00000000000056be                __utee_check_inout_annotation
 .text          0x00000000000056d0      0x208 out-vsel2/export-ta_arm32/lib/libutee.a(tee_system_pta.o)
                0x0000000000005720                tee_map_zi_va
                0x0000000000005790                tee_map_zi
                0x000000000000579a                tee_unmap
                0x000000000000581c                tee_invoke_supp_plugin
 .text          0x00000000000058d8      0x588 out-vsel2/export-ta_arm32/lib/libutee.a(user_ta_entry.o)
                0x0000000000005abc                __utee_call_elf_init_fn
                0x0000000000005ba8                __utee_call_elf_fini_fn
                0x0000000000005c24                __utee_entry
 .text          0x0000000000005e60        0x0 out-vsel2/export-ta_arm32/lib/libutee.a(utee_syscalls_a32.o)
 .text._utee_panic
                0x0000000000005e60       0x14 out-vsel2/export-ta_arm32/lib/libutee.a(utee_syscalls_a32.o)
                0x0000000000005e60                _utee_panic
 .text._utee_return
                0x0000000000005e74       0x14 out-vsel2/export-ta_arm32/lib/libutee.a(utee_syscalls_a32.o)
                0x0000000000005e74                _utee_return
 .text._utee_log
                0x0000000000005e88       0x14 out-vsel2/export-ta_arm32/lib/libutee.a(utee_syscalls_a32.o)
                0x0000000000005e88                _utee_log
 .text.__utee_panic
                0x0000000000005e9c       0x14 out-vsel2/export-ta_arm32/lib/libutee.a(utee_syscalls_a32.o)
                0x0000000000005e9c                __utee_panic
 .text._utee_get_property
                0x0000000000005eb0       0x18 out-vsel2/export-ta_arm32/lib/libutee.a(utee_syscalls_a32.o)
                0x0000000000005eb0                _utee_get_property
 .text._utee_get_property_name_to_index
                0x0000000000005ec8       0x14 out-vsel2/export-ta_arm32/lib/libutee.a(utee_syscalls_a32.o)
                0x0000000000005ec8                _utee_get_property_name_to_index
 .text._utee_open_ta_session
                0x0000000000005edc       0x18 out-vsel2/export-ta_arm32/lib/libutee.a(utee_syscalls_a32.o)
                0x0000000000005edc                _utee_open_ta_session
 .text._utee_close_ta_session
                0x0000000000005ef4       0x14 out-vsel2/export-ta_arm32/lib/libutee.a(utee_syscalls_a32.o)
                0x0000000000005ef4                _utee_close_ta_session
 .text._utee_invoke_ta_command
                0x0000000000005f08       0x18 out-vsel2/export-ta_arm32/lib/libutee.a(utee_syscalls_a32.o)
                0x0000000000005f08                _utee_invoke_ta_command
 .text._utee_get_cancellation_flag
                0x0000000000005f20       0x14 out-vsel2/export-ta_arm32/lib/libutee.a(utee_syscalls_a32.o)
                0x0000000000005f20                _utee_get_cancellation_flag
 .text._utee_check_access_rights
                0x0000000000005f34       0x14 out-vsel2/export-ta_arm32/lib/libutee.a(utee_syscalls_a32.o)
                0x0000000000005f34                _utee_check_access_rights
 .text._utee_unmask_cancellation
                0x0000000000005f48       0x14 out-vsel2/export-ta_arm32/lib/libutee.a(utee_syscalls_a32.o)
                0x0000000000005f48                _utee_unmask_cancellation
 .text._utee_mask_cancellation
                0x0000000000005f5c       0x14 out-vsel2/export-ta_arm32/lib/libutee.a(utee_syscalls_a32.o)
                0x0000000000005f5c                _utee_mask_cancellation
 .text._utee_wait
                0x0000000000005f70       0x14 out-vsel2/export-ta_arm32/lib/libutee.a(utee_syscalls_a32.o)
                0x0000000000005f70                _utee_wait
 .text._utee_get_time
                0x0000000000005f84       0x14 out-vsel2/export-ta_arm32/lib/libutee.a(utee_syscalls_a32.o)
                0x0000000000005f84                _utee_get_time
 .text._utee_set_ta_time
                0x0000000000005f98       0x14 out-vsel2/export-ta_arm32/lib/libutee.a(utee_syscalls_a32.o)
                0x0000000000005f98                _utee_set_ta_time
 .text._utee_cryp_state_alloc
                0x0000000000005fac       0x18 out-vsel2/export-ta_arm32/lib/libutee.a(utee_syscalls_a32.o)
                0x0000000000005fac                _utee_cryp_state_alloc
 .text._utee_cryp_state_copy
                0x0000000000005fc4       0x14 out-vsel2/export-ta_arm32/lib/libutee.a(utee_syscalls_a32.o)
                0x0000000000005fc4                _utee_cryp_state_copy
 .text._utee_cryp_state_free
                0x0000000000005fd8       0x14 out-vsel2/export-ta_arm32/lib/libutee.a(utee_syscalls_a32.o)
                0x0000000000005fd8                _utee_cryp_state_free
 .text._utee_hash_init
                0x0000000000005fec       0x14 out-vsel2/export-ta_arm32/lib/libutee.a(utee_syscalls_a32.o)
                0x0000000000005fec                _utee_hash_init
 .text._utee_hash_update
                0x0000000000006000       0x14 out-vsel2/export-ta_arm32/lib/libutee.a(utee_syscalls_a32.o)
                0x0000000000006000                _utee_hash_update
 .text._utee_hash_final
                0x0000000000006014       0x18 out-vsel2/export-ta_arm32/lib/libutee.a(utee_syscalls_a32.o)
                0x0000000000006014                _utee_hash_final
 .text._utee_cipher_init
                0x000000000000602c       0x14 out-vsel2/export-ta_arm32/lib/libutee.a(utee_syscalls_a32.o)
                0x000000000000602c                _utee_cipher_init
 .text._utee_cipher_update
                0x0000000000006040       0x18 out-vsel2/export-ta_arm32/lib/libutee.a(utee_syscalls_a32.o)
                0x0000000000006040                _utee_cipher_update
 .text._utee_cipher_final
                0x0000000000006058       0x18 out-vsel2/export-ta_arm32/lib/libutee.a(utee_syscalls_a32.o)
                0x0000000000006058                _utee_cipher_final
 .text._utee_cryp_obj_get_info
                0x0000000000006070       0x14 out-vsel2/export-ta_arm32/lib/libutee.a(utee_syscalls_a32.o)
                0x0000000000006070                _utee_cryp_obj_get_info
 .text._utee_cryp_obj_restrict_usage
                0x0000000000006084       0x14 out-vsel2/export-ta_arm32/lib/libutee.a(utee_syscalls_a32.o)
                0x0000000000006084                _utee_cryp_obj_restrict_usage
 .text._utee_cryp_obj_get_attr
                0x0000000000006098       0x14 out-vsel2/export-ta_arm32/lib/libutee.a(utee_syscalls_a32.o)
                0x0000000000006098                _utee_cryp_obj_get_attr
 .text._utee_cryp_obj_alloc
                0x00000000000060ac       0x14 out-vsel2/export-ta_arm32/lib/libutee.a(utee_syscalls_a32.o)
                0x00000000000060ac                _utee_cryp_obj_alloc
 .text._utee_cryp_obj_close
                0x00000000000060c0       0x14 out-vsel2/export-ta_arm32/lib/libutee.a(utee_syscalls_a32.o)
                0x00000000000060c0                _utee_cryp_obj_close
 .text._utee_cryp_obj_reset
                0x00000000000060d4       0x14 out-vsel2/export-ta_arm32/lib/libutee.a(utee_syscalls_a32.o)
                0x00000000000060d4                _utee_cryp_obj_reset
 .text._utee_cryp_obj_populate
                0x00000000000060e8       0x14 out-vsel2/export-ta_arm32/lib/libutee.a(utee_syscalls_a32.o)
                0x00000000000060e8                _utee_cryp_obj_populate
 .text._utee_cryp_obj_copy
                0x00000000000060fc       0x14 out-vsel2/export-ta_arm32/lib/libutee.a(utee_syscalls_a32.o)
                0x00000000000060fc                _utee_cryp_obj_copy
 .text._utee_cryp_derive_key
                0x0000000000006110       0x14 out-vsel2/export-ta_arm32/lib/libutee.a(utee_syscalls_a32.o)
                0x0000000000006110                _utee_cryp_derive_key
 .text._utee_cryp_random_number_generate
                0x0000000000006124       0x14 out-vsel2/export-ta_arm32/lib/libutee.a(utee_syscalls_a32.o)
                0x0000000000006124                _utee_cryp_random_number_generate
 .text._utee_authenc_init
                0x0000000000006138       0x18 out-vsel2/export-ta_arm32/lib/libutee.a(utee_syscalls_a32.o)
                0x0000000000006138                _utee_authenc_init
 .text._utee_authenc_update_aad
                0x0000000000006150       0x14 out-vsel2/export-ta_arm32/lib/libutee.a(utee_syscalls_a32.o)
                0x0000000000006150                _utee_authenc_update_aad
 .text._utee_authenc_update_payload
                0x0000000000006164       0x18 out-vsel2/export-ta_arm32/lib/libutee.a(utee_syscalls_a32.o)
                0x0000000000006164                _utee_authenc_update_payload
 .text._utee_authenc_enc_final
                0x000000000000617c       0x18 out-vsel2/export-ta_arm32/lib/libutee.a(utee_syscalls_a32.o)
                0x000000000000617c                _utee_authenc_enc_final
 .text._utee_authenc_dec_final
                0x0000000000006194       0x18 out-vsel2/export-ta_arm32/lib/libutee.a(utee_syscalls_a32.o)
                0x0000000000006194                _utee_authenc_dec_final
 .text._utee_asymm_operate
                0x00000000000061ac       0x18 out-vsel2/export-ta_arm32/lib/libutee.a(utee_syscalls_a32.o)
                0x00000000000061ac                _utee_asymm_operate
 .text._utee_asymm_verify
                0x00000000000061c4       0x18 out-vsel2/export-ta_arm32/lib/libutee.a(utee_syscalls_a32.o)
                0x00000000000061c4                _utee_asymm_verify
 .text._utee_storage_obj_open
                0x00000000000061dc       0x18 out-vsel2/export-ta_arm32/lib/libutee.a(utee_syscalls_a32.o)
                0x00000000000061dc                _utee_storage_obj_open
 .text._utee_storage_obj_create
                0x00000000000061f4       0x18 out-vsel2/export-ta_arm32/lib/libutee.a(utee_syscalls_a32.o)
                0x00000000000061f4                _utee_storage_obj_create
 .text._utee_storage_obj_del
                0x000000000000620c       0x14 out-vsel2/export-ta_arm32/lib/libutee.a(utee_syscalls_a32.o)
                0x000000000000620c                _utee_storage_obj_del
 .text._utee_storage_obj_rename
                0x0000000000006220       0x14 out-vsel2/export-ta_arm32/lib/libutee.a(utee_syscalls_a32.o)
                0x0000000000006220                _utee_storage_obj_rename
 .text._utee_storage_alloc_enum
                0x0000000000006234       0x14 out-vsel2/export-ta_arm32/lib/libutee.a(utee_syscalls_a32.o)
                0x0000000000006234                _utee_storage_alloc_enum
 .text._utee_storage_free_enum
                0x0000000000006248       0x14 out-vsel2/export-ta_arm32/lib/libutee.a(utee_syscalls_a32.o)
                0x0000000000006248                _utee_storage_free_enum
 .text._utee_storage_reset_enum
                0x000000000000625c       0x14 out-vsel2/export-ta_arm32/lib/libutee.a(utee_syscalls_a32.o)
                0x000000000000625c                _utee_storage_reset_enum
 .text._utee_storage_start_enum
                0x0000000000006270       0x14 out-vsel2/export-ta_arm32/lib/libutee.a(utee_syscalls_a32.o)
                0x0000000000006270                _utee_storage_start_enum
 .text._utee_storage_next_enum
                0x0000000000006284       0x14 out-vsel2/export-ta_arm32/lib/libutee.a(utee_syscalls_a32.o)
                0x0000000000006284                _utee_storage_next_enum
 .text._utee_storage_obj_read
                0x0000000000006298       0x14 out-vsel2/export-ta_arm32/lib/libutee.a(utee_syscalls_a32.o)
                0x0000000000006298                _utee_storage_obj_read
 .text._utee_storage_obj_write
                0x00000000000062ac       0x14 out-vsel2/export-ta_arm32/lib/libutee.a(utee_syscalls_a32.o)
                0x00000000000062ac                _utee_storage_obj_write
 .text._utee_storage_obj_trunc
                0x00000000000062c0       0x14 out-vsel2/export-ta_arm32/lib/libutee.a(utee_syscalls_a32.o)
                0x00000000000062c0                _utee_storage_obj_trunc
 .text._utee_storage_obj_seek
                0x00000000000062d4       0x14 out-vsel2/export-ta_arm32/lib/libutee.a(utee_syscalls_a32.o)
                0x00000000000062d4                _utee_storage_obj_seek
 .text._utee_cryp_obj_generate_key
                0x00000000000062e8       0x14 out-vsel2/export-ta_arm32/lib/libutee.a(utee_syscalls_a32.o)
                0x00000000000062e8                _utee_cryp_obj_generate_key
 .text._utee_cache_operation
                0x00000000000062fc       0x14 out-vsel2/export-ta_arm32/lib/libutee.a(utee_syscalls_a32.o)
                0x00000000000062fc                _utee_cache_operation
 .text.unlikely
                0x0000000000006310       0x18 out-vsel2/export-ta_arm32/lib/libutee.a(abort.o)
                0x0000000000006310                abort
 .text          0x0000000000006328     0x18b4 out-vsel2/export-ta_arm32/lib/libutee.a(tee_api_arith_mpi.o)
                0x0000000000006988                _TEE_MathAPI_Init
                0x00000000000069cc                TEE_BigIntInit
                0x0000000000006a04                __GP11_TEE_BigIntInit
                0x0000000000006a08                TEE_BigIntConvertFromOctetString
                0x0000000000006a94                __GP11_TEE_BigIntConvertFromOctetString
                0x0000000000006a98                TEE_BigIntConvertToOctetString
                0x0000000000006b24                __GP11_TEE_BigIntConvertToOctetString
                0x0000000000006b70                TEE_BigIntConvertFromS32
                0x0000000000006bf4                TEE_BigIntConvertToS32
                0x0000000000006c88                TEE_BigIntCmp
                0x0000000000006cf4                TEE_BigIntCmpS32
                0x0000000000006e94                TEE_BigIntShiftRight
                0x0000000000006fdc                __GP11_TEE_BigIntShiftRight
                0x0000000000006fe0                TEE_BigIntGetBit
                0x0000000000007040                TEE_BigIntGetBitCount
                0x0000000000007098                TEE_BigIntSetBit
                0x0000000000007118                TEE_BigIntAssign
                0x0000000000007144                TEE_BigIntAbs
                0x0000000000007154                TEE_BigIntAdd
                0x0000000000007170                TEE_BigIntSub
                0x000000000000718c                TEE_BigIntNeg
                0x0000000000007234                TEE_BigIntMul
                0x000000000000730c                TEE_BigIntSquare
                0x0000000000007312                TEE_BigIntDiv
                0x0000000000007434                TEE_BigIntMod
                0x0000000000007484                TEE_BigIntAddMod
                0x00000000000074a0                TEE_BigIntSubMod
                0x00000000000074bc                TEE_BigIntMulMod
                0x00000000000074d8                TEE_BigIntSquareMod
                0x00000000000074e0                TEE_BigIntInvMod
                0x00000000000075d4                TEE_BigIntRelativePrime
                0x0000000000007684                TEE_BigIntExpMod
                0x00000000000077d4                TEE_BigIntComputeExtendedGcd
                0x00000000000079b4                TEE_BigIntIsProbablePrime
                0x0000000000007a24                TEE_BigIntInitFMM
                0x0000000000007a28                __GP11_TEE_BigIntInitFMM
                0x0000000000007a2c                TEE_BigIntInitFMMContext
                0x0000000000007a2e                __GP11_TEE_BigIntInitFMMContext
                0x0000000000007a32                TEE_BigIntInitFMMContext1
                0x0000000000007a36                TEE_BigIntFMMSizeInU32
                0x0000000000007a3e                __GP11_TEE_BigIntFMMSizeInU32
                0x0000000000007a42                TEE_BigIntFMMContextSizeInU32
                0x0000000000007a46                __GP11_TEE_BigIntFMMContextSizeInU32
                0x0000000000007a4a                TEE_BigIntConvertToFMM
                0x0000000000007a4e                TEE_BigIntConvertFromFMM
                0x0000000000007ae8                TEE_BigIntComputeFMM
 .text          0x0000000000007bdc     0x11c8 out-vsel2/export-ta_arm32/lib/libutee.a(tee_api_objects.o)
                0x0000000000007bdc                __utee_from_attr
                0x0000000000007c06                __utee_from_gp11_attr
                0x0000000000007c30                TEE_GetObjectInfo
                0x0000000000007cc0                __GP11_TEE_GetObjectInfo
                0x0000000000007d50                TEE_GetObjectInfo1
                0x0000000000007dd8                __GP11_TEE_GetObjectInfo1
                0x0000000000007e60                TEE_RestrictObjectUsage1
                0x0000000000007e80                TEE_RestrictObjectUsage
                0x0000000000007ef0                TEE_GetObjectBufferAttribute
                0x0000000000007fb0                __GP11_TEE_GetObjectBufferAttribute
                0x0000000000008014                TEE_GetObjectValueAttribute
                0x00000000000080f0                TEE_CloseObject
                0x0000000000008104                __GP11_TEE_AllocateTransientObject
                0x0000000000008178                TEE_AllocateTransientObject
                0x0000000000008190                TEE_FreeTransientObject
                0x0000000000008204                TEE_ResetTransientObject
                0x0000000000008278                TEE_PopulateTransientObject
                0x0000000000008330                __GP11_TEE_PopulateTransientObject
                0x00000000000083e8                TEE_InitRefAttribute
                0x000000000000840a                __GP11_TEE_InitRefAttribute
                0x000000000000842c                TEE_InitValueAttribute
                0x000000000000844e                __GP11_TEE_InitValueAttribute
                0x0000000000008470                TEE_CopyObjectAttributes1
                0x0000000000008528                TEE_CopyObjectAttributes
                0x0000000000008598                TEE_GenerateKey
                0x0000000000008624                __GP11_TEE_GenerateKey
                0x00000000000086b0                TEE_OpenPersistentObject
                0x0000000000008754                __GP11_TEE_OpenPersistentObject
                0x0000000000008758                TEE_CreatePersistentObject
                0x0000000000008824                __GP11_TEE_CreatePersistentObject
                0x0000000000008862                TEE_CloseAndDeletePersistentObject1
                0x0000000000008888                TEE_CloseAndDeletePersistentObject
                0x000000000000889e                TEE_RenamePersistentObject
                0x00000000000088d8                __GP11_TEE_RenamePersistentObject
                0x00000000000088dc                TEE_AllocatePersistentObjectEnumerator
                0x0000000000008944                TEE_FreePersistentObjectEnumerator
                0x0000000000008958                TEE_ResetPersistentObjectEnumerator
                0x000000000000896c                TEE_StartPersistentObjectEnumerator
                0x0000000000008998                TEE_GetNextPersistentObject
                0x0000000000008a70                __GP11_TEE_GetNextPersistentObject
                0x0000000000008b48                TEE_ReadObjectData
                0x0000000000008bd4                __GP11_TEE_ReadObjectData
                0x0000000000008c38                TEE_WriteObjectData
                0x0000000000008c78                __GP11_TEE_WriteObjectData
                0x0000000000008c7c                TEE_TruncateObjectData
                0x0000000000008cb4                __GP11_TEE_TruncateObjectData
                0x0000000000008cb8                TEE_SeekObjectData
                0x0000000000008d90                __GP11_TEE_SeekObjectData
 .text          0x0000000000008da4      0xa64 out-vsel2/export-ta_arm32/lib/libutee.a(tee_api_property.o)
                0x000000000000901c                TEE_GetPropertyAsString
                0x00000000000091a8                __GP11_TEE_GetPropertyAsString
                0x000000000000920c                TEE_GetPropertyAsBool
                0x00000000000092a0                TEE_GetPropertyAsU32
                0x0000000000009338                TEE_GetPropertyAsU64
                0x00000000000093d0                __GP11_TEE_GetPropertyAsBinaryBlock
                0x000000000000946c                TEE_GetPropertyAsBinaryBlock
                0x00000000000094d0                TEE_GetPropertyAsUUID
                0x0000000000009568                TEE_GetPropertyAsIdentity
                0x0000000000009600                TEE_ResetPropertyEnumerator
                0x0000000000009608                TEE_AllocatePropertyEnumerator
                0x0000000000009630                TEE_FreePropertyEnumerator
                0x0000000000009634                TEE_StartPropertyEnumerator
                0x000000000000963e                __GP11_TEE_GetPropertyName
                0x0000000000009708                TEE_GetPropertyName
                0x0000000000009768                TEE_GetNextProperty
 .text          0x0000000000009808      0x254 out-vsel2/export-ta_arm32/lib/libutee.a(tcb.o)
                0x0000000000009808                __utee_tcb_init
                0x000000000000999c                __tls_get_addr
                0x00000000000099b4                dl_iterate_phdr
 .text          0x0000000000009a5c     0x23d0 out-vsel2/export-ta_arm32/lib/libmbedtls.a(bignum.o)
                0x0000000000009ade                mbedtls_mpi_lt_mpi_ct
                0x0000000000009b80                mbedtls_mpi_init
                0x0000000000009b8c                mbedtls_mpi_init_mempool
                0x0000000000009bb0                mbedtls_mpi_free
                0x0000000000009bf0                mbedtls_mpi_grow
                0x0000000000009c88                mbedtls_mpi_safe_cond_assign
                0x0000000000009cda                mbedtls_mpi_safe_cond_swap
                0x0000000000009d72                mbedtls_mpi_shrink
                0x0000000000009e24                mbedtls_mpi_copy
                0x0000000000009e8a                mbedtls_mpi_swap
                0x0000000000009ee8                mbedtls_mpi_lset
                0x0000000000009f20                mbedtls_mpi_get_bit
                0x0000000000009f40                mbedtls_mpi_set_bit
                0x0000000000009f90                mbedtls_mpi_lsb
                0x0000000000009fb6                mbedtls_mpi_bitlen
                0x0000000000009fbe                mbedtls_mpi_size
                0x0000000000009fca                mbedtls_mpi_read_binary_le
                0x0000000000009ff6                mbedtls_mpi_read_binary
                0x000000000000a022                mbedtls_mpi_write_binary_le
                0x000000000000a02e                mbedtls_mpi_write_binary
                0x000000000000a03a                mbedtls_mpi_shift_l
                0x000000000000a074                mbedtls_mpi_shift_r
                0x000000000000a086                mbedtls_mpi_cmp_abs
                0x000000000000a0e8                mbedtls_mpi_cmp_mpi
                0x000000000000a16e                mbedtls_mpi_cmp_int
                0x000000000000a1d4                mbedtls_mpi_add_abs
                0x000000000000a264                mbedtls_mpi_sub_abs
                0x000000000000a364                mbedtls_mpi_add_mpi
                0x000000000000a368                mbedtls_mpi_sub_mpi
                0x000000000000a36e                mbedtls_mpi_add_int
                0x000000000000a3d4                mbedtls_mpi_sub_int
                0x000000000000a438                mbedtls_mpi_mul_mpi
                0x000000000000a548                mbedtls_mpi_mul_int
                0x000000000000a5aa                mbedtls_mpi_read_string
                0x000000000000a700                mbedtls_mpi_div_mpi
                0x000000000000aa9c                mbedtls_mpi_div_int
                0x000000000000ab00                mbedtls_mpi_mod_mpi
                0x000000000000ad84                mbedtls_mpi_mod_int
                0x000000000000adf6                mbedtls_mpi_write_string
                0x000000000000b01c                mbedtls_mpi_montg_init
                0x000000000000b02a                mbedtls_mpi_montmul
                0x000000000000b04e                mbedtls_mpi_montred
                0x000000000000b0a4                mbedtls_mpi_exp_mod
                0x000000000000b0b6                mbedtls_mpi_exp_mod_unsafe
                0x000000000000b0ca                mbedtls_mpi_gcd_modinv_odd
                0x000000000000b23c                mbedtls_mpi_gcd
                0x000000000000b390                mbedtls_mpi_fill_random
                0x000000000000b588                mbedtls_mpi_random
                0x000000000000b5c6                mbedtls_mpi_inv_mod_odd
                0x000000000000b664                mbedtls_mpi_inv_mod_even_in_range
                0x000000000000b730                mbedtls_mpi_inv_mod
                0x000000000000b818                mbedtls_mpi_is_prime_ext
                0x000000000000b8b4                mbedtls_mpi_gen_prime
                0x000000000000baf8                mbedtls_mpi_self_test
 .text          0x000000000000be2c      0xce4 out-vsel2/export-ta_arm32/lib/libmbedtls.a(bignum_core.o)
                0x000000000000be88                mbedtls_mpi_core_clz
                0x000000000000be8e                mbedtls_mpi_core_bitlen
                0x000000000000beb2                mbedtls_mpi_core_bigendian_to_host
                0x000000000000bed8                mbedtls_mpi_core_uint_le_mpi
                0x000000000000bf14                mbedtls_mpi_core_lt_ct
                0x000000000000bf64                mbedtls_mpi_core_cond_assign
                0x000000000000bfa0                mbedtls_mpi_core_cond_swap
                0x000000000000bff0                mbedtls_mpi_core_read_le
                0x000000000000c03a                mbedtls_mpi_core_read_be
                0x000000000000c088                mbedtls_mpi_core_write_le
                0x000000000000c0ea                mbedtls_mpi_core_write_be
                0x000000000000c14e                mbedtls_mpi_core_shift_r
                0x000000000000c1d0                mbedtls_mpi_core_shift_l
                0x000000000000c23a                mbedtls_mpi_core_add
                0x000000000000c266                mbedtls_mpi_core_add_if
                0x000000000000c2a0                mbedtls_mpi_core_sub
                0x000000000000c2dc                mbedtls_mpi_core_mla
                0x000000000000c450                mbedtls_mpi_core_mul
                0x000000000000c492                mbedtls_mpi_core_montmul_init
                0x000000000000c4b4                mbedtls_mpi_core_montmul
                0x000000000000c704                mbedtls_mpi_core_get_mont_r2_unsafe
                0x000000000000c738                mbedtls_mpi_core_fill_random
                0x000000000000c796                mbedtls_mpi_core_random
                0x000000000000c830                mbedtls_mpi_core_exp_mod_working_limbs
                0x000000000000c846                mbedtls_mpi_core_exp_mod
                0x000000000000c866                mbedtls_mpi_core_exp_mod_unsafe
                0x000000000000c888                mbedtls_mpi_core_sub_int
                0x000000000000c8aa                mbedtls_mpi_core_check_zero_ct
                0x000000000000c8c2                mbedtls_mpi_core_to_mont_rep
                0x000000000000c8d8                mbedtls_mpi_core_from_mont_rep
                0x000000000000c92c                mbedtls_mpi_core_gcd_modinv_odd
 .text          0x000000000000cb10      0x1e0 out-vsel2/export-ta_arm32/lib/libmbedtls.a(constant_time.o)
                0x000000000000cb6c                mbedtls_ct_memcmp
                0x000000000000cb86                mbedtls_ct_memcmp_partial
                0x000000000000cbda                mbedtls_ct_memmove_left
                0x000000000000cc4c                mbedtls_ct_memcpy_if
                0x000000000000cc88                mbedtls_ct_memcpy_offset
                0x000000000000ccdc                mbedtls_ct_zeroize_if
 .text          0x000000000000ccf0       0x2c out-vsel2/export-ta_arm32/lib/libmbedtls.a(platform_util.o)
                0x000000000000ccf0                mbedtls_platform_zeroize
                0x000000000000cd08                mbedtls_zeroize_and_free
 .text          0x000000000000cd1c      0xf44 out-vsel2/export-ta_arm32/lib/libutils.a(bget_malloc.o)
                0x000000000000ce2c                bget
                0x000000000000d080                bgetz
                0x000000000000d0dc                brel
                0x000000000000d348                bgetr
                0x000000000000d3c8                bpool
                0x000000000000d478                bstats
                0x000000000000d550                bget_main_test
                0x000000000000d7a0                malloc_reset_stats
                0x000000000000d7b8                raw_malloc_flags
                0x000000000000d896                raw_memalign
                0x000000000000d8b4                raw_malloc
                0x000000000000d8d2                raw_free
                0x000000000000d8f0                raw_calloc
                0x000000000000d90e                raw_realloc
                0x000000000000d92c                free_flags
                0x000000000000d944                malloc
                0x000000000000d96c                malloc_flags
                0x000000000000d990                calloc
                0x000000000000d9b8                realloc
                0x000000000000d9e0                memalign
                0x000000000000da08                aligned_alloc
                0x000000000000da3c                free
                0x000000000000da44                free_wipe
                0x000000000000da4c                raw_malloc_get_ctx_size
                0x000000000000da50                raw_malloc_init_ctx
                0x000000000000da62                raw_malloc_add_pool
                0x000000000000daec                raw_malloc_buffer_overlaps_heap
                0x000000000000db3c                raw_malloc_buffer_is_within_alloced
                0x000000000000dbf0                raw_malloc_get_stats
                0x000000000000dc12                malloc_get_stats
                0x000000000000dc24                malloc_add_pool
                0x000000000000dc38                malloc_buffer_is_within_alloced
                0x000000000000dc4c                malloc_buffer_overlaps_heap
 .text          0x000000000000dc60       0x64 out-vsel2/export-ta_arm32/lib/libutils.a(snprintf.o)
                0x000000000000dc60                snprintf
                0x000000000000dcb4                vsnprintf
 .text          0x000000000000dcc4       0xf4 out-vsel2/export-ta_arm32/lib/libutils.a(mempool.o)
                0x000000000000dcc4                mempool_alloc_pool
                0x000000000000dd48                mempool_alloc
                0x000000000000dd84                mempool_calloc
                0x000000000000dda8                mempool_free
 .text          0x000000000000ddb8      0x19c out-vsel2/export-ta_arm32/lib/libutils.a(base64.o)
                0x000000000000ddb8                base64_enc_len
                0x000000000000ddc6                base64_enc
                0x000000000000de90                base64_dec
 .text          0x000000000000df54       0x10 out-vsel2/export-ta_arm32/lib/libutils.a(memset.o)
                0x000000000000df54                memset
 .text          0x000000000000df64       0x24 out-vsel2/export-ta_arm32/lib/libutils.a(strncmp.o)
                0x000000000000df64                strncmp
 .text          0x000000000000df88        0x6 out-vsel2/export-ta_arm32/lib/libutils.a(aeabi_unwind.o)
                0x000000000000df88                __aeabi_unwind_cpp_pr0
                0x000000000000df8a                __aeabi_unwind_cpp_pr1
                0x000000000000df8c                __aeabi_unwind_cpp_pr2
 .text          0x000000000000df8e       0x1c out-vsel2/export-ta_arm32/lib/libutils.a(memchr.o)
                0x000000000000df8e                memchr
 .text          0x000000000000dfaa       0x10 out-vsel2/export-ta_arm32/lib/libutils.a(strlen.o)
                0x000000000000dfaa                strlen
 .text          0x000000000000dfba       0x34 out-vsel2/export-ta_arm32/lib/libutils.a(memmove.o)
                0x000000000000dfba                memmove
 .text          0x000000000000dfee       0x16 out-vsel2/export-ta_arm32/lib/libutils.a(strcmp.o)
                0x000000000000dfee                strcmp
 .text          0x000000000000e004       0x2a out-vsel2/export-ta_arm32/lib/libutils.a(strlcpy.o)
                0x000000000000e004                strlcpy
 .text          0x000000000000e02e       0x48 out-vsel2/export-ta_arm32/lib/libutils.a(consttime_memcmp.o)
                0x000000000000e02e                consttime_memcmp
 .text          0x000000000000e076        0x0 out-vsel2/ta/remoteproc/ta_entry_a32.o
 .text          0x000000000000e076        0x0 out-vsel2/export-ta_arm32/lib/libutils.a(arm32_aeabi_ldivmod_a32.o)
 .text          0x000000000000e076        0x0 out-vsel2/export-ta_arm32/lib/libutee.a(abort.o)
 *fill*         0x000000000000e076        0x2 
 .text.__stub   0x000000000000e078       0x30 linker stubs
 *(SORT_BY_ALIGNMENT(.stub))
 *(SORT_BY_ALIGNMENT(.glue_7))
 .glue_7        0x000000000000e0a8        0x0 linker stubs
 *(SORT_BY_ALIGNMENT(.glue_7t))
 .glue_7t       0x000000000000e0a8        0x0 linker stubs
 *(SORT_BY_ALIGNMENT(.gnu.linkonce.t.*))
 *(SORT_BY_ALIGNMENT(.vfp11_veneer))
 .vfp11_veneer  0x000000000000e0a8        0x0 linker stubs
                0x000000000000e0a8                __text_end = .

.v4_bx          0x000000000000e0a8        0x0
 .v4_bx         0x000000000000e0a8        0x0 linker stubs

.iplt           0x000000000000e0a8        0x0
 .iplt          0x000000000000e0a8        0x0 out-vsel2/ta/remoteproc/src/remoteproc_core.o

.note.gnu.property
 *(SORT_BY_ALIGNMENT(.note.gnu.property))

.plt            0x000000000000e0a8        0x0
 *(SORT_BY_ALIGNMENT(.plt))
 .plt           0x000000000000e0a8        0x0 out-vsel2/ta/remoteproc/src/remoteproc_core.o

.eh_frame_hdr
 *(SORT_BY_ALIGNMENT(.eh_frame_hdr))
 *(SORT_BY_ALIGNMENT(.eh_frame_entry) SORT_BY_ALIGNMENT(.eh_frame_entry.*))

.eh_frame
 *(SORT_BY_ALIGNMENT(.eh_frame))
 *(SORT_BY_ALIGNMENT(.eh_frame.*))

.gcc_except_table
 *(SORT_BY_ALIGNMENT(.gcc_except_table) SORT_BY_ALIGNMENT(.gcc_except_table.*))

.rodata         0x000000000000e0a8     0x14fc
 *(SORT_BY_ALIGNMENT(.gnu.linkonce.r.*))
 *(SORT_BY_ALIGNMENT(.rodata) SORT_BY_ALIGNMENT(.rodata.*))
 .rodata.ta/remoteproc/src/remoteproc_core.c
                0x000000000000e0a8       0xad out-vsel2/ta/remoteproc/src/remoteproc_core.o
 *fill*         0x000000000000e155        0x3 
 .rodata.out-vsel2/export-ta_arm32/src/user_ta_header.c
                0x000000000000e158       0x23 out-vsel2/ta/remoteproc/user_ta_header.o
                0x000000000000e158                ta_num_props
                0x000000000000e170                __ta_no_share_heap_size
                0x000000000000e174                ta_heap_size
                0x000000000000e178                trace_ext_prefix
 *fill*         0x000000000000e17b        0x1 
 .rodata.lib/libutee/tee_api.c
                0x000000000000e17c       0x10 out-vsel2/export-ta_arm32/lib/libutee.a(tee_api.o)
 .rodata.lib/libutee/tee_system_pta.c
                0x000000000000e18c       0x31 out-vsel2/export-ta_arm32/lib/libutee.a(tee_system_pta.o)
 *fill*         0x000000000000e1bd        0x3 
 .rodata.lib/libutee/tee_api_property.c
                0x000000000000e1c0       0x10 out-vsel2/export-ta_arm32/lib/libutee.a(tee_api_property.o)
 .rodata.lib/libmbedtls/mbedtls/library/bignum.c
                0x000000000000e1d0       0xcc out-vsel2/export-ta_arm32/lib/libmbedtls.a(bignum.o)
 .rodata.str1.1.ta/remoteproc/src/remoteproc_core.c
                0x000000000000e29c      0x14a out-vsel2/ta/remoteproc/src/remoteproc_core.o
 .rodata.str1.1.ta/remoteproc/src/elf_parser.c
                0x000000000000e3e6       0xdf out-vsel2/ta/remoteproc/src/elf_parser.o
 .rodata.ta/remoteproc/src/elf_parser.c
                0x000000000000e4c5       0x29 out-vsel2/ta/remoteproc/src/elf_parser.o
 .rodata.str1.1.out-vsel2/export-ta_arm32/src/user_ta_header.c
                0x000000000000e4ee      0x103 out-vsel2/ta/remoteproc/user_ta_header.o
 .rodata.str1.1.lib/libutils/isoc/stack_check.c
                0x000000000000e5f1       0x18 out-vsel2/export-ta_arm32/lib/libutils.a(stack_check.o)
 .rodata.str1.1.lib/libutils/ext/trace.c
                0x000000000000e609       0x1a out-vsel2/export-ta_arm32/lib/libutils.a(trace.o)
                                         0x1b (size before relaxing)
 .rodata.lib/libutils/ext/trace.c
                0x000000000000e623        0x5 out-vsel2/export-ta_arm32/lib/libutils.a(trace.o)
 .rodata.str1.1.lib/libutils/ext/snprintk.c
                0x000000000000e628       0x38 out-vsel2/export-ta_arm32/lib/libutils.a(snprintk.o)
 .rodata.lib/libutils/ext/snprintk.c
                0x000000000000e660       0x22 out-vsel2/export-ta_arm32/lib/libutils.a(snprintk.o)
 .rodata.str1.1.lib/libutee/assert.c
                0x000000000000e682       0x27 out-vsel2/export-ta_arm32/lib/libutee.a(assert.o)
 .rodata.str1.1.lib/libutee/trace_ext.c
                0x000000000000e6a9       0x27 out-vsel2/export-ta_arm32/lib/libutee.a(trace_ext.o)
                                          0x2 (size before relaxing)
 .rodata.str1.1.lib/libutee/tee_api.c
                0x000000000000e6a9       0x11 out-vsel2/export-ta_arm32/lib/libutee.a(tee_api.o)
 .rodata.str1.1.lib/libutee/tee_api_operations.c
                0x000000000000e6ba       0xb4 out-vsel2/export-ta_arm32/lib/libutee.a(tee_api_operations.o)
 .rodata.lib/libutee/tee_api_operations.c
                0x000000000000e76e       0x81 out-vsel2/export-ta_arm32/lib/libutee.a(tee_api_operations.o)
 .rodata.str1.1.lib/libutee/tee_system_pta.c
                0x000000000000e7ef       0x55 out-vsel2/export-ta_arm32/lib/libutee.a(tee_system_pta.o)
 .rodata.str1.1.lib/libutee/user_ta_entry.c
                0x000000000000e844       0x4f out-vsel2/export-ta_arm32/lib/libutee.a(user_ta_entry.o)
 .rodata.lib/libutee/user_ta_entry.c
                0x000000000000e893       0x16 out-vsel2/export-ta_arm32/lib/libutee.a(user_ta_entry.o)
 .rodata.str1.1.lib/libutee/abort.c
                0x000000000000e8a9        0x7 out-vsel2/export-ta_arm32/lib/libutee.a(abort.o)
 .rodata.str1.1.lib/libutee/tee_api_arith_mpi.c
                0x000000000000e8b0       0xc9 out-vsel2/export-ta_arm32/lib/libutee.a(tee_api_arith_mpi.o)
 .rodata.lib/libutee/tee_api_arith_mpi.c
                0x000000000000e979      0x14e out-vsel2/export-ta_arm32/lib/libutee.a(tee_api_arith_mpi.o)
 .rodata.str1.1.lib/libutee/tee_api_property.c
                0x000000000000eac7       0x83 out-vsel2/export-ta_arm32/lib/libutee.a(tee_api_property.o)
                                         0x88 (size before relaxing)
 .rodata.str1.1.lib/libutee/tcb.c
                0x000000000000eb4a       0x8d out-vsel2/export-ta_arm32/lib/libutee.a(tcb.o)
 .rodata.lib/libutee/tcb.c
                0x000000000000ebd7       0x20 out-vsel2/export-ta_arm32/lib/libutee.a(tcb.o)
 .rodata.str1.1.lib/libmbedtls/mbedtls/library/bignum.c
                0x000000000000ebf7      0x456 out-vsel2/export-ta_arm32/lib/libmbedtls.a(bignum.o)
                                        0x45d (size before relaxing)
 .rodata.str1.1.lib/libutils/isoc/bget_malloc.c
                0x000000000000f04d      0x3e6 out-vsel2/export-ta_arm32/lib/libutils.a(bget_malloc.o)
                                        0x3ef (size before relaxing)
 .rodata.lib/libutils/isoc/bget_malloc.c
                0x000000000000f433       0x7b out-vsel2/export-ta_arm32/lib/libutils.a(bget_malloc.o)
 .rodata.str1.1.lib/libutils/ext/mempool.c
                0x000000000000f4ae       0x89 out-vsel2/export-ta_arm32/lib/libutils.a(mempool.o)
 .rodata.lib/libutils/ext/mempool.c
                0x000000000000f537       0x2c out-vsel2/export-ta_arm32/lib/libutils.a(mempool.o)
 .rodata.lib/libutils/ext/base64.c
                0x000000000000f563       0x41 out-vsel2/export-ta_arm32/lib/libutils.a(base64.o)

.gnu.version_d  0x000000000000f5a4        0x0
 .gnu.version_d
                0x000000000000f5a4        0x0 out-vsel2/ta/remoteproc/src/remoteproc_core.o

.gnu.version    0x000000000000f5a4        0x0
 .gnu.version   0x000000000000f5a4        0x0 out-vsel2/ta/remoteproc/src/remoteproc_core.o

.gnu.version_r  0x000000000000f5a4        0x0
 .gnu.version_r
                0x000000000000f5a4        0x0 out-vsel2/ta/remoteproc/src/remoteproc_core.o

.gnu.hash       0x000000000000f5a4       0x30
 .gnu.hash      0x000000000000f5a4       0x30 out-vsel2/ta/remoteproc/src/remoteproc_core.o

.ta_head        0x000000000000f5d8       0x20
 .ta_head       0x000000000000f5d8       0x20 out-vsel2/ta/remoteproc/user_ta_header.o
                0x000000000000f5d8                ta_head

.ARM.extab      0x000000000000f5f8      0x18c
 *(SORT_BY_ALIGNMENT(.ARM.extab*) SORT_BY_ALIGNMENT(.gnu.linkonce.armextab.*))
 .ARM.extab     0x000000000000f5f8        0xc out-vsel2/export-ta_arm32/lib/libutils.a(snprintk.o)
 .ARM.extab.text.__aeabi_ldivmod
                0x000000000000f604        0xc out-vsel2/export-ta_arm32/lib/libutils.a(arm32_aeabi_ldivmod_a32.o)
 .ARM.extab.text.__aeabi_uldivmod
                0x000000000000f610        0xc out-vsel2/export-ta_arm32/lib/libutils.a(arm32_aeabi_ldivmod_a32.o)
 .ARM.extab     0x000000000000f61c        0xc out-vsel2/export-ta_arm32/lib/libutee.a(assert.o)
 .ARM.extab     0x000000000000f628        0xc out-vsel2/export-ta_arm32/lib/libutee.a(trace_ext.o)
 .ARM.extab     0x000000000000f634       0x30 out-vsel2/export-ta_arm32/lib/libutee.a(tee_api.o)
 .ARM.extab     0x000000000000f664       0x3c out-vsel2/export-ta_arm32/lib/libutee.a(tee_api_operations.o)
 .ARM.extab     0x000000000000f6a0       0x24 out-vsel2/export-ta_arm32/lib/libutee.a(tee_api_panic.o)
 .ARM.extab.text._utee_panic
                0x000000000000f6c4        0xc out-vsel2/export-ta_arm32/lib/libutee.a(utee_syscalls_a32.o)
 .ARM.extab.text.unlikely
                0x000000000000f6d0        0xc out-vsel2/export-ta_arm32/lib/libutee.a(abort.o)
 .ARM.extab     0x000000000000f6dc       0x3c out-vsel2/export-ta_arm32/lib/libutee.a(tee_api_arith_mpi.o)
 .ARM.extab     0x000000000000f718       0x30 out-vsel2/export-ta_arm32/lib/libutee.a(tee_api_objects.o)
 .ARM.extab     0x000000000000f748       0x18 out-vsel2/export-ta_arm32/lib/libmbedtls.a(bignum.o)
 .ARM.extab     0x000000000000f760       0x18 out-vsel2/export-ta_arm32/lib/libutils.a(bget_malloc.o)
 .ARM.extab     0x000000000000f778        0xc out-vsel2/export-ta_arm32/lib/libutils.a(snprintf.o)
 .ARM.extab     0x000000000000f784        0x0 out-vsel2/ta/remoteproc/src/remoteproc_core.o
 .ARM.extab     0x000000000000f784        0x0 out-vsel2/ta/remoteproc/src/elf_parser.o
 .ARM.extab     0x000000000000f784        0x0 out-vsel2/ta/remoteproc/user_ta_header.o
 .ARM.extab.text.__ta_entry
                0x000000000000f784        0x0 out-vsel2/ta/remoteproc/ta_entry_a32.o
 .ARM.extab     0x000000000000f784        0x0 out-vsel2/export-ta_arm32/lib/libutils.a(stack_check.o)
 .ARM.extab     0x000000000000f784        0x0 out-vsel2/export-ta_arm32/lib/libutils.a(memcpy.o)
 .ARM.extab     0x000000000000f784        0x0 out-vsel2/export-ta_arm32/lib/libutils.a(memset.o)
 .ARM.extab     0x000000000000f784        0x0 out-vsel2/export-ta_arm32/lib/libutils.a(strncmp.o)
 .ARM.extab     0x000000000000f784        0x0 out-vsel2/export-ta_arm32/lib/libutils.a(trace.o)
 .ARM.extab     0x000000000000f784        0x0 out-vsel2/export-ta_arm32/lib/libutils.a(aeabi_unwind.o)
 .ARM.extab     0x000000000000f784        0x0 out-vsel2/export-ta_arm32/lib/libutils.a(memchr.o)
 .ARM.extab     0x000000000000f784        0x0 out-vsel2/export-ta_arm32/lib/libutils.a(strlen.o)
 .ARM.extab     0x000000000000f784        0x0 out-vsel2/export-ta_arm32/lib/libutils.a(arm32_aeabi_ldivmod.o)
 .ARM.extab     0x000000000000f784        0x0 out-vsel2/export-ta_arm32/lib/libutee.a(tee_system_pta.o)
 .ARM.extab     0x000000000000f784        0x0 out-vsel2/export-ta_arm32/lib/libutee.a(user_ta_entry.o)
 .ARM.extab.text._utee_return
                0x000000000000f784        0x0 out-vsel2/export-ta_arm32/lib/libutee.a(utee_syscalls_a32.o)
 .ARM.extab.text._utee_log
                0x000000000000f784        0x0 out-vsel2/export-ta_arm32/lib/libutee.a(utee_syscalls_a32.o)
 .ARM.extab.text.__utee_panic
                0x000000000000f784        0x0 out-vsel2/export-ta_arm32/lib/libutee.a(utee_syscalls_a32.o)
 .ARM.extab.text._utee_get_property
                0x000000000000f784        0x0 out-vsel2/export-ta_arm32/lib/libutee.a(utee_syscalls_a32.o)
 .ARM.extab.text._utee_get_property_name_to_index
                0x000000000000f784        0x0 out-vsel2/export-ta_arm32/lib/libutee.a(utee_syscalls_a32.o)
 .ARM.extab.text._utee_open_ta_session
                0x000000000000f784        0x0 out-vsel2/export-ta_arm32/lib/libutee.a(utee_syscalls_a32.o)
 .ARM.extab.text._utee_close_ta_session
                0x000000000000f784        0x0 out-vsel2/export-ta_arm32/lib/libutee.a(utee_syscalls_a32.o)
 .ARM.extab.text._utee_invoke_ta_command
                0x000000000000f784        0x0 out-vsel2/export-ta_arm32/lib/libutee.a(utee_syscalls_a32.o)
 .ARM.extab.text._utee_get_cancellation_flag
                0x000000000000f784        0x0 out-vsel2/export-ta_arm32/lib/libutee.a(utee_syscalls_a32.o)
 .ARM.extab.text._utee_check_access_rights
                0x000000000000f784        0x0 out-vsel2/export-ta_arm32/lib/libutee.a(utee_syscalls_a32.o)
 .ARM.extab.text._utee_unmask_cancellation
                0x000000000000f784        0x0 out-vsel2/export-ta_arm32/lib/libutee.a(utee_syscalls_a32.o)
 .ARM.extab.text._utee_mask_cancellation
                0x000000000000f784        0x0 out-vsel2/export-ta_arm32/lib/libutee.a(utee_syscalls_a32.o)
 .ARM.extab.text._utee_wait
                0x000000000000f784        0x0 out-vsel2/export-ta_arm32/lib/libutee.a(utee_syscalls_a32.o)
 .ARM.extab.text._utee_get_time
                0x000000000000f784        0x0 out-vsel2/export-ta_arm32/lib/libutee.a(utee_syscalls_a32.o)
 .ARM.extab.text._utee_set_ta_time
                0x000000000000f784        0x0 out-vsel2/export-ta_arm32/lib/libutee.a(utee_syscalls_a32.o)
 .ARM.extab.text._utee_cryp_state_alloc
                0x000000000000f784        0x0 out-vsel2/export-ta_arm32/lib/libutee.a(utee_syscalls_a32.o)
 .ARM.extab.text._utee_cryp_state_copy
                0x000000000000f784        0x0 out-vsel2/export-ta_arm32/lib/libutee.a(utee_syscalls_a32.o)
 .ARM.extab.text._utee_cryp_state_free
                0x000000000000f784        0x0 out-vsel2/export-ta_arm32/lib/libutee.a(utee_syscalls_a32.o)
 .ARM.extab.text._utee_hash_init
                0x000000000000f784        0x0 out-vsel2/export-ta_arm32/lib/libutee.a(utee_syscalls_a32.o)
 .ARM.extab.text._utee_hash_update
                0x000000000000f784        0x0 out-vsel2/export-ta_arm32/lib/libutee.a(utee_syscalls_a32.o)
 .ARM.extab.text._utee_hash_final
                0x000000000000f784        0x0 out-vsel2/export-ta_arm32/lib/libutee.a(utee_syscalls_a32.o)
 .ARM.extab.text._utee_cipher_init
                0x000000000000f784        0x0 out-vsel2/export-ta_arm32/lib/libutee.a(utee_syscalls_a32.o)
 .ARM.extab.text._utee_cipher_update
                0x000000000000f784        0x0 out-vsel2/export-ta_arm32/lib/libutee.a(utee_syscalls_a32.o)
 .ARM.extab.text._utee_cipher_final
                0x000000000000f784        0x0 out-vsel2/export-ta_arm32/lib/libutee.a(utee_syscalls_a32.o)
 .ARM.extab.text._utee_cryp_obj_get_info
                0x000000000000f784        0x0 out-vsel2/export-ta_arm32/lib/libutee.a(utee_syscalls_a32.o)
 .ARM.extab.text._utee_cryp_obj_restrict_usage
                0x000000000000f784        0x0 out-vsel2/export-ta_arm32/lib/libutee.a(utee_syscalls_a32.o)
 .ARM.extab.text._utee_cryp_obj_get_attr
                0x000000000000f784        0x0 out-vsel2/export-ta_arm32/lib/libutee.a(utee_syscalls_a32.o)
 .ARM.extab.text._utee_cryp_obj_alloc
                0x000000000000f784        0x0 out-vsel2/export-ta_arm32/lib/libutee.a(utee_syscalls_a32.o)
 .ARM.extab.text._utee_cryp_obj_close
                0x000000000000f784        0x0 out-vsel2/export-ta_arm32/lib/libutee.a(utee_syscalls_a32.o)
 .ARM.extab.text._utee_cryp_obj_reset
                0x000000000000f784        0x0 out-vsel2/export-ta_arm32/lib/libutee.a(utee_syscalls_a32.o)
 .ARM.extab.text._utee_cryp_obj_populate
                0x000000000000f784        0x0 out-vsel2/export-ta_arm32/lib/libutee.a(utee_syscalls_a32.o)
 .ARM.extab.text._utee_cryp_obj_copy
                0x000000000000f784        0x0 out-vsel2/export-ta_arm32/lib/libutee.a(utee_syscalls_a32.o)
 .ARM.extab.text._utee_cryp_derive_key
                0x000000000000f784        0x0 out-vsel2/export-ta_arm32/lib/libutee.a(utee_syscalls_a32.o)
 .ARM.extab.text._utee_cryp_random_number_generate
                0x000000000000f784        0x0 out-vsel2/export-ta_arm32/lib/libutee.a(utee_syscalls_a32.o)
 .ARM.extab.text._utee_authenc_init
                0x000000000000f784        0x0 out-vsel2/export-ta_arm32/lib/libutee.a(utee_syscalls_a32.o)
 .ARM.extab.text._utee_authenc_update_aad
                0x000000000000f784        0x0 out-vsel2/export-ta_arm32/lib/libutee.a(utee_syscalls_a32.o)
 .ARM.extab.text._utee_authenc_update_payload
                0x000000000000f784        0x0 out-vsel2/export-ta_arm32/lib/libutee.a(utee_syscalls_a32.o)
 .ARM.extab.text._utee_authenc_enc_final
                0x000000000000f784        0x0 out-vsel2/export-ta_arm32/lib/libutee.a(utee_syscalls_a32.o)
 .ARM.extab.text._utee_authenc_dec_final
                0x000000000000f784        0x0 out-vsel2/export-ta_arm32/lib/libutee.a(utee_syscalls_a32.o)
 .ARM.extab.text._utee_asymm_operate
                0x000000000000f784        0x0 out-vsel2/export-ta_arm32/lib/libutee.a(utee_syscalls_a32.o)
 .ARM.extab.text._utee_asymm_verify
                0x000000000000f784        0x0 out-vsel2/export-ta_arm32/lib/libutee.a(utee_syscalls_a32.o)
 .ARM.extab.text._utee_storage_obj_open
                0x000000000000f784        0x0 out-vsel2/export-ta_arm32/lib/libutee.a(utee_syscalls_a32.o)
 .ARM.extab.text._utee_storage_obj_create
                0x000000000000f784        0x0 out-vsel2/export-ta_arm32/lib/libutee.a(utee_syscalls_a32.o)
 .ARM.extab.text._utee_storage_obj_del
                0x000000000000f784        0x0 out-vsel2/export-ta_arm32/lib/libutee.a(utee_syscalls_a32.o)
 .ARM.extab.text._utee_storage_obj_rename
                0x000000000000f784        0x0 out-vsel2/export-ta_arm32/lib/libutee.a(utee_syscalls_a32.o)
 .ARM.extab.text._utee_storage_alloc_enum
                0x000000000000f784        0x0 out-vsel2/export-ta_arm32/lib/libutee.a(utee_syscalls_a32.o)
 .ARM.extab.text._utee_storage_free_enum
                0x000000000000f784        0x0 out-vsel2/export-ta_arm32/lib/libutee.a(utee_syscalls_a32.o)
 .ARM.extab.text._utee_storage_reset_enum
                0x000000000000f784        0x0 out-vsel2/export-ta_arm32/lib/libutee.a(utee_syscalls_a32.o)
 .ARM.extab.text._utee_storage_start_enum
                0x000000000000f784        0x0 out-vsel2/export-ta_arm32/lib/libutee.a(utee_syscalls_a32.o)
 .ARM.extab.text._utee_storage_next_enum
                0x000000000000f784        0x0 out-vsel2/export-ta_arm32/lib/libutee.a(utee_syscalls_a32.o)
 .ARM.extab.text._utee_storage_obj_read
                0x000000000000f784        0x0 out-vsel2/export-ta_arm32/lib/libutee.a(utee_syscalls_a32.o)
 .ARM.extab.text._utee_storage_obj_write
                0x000000000000f784        0x0 out-vsel2/export-ta_arm32/lib/libutee.a(utee_syscalls_a32.o)
 .ARM.extab.text._utee_storage_obj_trunc
                0x000000000000f784        0x0 out-vsel2/export-ta_arm32/lib/libutee.a(utee_syscalls_a32.o)
 .ARM.extab.text._utee_storage_obj_seek
                0x000000000000f784        0x0 out-vsel2/export-ta_arm32/lib/libutee.a(utee_syscalls_a32.o)
 .ARM.extab.text._utee_cryp_obj_generate_key
                0x000000000000f784        0x0 out-vsel2/export-ta_arm32/lib/libutee.a(utee_syscalls_a32.o)
 .ARM.extab.text._utee_cache_operation
                0x000000000000f784        0x0 out-vsel2/export-ta_arm32/lib/libutee.a(utee_syscalls_a32.o)
 .ARM.extab     0x000000000000f784        0x0 out-vsel2/export-ta_arm32/lib/libutee.a(tee_api_property.o)
 .ARM.extab     0x000000000000f784        0x0 out-vsel2/export-ta_arm32/lib/libutee.a(tcb.o)
 .ARM.extab     0x000000000000f784        0x0 out-vsel2/export-ta_arm32/lib/libmbedtls.a(bignum_core.o)
 .ARM.extab     0x000000000000f784        0x0 out-vsel2/export-ta_arm32/lib/libmbedtls.a(constant_time.o)
 .ARM.extab     0x000000000000f784        0x0 out-vsel2/export-ta_arm32/lib/libmbedtls.a(platform_util.o)
 .ARM.extab     0x000000000000f784        0x0 out-vsel2/export-ta_arm32/lib/libutils.a(memmove.o)
 .ARM.extab     0x000000000000f784        0x0 out-vsel2/export-ta_arm32/lib/libutils.a(strcmp.o)
 .ARM.extab     0x000000000000f784        0x0 out-vsel2/export-ta_arm32/lib/libutils.a(strlcpy.o)
 .ARM.extab     0x000000000000f784        0x0 out-vsel2/export-ta_arm32/lib/libutils.a(mempool.o)
 .ARM.extab     0x000000000000f784        0x0 out-vsel2/export-ta_arm32/lib/libutils.a(consttime_memcmp.o)
 .ARM.extab     0x000000000000f784        0x0 out-vsel2/export-ta_arm32/lib/libutils.a(base64.o)
                [!provide]                        PROVIDE (__exidx_start = .)

.ARM.exidx      0x000000000000f784      0xb80
 *(SORT_BY_ALIGNMENT(.ARM.exidx*) SORT_BY_ALIGNMENT(.gnu.linkonce.armexidx.*))
 .ARM.exidx     0x000000000000f784      0x1a0 out-vsel2/export-ta_arm32/lib/libutee.a(tee_api_operations.o)
                                        0x1f8 (size before relaxing)
 .ARM.exidx     0x000000000000f924       0x30 out-vsel2/ta/remoteproc/src/remoteproc_core.o
                                         0x40 (size before relaxing)
 .ARM.exidx     0x000000000000f954       0x18 out-vsel2/ta/remoteproc/src/elf_parser.o
                                         0x20 (size before relaxing)
 .ARM.exidx     0x000000000000f96c       0x10 out-vsel2/ta/remoteproc/user_ta_header.o
 .ARM.exidx.text.__ta_entry
                0x000000000000f97c        0x8 out-vsel2/ta/remoteproc/ta_entry_a32.o
 .ARM.exidx     0x000000000000f984        0x8 out-vsel2/export-ta_arm32/lib/libutils.a(stack_check.o)
 .ARM.exidx     0x000000000000f98c        0x8 out-vsel2/export-ta_arm32/lib/libutils.a(memcpy.o)
 .ARM.exidx     0x000000000000f994       0x20 out-vsel2/export-ta_arm32/lib/libutils.a(trace.o)
                                         0x28 (size before relaxing)
 .ARM.exidx     0x000000000000f9b4       0x28 out-vsel2/export-ta_arm32/lib/libutils.a(snprintk.o)
 .ARM.exidx.text.__aeabi_ldivmod
                0x000000000000f9dc        0x8 out-vsel2/export-ta_arm32/lib/libutils.a(arm32_aeabi_ldivmod_a32.o)
 .ARM.exidx.text.__aeabi_uldivmod
                0x000000000000f9e4        0x8 out-vsel2/export-ta_arm32/lib/libutils.a(arm32_aeabi_ldivmod_a32.o)
 .ARM.exidx     0x000000000000f9ec       0x18 out-vsel2/export-ta_arm32/lib/libutils.a(arm32_aeabi_ldivmod.o)
 .ARM.exidx     0x000000000000fa04       0x10 out-vsel2/export-ta_arm32/lib/libutee.a(assert.o)
 .ARM.exidx     0x000000000000fa14       0x28 out-vsel2/export-ta_arm32/lib/libutee.a(trace_ext.o)
 .ARM.exidx     0x000000000000fa3c       0xa0 out-vsel2/export-ta_arm32/lib/libutee.a(tee_api.o)
                                        0x138 (size before relaxing)
 .ARM.exidx     0x000000000000fadc       0x58 out-vsel2/export-ta_arm32/lib/libutee.a(tee_api_panic.o)
                                         0x60 (size before relaxing)
 .ARM.exidx     0x000000000000fb34       0x28 out-vsel2/export-ta_arm32/lib/libutee.a(tee_system_pta.o)
 .ARM.exidx     0x000000000000fb5c       0x48 out-vsel2/export-ta_arm32/lib/libutee.a(user_ta_entry.o)
                                         0x50 (size before relaxing)
 .ARM.exidx.text._utee_panic
                0x000000000000fba4        0x8 out-vsel2/export-ta_arm32/lib/libutee.a(utee_syscalls_a32.o)
 .ARM.exidx.text._utee_return
                0x000000000000fbac        0x8 out-vsel2/export-ta_arm32/lib/libutee.a(utee_syscalls_a32.o)
 .ARM.exidx.text._utee_log
                0x000000000000fbb4        0x0 out-vsel2/export-ta_arm32/lib/libutee.a(utee_syscalls_a32.o)
                                          0x8 (size before relaxing)
 .ARM.exidx.text.__utee_panic
                0x000000000000fbb4        0x0 out-vsel2/export-ta_arm32/lib/libutee.a(utee_syscalls_a32.o)
                                          0x8 (size before relaxing)
 .ARM.exidx.text._utee_get_property
                0x000000000000fbb4        0x0 out-vsel2/export-ta_arm32/lib/libutee.a(utee_syscalls_a32.o)
                                          0x8 (size before relaxing)
 .ARM.exidx.text._utee_get_property_name_to_index
                0x000000000000fbb4        0x0 out-vsel2/export-ta_arm32/lib/libutee.a(utee_syscalls_a32.o)
                                          0x8 (size before relaxing)
 .ARM.exidx.text._utee_open_ta_session
                0x000000000000fbb4        0x0 out-vsel2/export-ta_arm32/lib/libutee.a(utee_syscalls_a32.o)
                                          0x8 (size before relaxing)
 .ARM.exidx.text._utee_close_ta_session
                0x000000000000fbb4        0x0 out-vsel2/export-ta_arm32/lib/libutee.a(utee_syscalls_a32.o)
                                          0x8 (size before relaxing)
 .ARM.exidx.text._utee_invoke_ta_command
                0x000000000000fbb4        0x0 out-vsel2/export-ta_arm32/lib/libutee.a(utee_syscalls_a32.o)
                                          0x8 (size before relaxing)
 .ARM.exidx.text._utee_get_cancellation_flag
                0x000000000000fbb4        0x0 out-vsel2/export-ta_arm32/lib/libutee.a(utee_syscalls_a32.o)
                                          0x8 (size before relaxing)
 .ARM.exidx.text._utee_check_access_rights
                0x000000000000fbb4        0x0 out-vsel2/export-ta_arm32/lib/libutee.a(utee_syscalls_a32.o)
                                          0x8 (size before relaxing)
 .ARM.exidx.text._utee_unmask_cancellation
                0x000000000000fbb4        0x0 out-vsel2/export-ta_arm32/lib/libutee.a(utee_syscalls_a32.o)
                                          0x8 (size before relaxing)
 .ARM.exidx.text._utee_mask_cancellation
                0x000000000000fbb4        0x0 out-vsel2/export-ta_arm32/lib/libutee.a(utee_syscalls_a32.o)
                                          0x8 (size before relaxing)
 .ARM.exidx.text._utee_wait
                0x000000000000fbb4        0x0 out-vsel2/export-ta_arm32/lib/libutee.a(utee_syscalls_a32.o)
                                          0x8 (size before relaxing)
 .ARM.exidx.text._utee_get_time
                0x000000000000fbb4        0x0 out-vsel2/export-ta_arm32/lib/libutee.a(utee_syscalls_a32.o)
                                          0x8 (size before relaxing)
 .ARM.exidx.text._utee_set_ta_time
                0x000000000000fbb4        0x0 out-vsel2/export-ta_arm32/lib/libutee.a(utee_syscalls_a32.o)
                                          0x8 (size before relaxing)
 .ARM.exidx.text._utee_cryp_state_alloc
                0x000000000000fbb4        0x0 out-vsel2/export-ta_arm32/lib/libutee.a(utee_syscalls_a32.o)
                                          0x8 (size before relaxing)
 .ARM.exidx.text._utee_cryp_state_copy
                0x000000000000fbb4        0x0 out-vsel2/export-ta_arm32/lib/libutee.a(utee_syscalls_a32.o)
                                          0x8 (size before relaxing)
 .ARM.exidx.text._utee_cryp_state_free
                0x000000000000fbb4        0x0 out-vsel2/export-ta_arm32/lib/libutee.a(utee_syscalls_a32.o)
                                          0x8 (size before relaxing)
 .ARM.exidx.text._utee_hash_init
                0x000000000000fbb4        0x0 out-vsel2/export-ta_arm32/lib/libutee.a(utee_syscalls_a32.o)
                                          0x8 (size before relaxing)
 .ARM.exidx.text._utee_hash_update
                0x000000000000fbb4        0x0 out-vsel2/export-ta_arm32/lib/libutee.a(utee_syscalls_a32.o)
                                          0x8 (size before relaxing)
 .ARM.exidx.text._utee_hash_final
                0x000000000000fbb4        0x0 out-vsel2/export-ta_arm32/lib/libutee.a(utee_syscalls_a32.o)
                                          0x8 (size before relaxing)
 .ARM.exidx.text._utee_cipher_init
                0x000000000000fbb4        0x0 out-vsel2/export-ta_arm32/lib/libutee.a(utee_syscalls_a32.o)
                                          0x8 (size before relaxing)
 .ARM.exidx.text._utee_cipher_update
                0x000000000000fbb4        0x0 out-vsel2/export-ta_arm32/lib/libutee.a(utee_syscalls_a32.o)
                                          0x8 (size before relaxing)
 .ARM.exidx.text._utee_cipher_final
                0x000000000000fbb4        0x0 out-vsel2/export-ta_arm32/lib/libutee.a(utee_syscalls_a32.o)
                                          0x8 (size before relaxing)
 .ARM.exidx.text._utee_cryp_obj_get_info
                0x000000000000fbb4        0x0 out-vsel2/export-ta_arm32/lib/libutee.a(utee_syscalls_a32.o)
                                          0x8 (size before relaxing)
 .ARM.exidx.text._utee_cryp_obj_restrict_usage
                0x000000000000fbb4        0x0 out-vsel2/export-ta_arm32/lib/libutee.a(utee_syscalls_a32.o)
                                          0x8 (size before relaxing)
 .ARM.exidx.text._utee_cryp_obj_get_attr
                0x000000000000fbb4        0x0 out-vsel2/export-ta_arm32/lib/libutee.a(utee_syscalls_a32.o)
                                          0x8 (size before relaxing)
 .ARM.exidx.text._utee_cryp_obj_alloc
                0x000000000000fbb4        0x0 out-vsel2/export-ta_arm32/lib/libutee.a(utee_syscalls_a32.o)
                                          0x8 (size before relaxing)
 .ARM.exidx.text._utee_cryp_obj_close
                0x000000000000fbb4        0x0 out-vsel2/export-ta_arm32/lib/libutee.a(utee_syscalls_a32.o)
                                          0x8 (size before relaxing)
 .ARM.exidx.text._utee_cryp_obj_reset
                0x000000000000fbb4        0x0 out-vsel2/export-ta_arm32/lib/libutee.a(utee_syscalls_a32.o)
                                          0x8 (size before relaxing)
 .ARM.exidx.text._utee_cryp_obj_populate
                0x000000000000fbb4        0x0 out-vsel2/export-ta_arm32/lib/libutee.a(utee_syscalls_a32.o)
                                          0x8 (size before relaxing)
 .ARM.exidx.text._utee_cryp_obj_copy
                0x000000000000fbb4        0x0 out-vsel2/export-ta_arm32/lib/libutee.a(utee_syscalls_a32.o)
                                          0x8 (size before relaxing)
 .ARM.exidx.text._utee_cryp_derive_key
                0x000000000000fbb4        0x0 out-vsel2/export-ta_arm32/lib/libutee.a(utee_syscalls_a32.o)
                                          0x8 (size before relaxing)
 .ARM.exidx.text._utee_cryp_random_number_generate
                0x000000000000fbb4        0x0 out-vsel2/export-ta_arm32/lib/libutee.a(utee_syscalls_a32.o)
                                          0x8 (size before relaxing)
 .ARM.exidx.text._utee_authenc_init
                0x000000000000fbb4        0x0 out-vsel2/export-ta_arm32/lib/libutee.a(utee_syscalls_a32.o)
                                          0x8 (size before relaxing)
 .ARM.exidx.text._utee_authenc_update_aad
                0x000000000000fbb4        0x0 out-vsel2/export-ta_arm32/lib/libutee.a(utee_syscalls_a32.o)
                                          0x8 (size before relaxing)
 .ARM.exidx.text._utee_authenc_update_payload
                0x000000000000fbb4        0x0 out-vsel2/export-ta_arm32/lib/libutee.a(utee_syscalls_a32.o)
                                          0x8 (size before relaxing)
 .ARM.exidx.text._utee_authenc_enc_final
                0x000000000000fbb4        0x0 out-vsel2/export-ta_arm32/lib/libutee.a(utee_syscalls_a32.o)
                                          0x8 (size before relaxing)
 .ARM.exidx.text._utee_authenc_dec_final
                0x000000000000fbb4        0x0 out-vsel2/export-ta_arm32/lib/libutee.a(utee_syscalls_a32.o)
                                          0x8 (size before relaxing)
 .ARM.exidx.text._utee_asymm_operate
                0x000000000000fbb4        0x0 out-vsel2/export-ta_arm32/lib/libutee.a(utee_syscalls_a32.o)
                                          0x8 (size before relaxing)
 .ARM.exidx.text._utee_asymm_verify
                0x000000000000fbb4        0x0 out-vsel2/export-ta_arm32/lib/libutee.a(utee_syscalls_a32.o)
                                          0x8 (size before relaxing)
 .ARM.exidx.text._utee_storage_obj_open
                0x000000000000fbb4        0x0 out-vsel2/export-ta_arm32/lib/libutee.a(utee_syscalls_a32.o)
                                          0x8 (size before relaxing)
 .ARM.exidx.text._utee_storage_obj_create
                0x000000000000fbb4        0x0 out-vsel2/export-ta_arm32/lib/libutee.a(utee_syscalls_a32.o)
                                          0x8 (size before relaxing)
 .ARM.exidx.text._utee_storage_obj_del
                0x000000000000fbb4        0x0 out-vsel2/export-ta_arm32/lib/libutee.a(utee_syscalls_a32.o)
                                          0x8 (size before relaxing)
 .ARM.exidx.text._utee_storage_obj_rename
                0x000000000000fbb4        0x0 out-vsel2/export-ta_arm32/lib/libutee.a(utee_syscalls_a32.o)
                                          0x8 (size before relaxing)
 .ARM.exidx.text._utee_storage_alloc_enum
                0x000000000000fbb4        0x0 out-vsel2/export-ta_arm32/lib/libutee.a(utee_syscalls_a32.o)
                                          0x8 (size before relaxing)
 .ARM.exidx.text._utee_storage_free_enum
                0x000000000000fbb4        0x0 out-vsel2/export-ta_arm32/lib/libutee.a(utee_syscalls_a32.o)
                                          0x8 (size before relaxing)
 .ARM.exidx.text._utee_storage_reset_enum
                0x000000000000fbb4        0x0 out-vsel2/export-ta_arm32/lib/libutee.a(utee_syscalls_a32.o)
                                          0x8 (size before relaxing)
 .ARM.exidx.text._utee_storage_start_enum
                0x000000000000fbb4        0x0 out-vsel2/export-ta_arm32/lib/libutee.a(utee_syscalls_a32.o)
                                          0x8 (size before relaxing)
 .ARM.exidx.text._utee_storage_next_enum
                0x000000000000fbb4        0x0 out-vsel2/export-ta_arm32/lib/libutee.a(utee_syscalls_a32.o)
                                          0x8 (size before relaxing)
 .ARM.exidx.text._utee_storage_obj_read
                0x000000000000fbb4        0x0 out-vsel2/export-ta_arm32/lib/libutee.a(utee_syscalls_a32.o)
                                          0x8 (size before relaxing)
 .ARM.exidx.text._utee_storage_obj_write
                0x000000000000fbb4        0x0 out-vsel2/export-ta_arm32/lib/libutee.a(utee_syscalls_a32.o)
                                          0x8 (size before relaxing)
 .ARM.exidx.text._utee_storage_obj_trunc
                0x000000000000fbb4        0x0 out-vsel2/export-ta_arm32/lib/libutee.a(utee_syscalls_a32.o)
                                          0x8 (size before relaxing)
 .ARM.exidx.text._utee_storage_obj_seek
                0x000000000000fbb4        0x0 out-vsel2/export-ta_arm32/lib/libutee.a(utee_syscalls_a32.o)
                                          0x8 (size before relaxing)
 .ARM.exidx.text._utee_cryp_obj_generate_key
                0x000000000000fbb4        0x0 out-vsel2/export-ta_arm32/lib/libutee.a(utee_syscalls_a32.o)
                                          0x8 (size before relaxing)
 .ARM.exidx.text._utee_cache_operation
                0x000000000000fbb4        0x0 out-vsel2/export-ta_arm32/lib/libutee.a(utee_syscalls_a32.o)
                                          0x8 (size before relaxing)
 .ARM.exidx.text.unlikely
                0x000000000000fbb4        0x8 out-vsel2/export-ta_arm32/lib/libutee.a(abort.o)
 .ARM.exidx     0x000000000000fbbc      0x148 out-vsel2/export-ta_arm32/lib/libutee.a(tee_api_arith_mpi.o)
                                        0x1b8 (size before relaxing)
 .ARM.exidx     0x000000000000fd04      0x128 out-vsel2/export-ta_arm32/lib/libutee.a(tee_api_objects.o)
                                        0x180 (size before relaxing)
 .ARM.exidx     0x000000000000fe2c       0x78 out-vsel2/export-ta_arm32/lib/libutee.a(tee_api_property.o)
                                         0xa0 (size before relaxing)
 .ARM.exidx     0x000000000000fea4       0x18 out-vsel2/export-ta_arm32/lib/libutee.a(tcb.o)
 .ARM.exidx     0x000000000000febc      0x198 out-vsel2/export-ta_arm32/lib/libmbedtls.a(bignum.o)
                                        0x1f0 (size before relaxing)
 .ARM.exidx     0x0000000000010054       0xf8 out-vsel2/export-ta_arm32/lib/libmbedtls.a(bignum_core.o)
                                        0x110 (size before relaxing)
 .ARM.exidx     0x000000000001014c       0x40 out-vsel2/export-ta_arm32/lib/libmbedtls.a(constant_time.o)
 .ARM.exidx     0x000000000001018c        0x8 out-vsel2/export-ta_arm32/lib/libmbedtls.a(platform_util.o)
                                         0x10 (size before relaxing)
 .ARM.exidx     0x0000000000010194       0xe8 out-vsel2/export-ta_arm32/lib/libutils.a(bget_malloc.o)
                                        0x130 (size before relaxing)
 .ARM.exidx     0x000000000001027c       0x10 out-vsel2/export-ta_arm32/lib/libutils.a(snprintf.o)
 .ARM.exidx     0x000000000001028c       0x20 out-vsel2/export-ta_arm32/lib/libutils.a(mempool.o)
 .ARM.exidx     0x00000000000102ac        0x8 out-vsel2/export-ta_arm32/lib/libutils.a(base64.o)
                                         0x18 (size before relaxing)
 .ARM.exidx     0x00000000000102b4        0x8 out-vsel2/export-ta_arm32/lib/libutils.a(memset.o)
 .ARM.exidx     0x00000000000102bc        0x8 out-vsel2/export-ta_arm32/lib/libutils.a(strncmp.o)
 .ARM.exidx     0x00000000000102c4        0x8 out-vsel2/export-ta_arm32/lib/libutils.a(aeabi_unwind.o)
                                         0x18 (size before relaxing)
 .ARM.exidx     0x00000000000102cc        0x8 out-vsel2/export-ta_arm32/lib/libutils.a(memchr.o)
 .ARM.exidx     0x00000000000102d4        0x8 out-vsel2/export-ta_arm32/lib/libutils.a(strlen.o)
 .ARM.exidx     0x00000000000102dc        0x8 out-vsel2/export-ta_arm32/lib/libutils.a(memmove.o)
 .ARM.exidx     0x00000000000102e4        0x8 out-vsel2/export-ta_arm32/lib/libutils.a(strcmp.o)
 .ARM.exidx     0x00000000000102ec        0x8 out-vsel2/export-ta_arm32/lib/libutils.a(strlcpy.o)
 .ARM.exidx     0x00000000000102f4       0x10 out-vsel2/export-ta_arm32/lib/libutils.a(consttime_memcmp.o)
                                          0x8 (size before relaxing)
                [!provide]                        PROVIDE (__exidx_end = .)

.ctors
 *(SORT_BY_ALIGNMENT(.ctors))

.dtors
 *(SORT_BY_ALIGNMENT(.dtors))

.dynsym         0x0000000000010304       0x70
 *(SORT_BY_ALIGNMENT(.dynsym))
 .dynsym        0x0000000000010304       0x70 out-vsel2/ta/remoteproc/src/remoteproc_core.o

.dynstr         0x0000000000010374       0x36
 *(SORT_BY_ALIGNMENT(.dynstr))
 .dynstr        0x0000000000010374       0x36 out-vsel2/ta/remoteproc/src/remoteproc_core.o

.hash           0x00000000000103ac       0x30
 *(SORT_BY_ALIGNMENT(.hash))
 .hash          0x00000000000103ac       0x30 out-vsel2/ta/remoteproc/src/remoteproc_core.o
                0x0000000000011000                . = ALIGN (0x1000)

.dynamic        0x0000000000011000       0x88
 *(SORT_BY_ALIGNMENT(.dynamic))
 .dynamic       0x0000000000011000       0x88 out-vsel2/ta/remoteproc/src/remoteproc_core.o
                0x0000000000011000                _DYNAMIC

.tdata
 *(SORT_BY_ALIGNMENT(.tdata) SORT_BY_ALIGNMENT(.tdata.*) SORT_BY_ALIGNMENT(.gnu.linkonce.td.*))

.tbss
 *(SORT_BY_ALIGNMENT(.tbss) SORT_BY_ALIGNMENT(.tbss.*) SORT_BY_ALIGNMENT(.gnu.linkonce.tb.*))
 *(SORT_BY_ALIGNMENT(.tcommon))

.got            0x0000000000011088       0x68
 *(SORT_BY_ALIGNMENT(.got.plt))
 .got.plt       0x0000000000011088        0xc out-vsel2/ta/remoteproc/src/remoteproc_core.o
                0x0000000000011088                _GLOBAL_OFFSET_TABLE_
 *(SORT_BY_ALIGNMENT(.got))
 .got           0x0000000000011094       0x5c out-vsel2/ta/remoteproc/src/remoteproc_core.o

.rel.text
 *(SORT_BY_ALIGNMENT(.rel.text))
 *(SORT_BY_ALIGNMENT(.rel.gnu.linkonce.t*))

.rela.text
 *(SORT_BY_ALIGNMENT(.rela.text))
 *(SORT_BY_ALIGNMENT(.rela.gnu.linkonce.t*))

.rel.data
 *(SORT_BY_ALIGNMENT(.rel.data))
 *(SORT_BY_ALIGNMENT(.rel.gnu.linkonce.d*))

.rela.data
 *(SORT_BY_ALIGNMENT(.rela.data))
 *(SORT_BY_ALIGNMENT(.rela.gnu.linkonce.d*))

.rel.tdata
 *(SORT_BY_ALIGNMENT(.rel.tdata) SORT_BY_ALIGNMENT(.rel.tdata.*) SORT_BY_ALIGNMENT(.rel.gnu.linkonce.td.*))

.rela.tdata
 *(SORT_BY_ALIGNMENT(.rela.tdata) SORT_BY_ALIGNMENT(.rela.tdata.*) SORT_BY_ALIGNMENT(.rela.gnu.linkonce.td.*))

.rel.tbss
 *(SORT_BY_ALIGNMENT(.rel.tbss) SORT_BY_ALIGNMENT(.rel.tbss.*) SORT_BY_ALIGNMENT(.rel.gnu.linkonce.tb.*))

.rela.tbss
 *(SORT_BY_ALIGNMENT(.rela.tbss) SORT_BY_ALIGNMENT(.rela.tbss.*) SORT_BY_ALIGNMENT(.rela.gnu.linkonce.tb.*))

.rel.rodata
 *(SORT_BY_ALIGNMENT(.rel.rodata))
 *(SORT_BY_ALIGNMENT(.rel.gnu.linkonce.r*))

.rela.rodata
 *(SORT_BY_ALIGNMENT(.rela.rodata))
 *(SORT_BY_ALIGNMENT(.rela.gnu.linkonce.r*))

.rel.dyn        0x00000000000110f0      0x120
 *(SORT_BY_ALIGNMENT(.rel.dyn))
 .rel.data.rel.ro
                0x00000000000110f0        0x0 out-vsel2/ta/remoteproc/src/remoteproc_core.o
 .rel.iplt      0x00000000000110f0        0x0 out-vsel2/ta/remoteproc/src/remoteproc_core.o
 .rel.data.rel.local
                0x00000000000110f0       0x38 out-vsel2/ta/remoteproc/src/remoteproc_core.o
 .rel.data.rel.ro.local
                0x0000000000011128       0xe0 out-vsel2/ta/remoteproc/src/remoteproc_core.o
 .rel.data.rel  0x0000000000011208        0x8 out-vsel2/ta/remoteproc/src/remoteproc_core.o

.rel.got        0x0000000000011210       0xb8
 *(SORT_BY_ALIGNMENT(.rel.got))
 .rel.got       0x0000000000011210       0xb8 out-vsel2/ta/remoteproc/src/remoteproc_core.o

.rela.got
 *(SORT_BY_ALIGNMENT(.rela.got))

.rel.ctors
 *(SORT_BY_ALIGNMENT(.rel.ctors))

.rela.ctors
 *(SORT_BY_ALIGNMENT(.rela.ctors))

.rel.dtors
 *(SORT_BY_ALIGNMENT(.rel.dtors))

.rela.dtors
 *(SORT_BY_ALIGNMENT(.rela.dtors))

.rel.init
 *(SORT_BY_ALIGNMENT(.rel.init))

.rela.init
 *(SORT_BY_ALIGNMENT(.rela.init))

.rel.fini
 *(SORT_BY_ALIGNMENT(.rel.fini))

.rela.fini
 *(SORT_BY_ALIGNMENT(.rela.fini))

.rel.bss        0x00000000000112c8        0x0
 *(SORT_BY_ALIGNMENT(.rel.bss))
 .rel.bss       0x00000000000112c8        0x0 out-vsel2/ta/remoteproc/src/remoteproc_core.o

.rela.bss
 *(SORT_BY_ALIGNMENT(.rela.bss))

.rel.plt        0x00000000000112c8        0x0
 *(SORT_BY_ALIGNMENT(.rel.plt))
 .rel.plt       0x00000000000112c8        0x0 out-vsel2/ta/remoteproc/src/remoteproc_core.o

.rela.plt
 *(SORT_BY_ALIGNMENT(.rela.plt))

.data           0x00000000000112c8      0x168
 *(SORT_BY_ALIGNMENT(.data) SORT_BY_ALIGNMENT(.data.*) SORT_BY_ALIGNMENT(.gnu.linkonce.d.*))
 .data.rel.local
                0x00000000000112c8       0x98 out-vsel2/export-ta_arm32/lib/libutils.a(bget_malloc.o)
 .data.rel.local
                0x0000000000011360        0x8 out-vsel2/ta/remoteproc/src/remoteproc_core.o
 .data          0x0000000000011368        0x4 out-vsel2/ta/remoteproc/user_ta_header.o
                0x0000000000011368                trace_level
 .data.rel.ro.local
                0x000000000001136c       0x78 out-vsel2/ta/remoteproc/user_ta_header.o
                0x000000000001136c                ta_props
 .data          0x00000000000113e4        0x4 out-vsel2/export-ta_arm32/lib/libutils.a(stack_check.o)
                0x00000000000113e4                __stack_chk_guard
 .data.rel.local
                0x00000000000113e8       0x10 out-vsel2/export-ta_arm32/lib/libutee.a(user_ta_entry.o)
 .data.rel.ro.local
                0x00000000000113f8       0x30 out-vsel2/export-ta_arm32/lib/libutee.a(tee_api_property.o)
                0x00000000000113f8                tee_props
 .data.rel      0x0000000000011428        0x4 out-vsel2/export-ta_arm32/lib/libmbedtls.a(platform_util.o)
 .data          0x000000000001142c        0x4 out-vsel2/export-ta_arm32/lib/libutils.a(bget_malloc.o)
 .data          0x0000000000011430        0x0 out-vsel2/ta/remoteproc/src/remoteproc_core.o
 .data.rel.ro   0x0000000000011430        0x0 out-vsel2/ta/remoteproc/src/remoteproc_core.o
 .data          0x0000000000011430        0x0 out-vsel2/ta/remoteproc/src/elf_parser.o
 .data          0x0000000000011430        0x0 out-vsel2/ta/remoteproc/ta_entry_a32.o
 .data          0x0000000000011430        0x0 out-vsel2/export-ta_arm32/lib/libutils.a(memcpy.o)
 .data          0x0000000000011430        0x0 out-vsel2/export-ta_arm32/lib/libutils.a(memset.o)
 .data          0x0000000000011430        0x0 out-vsel2/export-ta_arm32/lib/libutils.a(strncmp.o)
 .data          0x0000000000011430        0x0 out-vsel2/export-ta_arm32/lib/libutils.a(trace.o)
 .data          0x0000000000011430        0x0 out-vsel2/export-ta_arm32/lib/libutils.a(aeabi_unwind.o)
 .data          0x0000000000011430        0x0 out-vsel2/export-ta_arm32/lib/libutils.a(snprintk.o)
 .data          0x0000000000011430        0x0 out-vsel2/export-ta_arm32/lib/libutils.a(memchr.o)
 .data          0x0000000000011430        0x0 out-vsel2/export-ta_arm32/lib/libutils.a(strlen.o)
 .data          0x0000000000011430        0x0 out-vsel2/export-ta_arm32/lib/libutils.a(arm32_aeabi_ldivmod_a32.o)
 .data          0x0000000000011430        0x0 out-vsel2/export-ta_arm32/lib/libutils.a(arm32_aeabi_ldivmod.o)
 .data          0x0000000000011430        0x0 out-vsel2/export-ta_arm32/lib/libutee.a(assert.o)
 .data          0x0000000000011430        0x0 out-vsel2/export-ta_arm32/lib/libutee.a(trace_ext.o)
 .data          0x0000000000011430        0x0 out-vsel2/export-ta_arm32/lib/libutee.a(tee_api.o)
 .data          0x0000000000011430        0x0 out-vsel2/export-ta_arm32/lib/libutee.a(tee_api_operations.o)
 .data          0x0000000000011430        0x0 out-vsel2/export-ta_arm32/lib/libutee.a(tee_api_panic.o)
 .data          0x0000000000011430        0x0 out-vsel2/export-ta_arm32/lib/libutee.a(tee_system_pta.o)
 .data          0x0000000000011430        0x0 out-vsel2/export-ta_arm32/lib/libutee.a(user_ta_entry.o)
 .data          0x0000000000011430        0x0 out-vsel2/export-ta_arm32/lib/libutee.a(utee_syscalls_a32.o)
 .data          0x0000000000011430        0x0 out-vsel2/export-ta_arm32/lib/libutee.a(abort.o)
 .data          0x0000000000011430        0x0 out-vsel2/export-ta_arm32/lib/libutee.a(tee_api_arith_mpi.o)
 .data          0x0000000000011430        0x0 out-vsel2/export-ta_arm32/lib/libutee.a(tee_api_objects.o)
 .data          0x0000000000011430        0x0 out-vsel2/export-ta_arm32/lib/libutee.a(tee_api_property.o)
 .data          0x0000000000011430        0x0 out-vsel2/export-ta_arm32/lib/libutee.a(tcb.o)
 .data          0x0000000000011430        0x0 out-vsel2/export-ta_arm32/lib/libmbedtls.a(bignum.o)
 .data          0x0000000000011430        0x0 out-vsel2/export-ta_arm32/lib/libmbedtls.a(bignum_core.o)
 .data          0x0000000000011430        0x0 out-vsel2/export-ta_arm32/lib/libmbedtls.a(constant_time.o)
 .data          0x0000000000011430        0x0 out-vsel2/export-ta_arm32/lib/libmbedtls.a(platform_util.o)
 .data          0x0000000000011430        0x0 out-vsel2/export-ta_arm32/lib/libutils.a(snprintf.o)
 .data          0x0000000000011430        0x0 out-vsel2/export-ta_arm32/lib/libutils.a(memmove.o)
 .data          0x0000000000011430        0x0 out-vsel2/export-ta_arm32/lib/libutils.a(strcmp.o)
 .data          0x0000000000011430        0x0 out-vsel2/export-ta_arm32/lib/libutils.a(strlcpy.o)
 .data          0x0000000000011430        0x0 out-vsel2/export-ta_arm32/lib/libutils.a(mempool.o)
 .data          0x0000000000011430        0x0 out-vsel2/export-ta_arm32/lib/libutils.a(consttime_memcmp.o)
 .data          0x0000000000011430        0x0 out-vsel2/export-ta_arm32/lib/libutils.a(base64.o)

.igot.plt       0x0000000000011430        0x0
 .igot.plt      0x0000000000011430        0x0 out-vsel2/ta/remoteproc/src/remoteproc_core.o

.bss            0x0000000000011430     0x4868
 *(SORT_BY_ALIGNMENT(.bss) SORT_BY_ALIGNMENT(.bss.*) SORT_BY_ALIGNMENT(.gnu.linkonce.b.*) SORT_BY_ALIGNMENT(COMMON))
 .bss           0x0000000000011430        0x8 out-vsel2/ta/remoteproc/src/remoteproc_core.o
 .bss           0x0000000000011438        0x8 out-vsel2/export-ta_arm32/lib/libutee.a(tee_api.o)
 .bss           0x0000000000011440        0x4 out-vsel2/export-ta_arm32/lib/libutee.a(tee_system_pta.o)
 .bss           0x0000000000011444       0x3c out-vsel2/export-ta_arm32/lib/libutee.a(user_ta_entry.o)
                0x000000000001144c                __elf_phdr_info
                0x0000000000011458                __ta_no_share_malloc_ctx
                0x000000000001145c                ta_params
                0x000000000001147c                ta_param_types
 .bss           0x0000000000011480     0x3800 out-vsel2/export-ta_arm32/lib/libutee.a(tee_api_arith_mpi.o)
 .bss           0x0000000000014c80        0x8 out-vsel2/export-ta_arm32/lib/libutee.a(tcb.o)
 .bss           0x0000000000014c88        0x4 out-vsel2/export-ta_arm32/lib/libmbedtls.a(bignum.o)
                0x0000000000014c88                mbedtls_mpi_mempool
 .bss           0x0000000000014c8c        0x4 out-vsel2/export-ta_arm32/lib/libmbedtls.a(constant_time.o)
                0x0000000000014c8c                mbedtls_ct_zero
 .bss           0x0000000000014c90        0x4 out-vsel2/export-ta_arm32/lib/libutils.a(bget_malloc.o)
 .bss           0x0000000000014c94        0x0 out-vsel2/ta/remoteproc/src/elf_parser.o
 .bss           0x0000000000014c94     0x1001 out-vsel2/ta/remoteproc/user_ta_header.o
                0x0000000000014c95                ta_heap
                0x0000000000014c95                __ta_no_share_heap
 .bss           0x0000000000015c95        0x0 out-vsel2/ta/remoteproc/ta_entry_a32.o
 .bss           0x0000000000015c95        0x0 out-vsel2/export-ta_arm32/lib/libutils.a(stack_check.o)
 .bss           0x0000000000015c95        0x0 out-vsel2/export-ta_arm32/lib/libutils.a(memcpy.o)
 .bss           0x0000000000015c95        0x0 out-vsel2/export-ta_arm32/lib/libutils.a(memset.o)
 .bss           0x0000000000015c95        0x0 out-vsel2/export-ta_arm32/lib/libutils.a(strncmp.o)
 .bss           0x0000000000015c95        0x0 out-vsel2/export-ta_arm32/lib/libutils.a(trace.o)
 .bss           0x0000000000015c95        0x0 out-vsel2/export-ta_arm32/lib/libutils.a(aeabi_unwind.o)