Archive member included to satisfy reference by file (symbol)

out-clean2/export-ta_arm32/lib/libutils.a(stack_check.o)
                              out-clean2/ta/avb/entry.o (__stack_chk_fail)
out-clean2/export-ta_arm32/lib/libutils.a(memset.o)
                              out-clean2/ta/avb/entry.o (memset)
out-clean2/export-ta_arm32/lib/libutils.a(trace.o)
                              out-clean2/ta/avb/entry.o (trace_printf)
out-clean2/export-ta_arm32/lib/libutils.a(aeabi_unwind.o)
                              out-clean2/ta/avb/entry.o (__aeabi_unwind_cpp_pr0)
out-clean2/export-ta_arm32/lib/libutils.a(snprintk.o)
                              out-clean2/export-ta_arm32/lib/libutils.a(trace.o) (vsnprintk)
out-clean2/export-ta_arm32/lib/libutils.a(memchr.o)
                              out-clean2/export-ta_arm32/lib/libutils.a(snprintk.o) (memchr)
out-clean2/export-ta_arm32/lib/libutils.a(strlen.o)
                              out-clean2/export-ta_arm32/lib/libutils.a(snprintk.o) (strlen)
out-clean2/export-ta_arm32/lib/libutils.a(arm32_aeabi_ldivmod_a32.o)
                              out-clean2/export-ta_arm32/lib/libutils.a(snprintk.o) (__aeabi_uldivmod)
out-clean2/export-ta_arm32/lib/libutils.a(arm32_aeabi_ldivmod.o)
                              out-clean2/export-ta_arm32/lib/libutils.a(arm32_aeabi_ldivmod_a32.o) (__ul_divmod)
out-clean2/export-ta_arm32/lib/libutee.a(trace_ext.o)
                              out-clean2/export-ta_arm32/lib/libutils.a(trace.o) (trace_ext_puts)
out-clean2/export-ta_arm32/lib/libutee.a(tee_api.o)
                              out-clean2/ta/avb/entry.o (TEE_MemMove)
out-clean2/export-ta_arm32/lib/libutee.a(tee_api_objects.o)
                              out-clean2/ta/avb/entry.o (TEE_CloseObject)
out-clean2/export-ta_arm32/lib/libutee.a(tee_api_panic.o)
                              out-clean2/export-ta_arm32/lib/libutee.a(tee_api.o) (TEE_Panic)
out-clean2/export-ta_arm32/lib/libutee.a(tee_system_pta.o)
                              out-clean2/export-ta_arm32/lib/libutee.a(tee_api.o) (tee_map_zi)
out-clean2/export-ta_arm32/lib/libutee.a(user_ta_entry.o)
                              out-clean2/ta/avb/user_ta_header.o (__utee_entry)
out-clean2/export-ta_arm32/lib/libutee.a(utee_syscalls_a32.o)
                              out-clean2/export-ta_arm32/lib/libutils.a(stack_check.o) (_utee_panic)
out-clean2/export-ta_arm32/lib/libutee.a(abort.o)
                              out-clean2/export-ta_arm32/lib/libutee.a(user_ta_entry.o) (abort)
out-clean2/export-ta_arm32/lib/libutee.a(tee_api_arith_mpi.o)
                              out-clean2/export-ta_arm32/lib/libutee.a(user_ta_entry.o) (_TEE_MathAPI_Init)
out-clean2/export-ta_arm32/lib/libutee.a(tee_api_property.o)
                              out-clean2/export-ta_arm32/lib/libutee.a(user_ta_entry.o) (TEE_GetPropertyAsU32)
out-clean2/export-ta_arm32/lib/libutee.a(tcb.o)
                              out-clean2/export-ta_arm32/lib/libutee.a(user_ta_entry.o) (__utee_tcb_init)
out-clean2/export-ta_arm32/lib/libutee.a(assert.o)
                              out-clean2/export-ta_arm32/lib/libutee.a(tcb.o) (_assert_log)
out-clean2/export-ta_arm32/lib/libmbedtls.a(bignum.o)
                              out-clean2/export-ta_arm32/lib/libutee.a(tee_api_arith_mpi.o) (mbedtls_mpi_init_mempool)
out-clean2/export-ta_arm32/lib/libmbedtls.a(bignum_core.o)
                              out-clean2/export-ta_arm32/lib/libmbedtls.a(bignum.o) (mbedtls_mpi_core_bitlen)
out-clean2/export-ta_arm32/lib/libmbedtls.a(constant_time.o)
                              out-clean2/export-ta_arm32/lib/libmbedtls.a(bignum.o) (mbedtls_ct_zero)
out-clean2/export-ta_arm32/lib/libmbedtls.a(platform_util.o)
                              out-clean2/export-ta_arm32/lib/libmbedtls.a(bignum.o) (mbedtls_platform_zeroize)
out-clean2/export-ta_arm32/lib/libutils.a(bget_malloc.o)
                              out-clean2/export-ta_arm32/lib/libutee.a(tee_api.o) (raw_malloc_flags)
out-clean2/export-ta_arm32/lib/libutils.a(snprintf.o)
                              out-clean2/export-ta_arm32/lib/libutee.a(tee_api_property.o) (snprintf)
out-clean2/export-ta_arm32/lib/libutils.a(memcpy.o)
                              out-clean2/export-ta_arm32/lib/libutee.a(tee_api.o) (memcpy)
out-clean2/export-ta_arm32/lib/libutils.a(memmove.o)
                              out-clean2/export-ta_arm32/lib/libutee.a(tee_api.o) (memmove)
out-clean2/export-ta_arm32/lib/libutils.a(strcmp.o)
                              out-clean2/export-ta_arm32/lib/libutee.a(tee_api_property.o) (strcmp)
out-clean2/export-ta_arm32/lib/libutils.a(strlcpy.o)
                              out-clean2/export-ta_arm32/lib/libutee.a(tee_api_property.o) (strlcpy)
out-clean2/export-ta_arm32/lib/libutils.a(mempool.o)
                              out-clean2/export-ta_arm32/lib/libutee.a(tee_api_arith_mpi.o) (mempool_alloc_pool)
out-clean2/export-ta_arm32/lib/libutils.a(consttime_memcmp.o)
[...]
Memory Configuration

Name             Origin             Length             Attributes
*default*        0x0000000000000000 0xffffffffffffffff

Linker script and memory map


.text           0x0000000000000000     0xd830
                0x0000000000000000                __text_start = .
 *(SORT_BY_ALIGNMENT(.text) SORT_BY_ALIGNMENT(.text.*))
 .text          0x0000000000000000     0x30a8 out-clean2/export-ta_arm32/lib/libutee.a(tee_api_operations.o)
                0x00000000000005d4                TEE_FreeOperation
                0x00000000000005f8                TEE_AllocateOperation
                0x0000000000000e60                __GP11_TEE_FreeOperation
                0x0000000000000e74                TEE_GetOperationInfo
                0x0000000000000ea4                TEE_GetOperationInfoMultiple
                0x0000000000000fac                __GP11_TEE_GetOperationInfoMultiple
                0x000000000000100c                TEE_ResetOperation
                0x000000000000102c                TEE_SetOperationKey
                0x000000000000104c                __GP11_TEE_SetOperationKey
                0x000000000000106a                __GP11_TEE_SetOperationKey2
                0x00000000000011bc                TEE_SetOperationKey2
                0x00000000000011d0                TEE_CopyOperation
                0x000000000000128e                TEE_DigestUpdate
                0x00000000000012be                __GP11_TEE_DigestUpdate
                0x00000000000012c2                TEE_DigestDoFinal
                0x00000000000013b8                __GP11_TEE_DigestDoFinal
                0x0000000000001424                TEE_DigestExtract
                0x0000000000001544                TEE_CipherInit
                0x00000000000015b8                __GP11_TEE_CipherInit
                0x00000000000015bc                TEE_CipherUpdate
                0x000000000000170c                __GP11_TEE_CipherUpdate
                0x0000000000001778                TEE_CipherDoFinal
                0x0000000000001994                __GP11_TEE_CipherDoFinal
                0x0000000000001a18                TEE_MACInit
                0x0000000000001a6e                __GP11_TEE_MACInit
                0x0000000000001a72                TEE_MACUpdate
                0x0000000000001ac0                __GP11_TEE_MACUpdate
                0x0000000000001ac4                TEE_MACComputeFinal
                0x0000000000001b78                __GP11_TEE_MACComputeFinal
                0x0000000000001be4                TEE_MACCompareFinal
                0x0000000000001c9c                __GP11_TEE_MACCompareFinal
                0x0000000000001ca0                TEE_AEInit
                0x0000000000001d10                __GP11_TEE_AEInit
                0x0000000000001d14                TEE_AEUpdateAAD
                0x0000000000001d60                __GP11_TEE_AEUpdateAAD
                0x0000000000001da6                TEE_AEUpdate
                0x0000000000001e10                __GP11_TEE_AEUpdate
                0x0000000000001eb8                TEE_AEEncryptFinal
                0x00000000000020f0                __GP11_TEE_AEEncryptFinal
                0x000000000000217c                TEE_AEDecryptFinal
                0x0000000000002380                __GP11_TEE_AEDecryptFinal
                0x00000000000023f8                TEE_AsymmetricEncrypt
                0x00000000000024fc                __GP11_TEE_AsymmetricEncrypt
                0x00000000000025ec                TEE_AsymmetricDecrypt
                0x00000000000026f0                __GP11_TEE_AsymmetricDecrypt
                0x00000000000027e4                TEE_AsymmetricSignDigest
                0x00000000000028d0                __GP11_TEE_AsymmetricSignDigest
                0x00000000000029bc                TEE_AsymmetricVerifyDigest
                0x0000000000002a98                __GP11_TEE_AsymmetricVerifyDigest
                0x0000000000002b74                TEE_DeriveKey
                0x0000000000002c6c                __GP11_TEE_DeriveKey
                0x0000000000002d64                TEE_GenerateRandom
                0x0000000000002d76                __GP11_TEE_GenerateRandom
                0x0000000000002d7a                rand
                0x0000000000002dc4                TEE_IsAlgorithmSupported
 .text          0x00000000000030a8      0x44c out-clean2/ta/avb/entry.o
                0x0000000000003168                TA_CreateEntryPoint
                0x000000000000316c                TA_DestroyEntryPoint
                0x000000000000316e                TA_OpenSessionEntryPoint
                0x0000000000003172                TA_CloseSessionEntryPoint
                0x0000000000003174                TA_InvokeCommandEntryPoint
 .text          0x00000000000034f4       0x64 out-clean2/ta/avb/user_ta_header.o
                0x00000000000034f4                __ta_entry_c
                0x0000000000003554                tahead_get_trace_level
 .text.__ta_entry
                0x0000000000003558        0x4 out-clean2/ta/avb/ta_entry_a32.o
                0x0000000000003558                __ta_entry
 .text          0x000000000000355c       0x28 out-clean2/export-ta_arm32/lib/libutils.a(stack_check.o)
                0x000000000000355c                __stack_chk_fail
 .text          0x0000000000003584      0x1ec out-clean2/export-ta_arm32/lib/libutils.a(trace.o)
                0x0000000000003584                trace_set_level
                0x00000000000035a0                trace_get_level
                0x00000000000035b4                trace_vprintf
                0x0000000000003720                trace_printf
                0x000000000000376c                dhex_dump
 .text          0x0000000000003770      0x798 out-clean2/export-ta_arm32/lib/libutils.a(snprintk.o)
                0x0000000000003770                __vsnprintf
                0x00000000000037d4                vsnprintk
                0x00000000000037e2                snprintk
                0x0000000000003ef0                __vsprintf
 .text.__aeabi_ldivmod
                0x0000000000003f08       0x18 out-clean2/export-ta_arm32/lib/libutils.a(arm32_aeabi_ldivmod_a32.o)
                0x0000000000003f08                __aeabi_ldivmod
 .text.__aeabi_uldivmod
                0x0000000000003f20       0x18 out-clean2/export-ta_arm32/lib/libutils.a(arm32_aeabi_ldivmod_a32.o)
                0x0000000000003f20                __aeabi_uldivmod
 .text          0x0000000000003f38      0x19c out-clean2/export-ta_arm32/lib/libutils.a(arm32_aeabi_ldivmod.o)
                0x0000000000003fc2                __ul_divmod
                0x0000000000004030                __l_divmod
 .text          0x00000000000040d4      0x108 out-clean2/export-ta_arm32/lib/libutee.a(trace_ext.o)
                0x00000000000040d4                trace_ext_puts
                0x00000000000040e8                trace_ext_get_thread_id
                0x00000000000040ee                printf
                0x0000000000004160                puts
                0x0000000000004184                putchar
 .text          0x00000000000041dc      0xab0 out-clean2/export-ta_arm32/lib/libutee.a(tee_api.o)
                0x0000000000004434                TEE_CloseTASession
                0x0000000000004448                TEE_GetCancellationFlag
                0x0000000000004498                TEE_UnmaskCancellation
                0x00000000000044e8                TEE_MaskCancellation
                0x0000000000004538                TEE_CheckMemoryAccessRights
                0x0000000000004688                TEE_OpenTASession
                0x0000000000004764                __GP11_TEE_OpenTASession
                0x0000000000004838                TEE_InvokeTACommand
                0x0000000000004934                __GP11_TEE_InvokeTACommand
                0x0000000000004a28                __GP11_TEE_CheckMemoryAccessRights
                0x0000000000004a2c                TEE_SetInstanceData
                0x0000000000004a38                TEE_GetInstanceData
                0x0000000000004a44                TEE_MemMove
                0x0000000000004a48                __GP11_TEE_MemMove
                0x0000000000004a4c                TEE_MemCompare
                0x0000000000004a50                __GP11_TEE_MemCompare
                0x0000000000004a54                TEE_MemFill
                0x0000000000004a58                __GP11_TEE_MemFill
                0x0000000000004a5c                TEE_GetSystemTime
                0x0000000000004a72                TEE_Wait
                0x0000000000004a90                TEE_GetTAPersistentTime
                0x0000000000004acc                TEE_SetTAPersistentTime
                0x0000000000004af4                TEE_GetREETime
                0x0000000000004b0a                TEE_Malloc
                0x0000000000004bbc                __GP11_TEE_Malloc
                0x0000000000004bc0                TEE_Free
                0x0000000000004bfc                TEE_Realloc
                0x0000000000004c74                __GP11_TEE_Realloc
                0x0000000000004c78                TEE_CacheClean
                0x0000000000004c7e                TEE_CacheFlush
                0x0000000000004c84                TEE_CacheInvalidate
 .text          0x0000000000004c8c     0x11c8 out-clean2/export-ta_arm32/lib/libutee.a(tee_api_objects.o)
                0x0000000000004c8c                __utee_from_attr
                0x0000000000004cb6                __utee_from_gp11_attr
                0x0000000000004ce0                TEE_GetObjectInfo
                0x0000000000004d70                __GP11_TEE_GetObjectInfo
                0x0000000000004e00                TEE_GetObjectInfo1
                0x0000000000004e88                __GP11_TEE_GetObjectInfo1
                0x0000000000004f10                TEE_RestrictObjectUsage1
                0x0000000000004f30                TEE_RestrictObjectUsage
                0x0000000000004fa0                TEE_GetObjectBufferAttribute
                0x0000000000005060                __GP11_TEE_GetObjectBufferAttribute
                0x00000000000050c4                TEE_GetObjectValueAttribute
                0x00000000000051a0                TEE_CloseObject
                0x00000000000051b4                __GP11_TEE_AllocateTransientObject
                0x0000000000005228                TEE_AllocateTransientObject
                0x0000000000005240                TEE_FreeTransientObject
                0x00000000000052b4                TEE_ResetTransientObject
                0x0000000000005328                TEE_PopulateTransientObject
                0x00000000000053e0                __GP11_TEE_PopulateTransientObject
                0x0000000000005498                TEE_InitRefAttribute
                0x00000000000054ba                __GP11_TEE_InitRefAttribute
                0x00000000000054dc                TEE_InitValueAttribute
                0x00000000000054fe                __GP11_TEE_InitValueAttribute
                0x0000000000005520                TEE_CopyObjectAttributes1
                0x00000000000055d8                TEE_CopyObjectAttributes
                0x0000000000005648                TEE_GenerateKey
                0x00000000000056d4                __GP11_TEE_GenerateKey
                0x0000000000005760                TEE_OpenPersistentObject
                0x0000000000005804                __GP11_TEE_OpenPersistentObject
                0x0000000000005808                TEE_CreatePersistentObject
                0x00000000000058d4                __GP11_TEE_CreatePersistentObject
                0x0000000000005912                TEE_CloseAndDeletePersistentObject1
                0x0000000000005938                TEE_CloseAndDeletePersistentObject
                0x000000000000594e                TEE_RenamePersistentObject
                0x0000000000005988                __GP11_TEE_RenamePersistentObject
                0x000000000000598c                TEE_AllocatePersistentObjectEnumerator
                0x00000000000059f4                TEE_FreePersistentObjectEnumerator
                0x0000000000005a08                TEE_ResetPersistentObjectEnumerator
                0x0000000000005a1c                TEE_StartPersistentObjectEnumerator
                0x0000000000005a48                TEE_GetNextPersistentObject
                0x0000000000005b20                __GP11_TEE_GetNextPersistentObject
                0x0000000000005bf8                TEE_ReadObjectData
                0x0000000000005c84                __GP11_TEE_ReadObjectData
                0x0000000000005ce8                TEE_WriteObjectData
                0x0000000000005d28                __GP11_TEE_WriteObjectData
                0x0000000000005d2c                TEE_TruncateObjectData
                0x0000000000005d64                __GP11_TEE_TruncateObjectData
                0x0000000000005d68                TEE_SeekObjectData
                0x0000000000005e40                __GP11_TEE_SeekObjectData
 .text          0x0000000000005e54       0xe0 out-clean2/export-ta_arm32/lib/libutee.a(tee_api_panic.o)
                0x0000000000005e74                TEE_Panic
                0x0000000000005e82                __utee_check_outbuf_annotation
                0x0000000000005eb0                __utee_check_gp11_outbuf_annotation
                0x0000000000005eb2                __utee_check_instring_annotation
                0x0000000000005eca                __utee_check_outstring_annotation
                0x0000000000005ef8                __utee_check_gp11_outstring_annotation
                0x0000000000005efa                __utee_check_out_annotation
                0x0000000000005f0c                __utee_check_attr_in_annotation
                0x0000000000005f20                __utee_check_gp11_attr_in_annotation
                0x0000000000005f22                __utee_check_inout_annotation
 .text          0x0000000000005f34      0x208 out-clean2/export-ta_arm32/lib/libutee.a(tee_system_pta.o)
                0x0000000000005f84                tee_map_zi_va
                0x0000000000005ff4                tee_map_zi
                0x0000000000005ffe                tee_unmap
                0x0000000000006080                tee_invoke_supp_plugin
 .text          0x000000000000613c      0x588 out-clean2/export-ta_arm32/lib/libutee.a(user_ta_entry.o)
                0x0000000000006320                __utee_call_elf_init_fn
                0x000000000000640c                __utee_call_elf_fini_fn
                0x0000000000006488                __utee_entry
 .text          0x00000000000066c4        0x0 out-clean2/export-ta_arm32/lib/libutee.a(utee_syscalls_a32.o)
 .text._utee_panic
                0x00000000000066c4       0x14 out-clean2/export-ta_arm32/lib/libutee.a(utee_syscalls_a32.o)
                0x00000000000066c4                _utee_panic
 .text._utee_return
                0x00000000000066d8       0x14 out-clean2/export-ta_arm32/lib/libutee.a(utee_syscalls_a32.o)
                0x00000000000066d8                _utee_return
 .text._utee_log
                0x00000000000066ec       0x14 out-clean2/export-ta_arm32/lib/libutee.a(utee_syscalls_a32.o)
                0x00000000000066ec                _utee_log
 .text.__utee_panic
                0x0000000000006700       0x14 out-clean2/export-ta_arm32/lib/libutee.a(utee_syscalls_a32.o)
                0x0000000000006700                __utee_panic
 .text._utee_get_property
                0x0000000000006714       0x18 out-clean2/export-ta_arm32/lib/libutee.a(utee_syscalls_a32.o)
                0x0000000000006714                _utee_get_property
 .text._utee_get_property_name_to_index
                0x000000000000672c       0x14 out-clean2/export-ta_arm32/lib/libutee.a(utee_syscalls_a32.o)
                0x000000000000672c                _utee_get_property_name_to_index
 .text._utee_open_ta_session
                0x0000000000006740       0x18 out-clean2/export-ta_arm32/lib/libutee.a(utee_syscalls_a32.o)
                0x0000000000006740                _utee_open_ta_session
 .text._utee_close_ta_session
                0x0000000000006758       0x14 out-clean2/export-ta_arm32/lib/libutee.a(utee_syscalls_a32.o)
                0x0000000000006758                _utee_close_ta_session
 .text._utee_invoke_ta_command
                0x000000000000676c       0x18 out-clean2/export-ta_arm32/lib/libutee.a(utee_syscalls_a32.o)
                0x000000000000676c                _utee_invoke_ta_command
 .text._utee_get_cancellation_flag
                0x0000000000006784       0x14 out-clean2/export-ta_arm32/lib/libutee.a(utee_syscalls_a32.o)
                0x0000000000006784                _utee_get_cancellation_flag
 .text._utee_check_access_rights
                0x0000000000006798       0x14 out-clean2/export-ta_arm32/lib/libutee.a(utee_syscalls_a32.o)
                0x0000000000006798                _utee_check_access_rights
 .text._utee_unmask_cancellation
                0x00000000000067ac       0x14 out-clean2/export-ta_arm32/lib/libutee.a(utee_syscalls_a32.o)
                0x00000000000067ac                _utee_unmask_cancellation
 .text._utee_mask_cancellation
                0x00000000000067c0       0x14 out-clean2/export-ta_arm32/lib/libutee.a(utee_syscalls_a32.o)
                0x00000000000067c0                _utee_mask_cancellation
 .text._utee_wait
                0x00000000000067d4       0x14 out-clean2/export-ta_arm32/lib/libutee.a(utee_syscalls_a32.o)
                0x00000000000067d4                _utee_wait
 .text._utee_get_time
                0x00000000000067e8       0x14 out-clean2/export-ta_arm32/lib/libutee.a(utee_syscalls_a32.o)
                0x00000000000067e8                _utee_get_time
 .text._utee_set_ta_time
                0x00000000000067fc       0x14 out-clean2/export-ta_arm32/lib/libutee.a(utee_syscalls_a32.o)
                0x00000000000067fc                _utee_set_ta_time
 .text._utee_cryp_state_alloc
                0x0000000000006810       0x18 out-clean2/export-ta_arm32/lib/libutee.a(utee_syscalls_a32.o)
                0x0000000000006810                _utee_cryp_state_alloc
 .text._utee_cryp_state_copy
                0x0000000000006828       0x14 out-clean2/export-ta_arm32/lib/libutee.a(utee_syscalls_a32.o)
                0x0000000000006828                _utee_cryp_state_copy
 .text._utee_cryp_state_free
                0x000000000000683c       0x14 out-clean2/export-ta_arm32/lib/libutee.a(utee_syscalls_a32.o)
                0x000000000000683c                _utee_cryp_state_free
 .text._utee_hash_init
                0x0000000000006850       0x14 out-clean2/export-ta_arm32/lib/libutee.a(utee_syscalls_a32.o)
                0x0000000000006850                _utee_hash_init
 .text._utee_hash_update
                0x0000000000006864       0x14 out-clean2/export-ta_arm32/lib/libutee.a(utee_syscalls_a32.o)
                0x0000000000006864                _utee_hash_update
 .text._utee_hash_final
                0x0000000000006878       0x18 out-clean2/export-ta_arm32/lib/libutee.a(utee_syscalls_a32.o)
                0x0000000000006878                _utee_hash_final
 .text._utee_cipher_init
                0x0000000000006890       0x14 out-clean2/export-ta_arm32/lib/libutee.a(utee_syscalls_a32.o)
                0x0000000000006890                _utee_cipher_init
 .text._utee_cipher_update
                0x00000000000068a4       0x18 out-clean2/export-ta_arm32/lib/libutee.a(utee_syscalls_a32.o)
                0x00000000000068a4                _utee_cipher_update
 .text._utee_cipher_final
                0x00000000000068bc       0x18 out-clean2/export-ta_arm32/lib/libutee.a(utee_syscalls_a32.o)
                0x00000000000068bc                _utee_cipher_final
 .text._utee_cryp_obj_get_info
                0x00000000000068d4       0x14 out-clean2/export-ta_arm32/lib/libutee.a(utee_syscalls_a32.o)
                0x00000000000068d4                _utee_cryp_obj_get_info
 .text._utee_cryp_obj_restrict_usage
                0x00000000000068e8       0x14 out-clean2/export-ta_arm32/lib/libutee.a(utee_syscalls_a32.o)
                0x00000000000068e8                _utee_cryp_obj_restrict_usage
 .text._utee_cryp_obj_get_attr
                0x00000000000068fc       0x14 out-clean2/export-ta_arm32/lib/libutee.a(utee_syscalls_a32.o)
                0x00000000000068fc                _utee_cryp_obj_get_attr
 .text._utee_cryp_obj_alloc
                0x0000000000006910       0x14 out-clean2/export-ta_arm32/lib/libutee.a(utee_syscalls_a32.o)
                0x0000000000006910                _utee_cryp_obj_alloc
 .text._utee_cryp_obj_close
                0x0000000000006924       0x14 out-clean2/export-ta_arm32/lib/libutee.a(utee_syscalls_a32.o)
                0x0000000000006924                _utee_cryp_obj_close
 .text._utee_cryp_obj_reset
                0x0000000000006938       0x14 out-clean2/export-ta_arm32/lib/libutee.a(utee_syscalls_a32.o)
                0x0000000000006938                _utee_cryp_obj_reset
 .text._utee_cryp_obj_populate
                0x000000000000694c       0x14 out-clean2/export-ta_arm32/lib/libutee.a(utee_syscalls_a32.o)
                0x000000000000694c                _utee_cryp_obj_populate
 .text._utee_cryp_obj_copy
                0x0000000000006960       0x14 out-clean2/export-ta_arm32/lib/libutee.a(utee_syscalls_a32.o)
                0x0000000000006960                _utee_cryp_obj_copy
 .text._utee_cryp_derive_key
                0x0000000000006974       0x14 out-clean2/export-ta_arm32/lib/libutee.a(utee_syscalls_a32.o)
                0x0000000000006974                _utee_cryp_derive_key
 .text._utee_cryp_random_number_generate
                0x0000000000006988       0x14 out-clean2/export-ta_arm32/lib/libutee.a(utee_syscalls_a32.o)
                0x0000000000006988                _utee_cryp_random_number_generate
 .text._utee_authenc_init
                0x000000000000699c       0x18 out-clean2/export-ta_arm32/lib/libutee.a(utee_syscalls_a32.o)
                0x000000000000699c                _utee_authenc_init
 .text._utee_authenc_update_aad
                0x00000000000069b4       0x14 out-clean2/export-ta_arm32/lib/libutee.a(utee_syscalls_a32.o)
                0x00000000000069b4                _utee_authenc_update_aad
 .text._utee_authenc_update_payload
                0x00000000000069c8       0x18 out-clean2/export-ta_arm32/lib/libutee.a(utee_syscalls_a32.o)
                0x00000000000069c8                _utee_authenc_update_payload
 .text._utee_authenc_enc_final
                0x00000000000069e0       0x18 out-clean2/export-ta_arm32/lib/libutee.a(utee_syscalls_a32.o)
                0x00000000000069e0                _utee_authenc_enc_final
 .text._utee_authenc_dec_final
                0x00000000000069f8       0x18 out-clean2/export-ta_arm32/lib/libutee.a(utee_syscalls_a32.o)
                0x00000000000069f8                _utee_authenc_dec_final
 .text._utee_asymm_operate
                0x0000000000006a10       0x18 out-clean2/export-ta_arm32/lib/libutee.a(utee_syscalls_a32.o)
                0x0000000000006a10                _utee_asymm_operate
 .text._utee_asymm_verify
                0x0000000000006a28       0x18 out-clean2/export-ta_arm32/lib/libutee.a(utee_syscalls_a32.o)
                0x0000000000006a28                _utee_asymm_verify
 .text._utee_storage_obj_open
                0x0000000000006a40       0x18 out-clean2/export-ta_arm32/lib/libutee.a(utee_syscalls_a32.o)
                0x0000000000006a40                _utee_storage_obj_open
 .text._utee_storage_obj_create
                0x0000000000006a58       0x18 out-clean2/export-ta_arm32/lib/libutee.a(utee_syscalls_a32.o)
                0x0000000000006a58                _utee_storage_obj_create
 .text._utee_storage_obj_del
                0x0000000000006a70       0x14 out-clean2/export-ta_arm32/lib/libutee.a(utee_syscalls_a32.o)
                0x0000000000006a70                _utee_storage_obj_del
 .text._utee_storage_obj_rename
                0x0000000000006a84       0x14 out-clean2/export-ta_arm32/lib/libutee.a(utee_syscalls_a32.o)
                0x0000000000006a84                _utee_storage_obj_rename
 .text._utee_storage_alloc_enum
                0x0000000000006a98       0x14 out-clean2/export-ta_arm32/lib/libutee.a(utee_syscalls_a32.o)
                0x0000000000006a98                _utee_storage_alloc_enum
 .text._utee_storage_free_enum
                0x0000000000006aac       0x14 out-clean2/export-ta_arm32/lib/libutee.a(utee_syscalls_a32.o)
                0x0000000000006aac                _utee_storage_free_enum
 .text._utee_storage_reset_enum
                0x0000000000006ac0       0x14 out-clean2/export-ta_arm32/lib/libutee.a(utee_syscalls_a32.o)
                0x0000000000006ac0                _utee_storage_reset_enum
 .text._utee_storage_start_enum
                0x0000000000006ad4       0x14 out-clean2/export-ta_arm32/lib/libutee.a(utee_syscalls_a32.o)
                0x0000000000006ad4                _utee_storage_start_enum
 .text._utee_storage_next_enum
                0x0000000000006ae8       0x14 out-clean2/export-ta_arm32/lib/libutee.a(utee_syscalls_a32.o)
                0x0000000000006ae8                _utee_storage_next_enum
 .text._utee_storage_obj_read
                0x0000000000006afc       0x14 out-clean2/export-ta_arm32/lib/libutee.a(utee_syscalls_a32.o)
                0x0000000000006afc                _utee_storage_obj_read
 .text._utee_storage_obj_write
                0x0000000000006b10       0x14 out-clean2/export-ta_arm32/lib/libutee.a(utee_syscalls_a32.o)
                0x0000000000006b10                _utee_storage_obj_write
 .text._utee_storage_obj_trunc
                0x0000000000006b24       0x14 out-clean2/export-ta_arm32/lib/libutee.a(utee_syscalls_a32.o)
                0x0000000000006b24                _utee_storage_obj_trunc
 .text._utee_storage_obj_seek
                0x0000000000006b38       0x14 out-clean2/export-ta_arm32/lib/libutee.a(utee_syscalls_a32.o)
                0x0000000000006b38                _utee_storage_obj_seek
 .text._utee_cryp_obj_generate_key
                0x0000000000006b4c       0x14 out-clean2/export-ta_arm32/lib/libutee.a(utee_syscalls_a32.o)
                0x0000000000006b4c                _utee_cryp_obj_generate_key
 .text._utee_cache_operation
                0x0000000000006b60       0x14 out-clean2/export-ta_arm32/lib/libutee.a(utee_syscalls_a32.o)
                0x0000000000006b60                _utee_cache_operation
 .text.unlikely
                0x0000000000006b74       0x18 out-clean2/export-ta_arm32/lib/libutee.a(abort.o)
                0x0000000000006b74                abort
 .text          0x0000000000006b8c     0x18b4 out-clean2/export-ta_arm32/lib/libutee.a(tee_api_arith_mpi.o)
                0x00000000000071ec                _TEE_MathAPI_Init
                0x0000000000007230                TEE_BigIntInit
                0x0000000000007268                __GP11_TEE_BigIntInit
                0x000000000000726c                TEE_BigIntConvertFromOctetString
                0x00000000000072f8                __GP11_TEE_BigIntConvertFromOctetString
                0x00000000000072fc                TEE_BigIntConvertToOctetString
                0x0000000000007388                __GP11_TEE_BigIntConvertToOctetString
                0x00000000000073d4                TEE_BigIntConvertFromS32
                0x0000000000007458                TEE_BigIntConvertToS32
                0x00000000000074ec                TEE_BigIntCmp
                0x0000000000007558                TEE_BigIntCmpS32
                0x00000000000076f8                TEE_BigIntShiftRight
                0x0000000000007840                __GP11_TEE_BigIntShiftRight
                0x0000000000007844                TEE_BigIntGetBit
                0x00000000000078a4                TEE_BigIntGetBitCount
                0x00000000000078fc                TEE_BigIntSetBit
                0x000000000000797c                TEE_BigIntAssign
                0x00000000000079a8                TEE_BigIntAbs
                0x00000000000079b8                TEE_BigIntAdd
                0x00000000000079d4                TEE_BigIntSub
                0x00000000000079f0                TEE_BigIntNeg
                0x0000000000007a98                TEE_BigIntMul
                0x0000000000007b70                TEE_BigIntSquare
                0x0000000000007b76                TEE_BigIntDiv
                0x0000000000007c98                TEE_BigIntMod
                0x0000000000007ce8                TEE_BigIntAddMod
                0x0000000000007d04                TEE_BigIntSubMod
                0x0000000000007d20                TEE_BigIntMulMod
                0x0000000000007d3c                TEE_BigIntSquareMod
                0x0000000000007d44                TEE_BigIntInvMod
                0x0000000000007e38                TEE_BigIntRelativePrime
                0x0000000000007ee8                TEE_BigIntExpMod
                0x0000000000008038                TEE_BigIntComputeExtendedGcd
                0x0000000000008218                TEE_BigIntIsProbablePrime
                0x0000000000008288                TEE_BigIntInitFMM
                0x000000000000828c                __GP11_TEE_BigIntInitFMM
                0x0000000000008290                TEE_BigIntInitFMMContext
                0x0000000000008292                __GP11_TEE_BigIntInitFMMContext
                0x0000000000008296                TEE_BigIntInitFMMContext1
                0x000000000000829a                TEE_BigIntFMMSizeInU32
                0x00000000000082a2                __GP11_TEE_BigIntFMMSizeInU32
                0x00000000000082a6                TEE_BigIntFMMContextSizeInU32
                0x00000000000082aa                __GP11_TEE_BigIntFMMContextSizeInU32
                0x00000000000082ae                TEE_BigIntConvertToFMM
                0x00000000000082b2                TEE_BigIntConvertFromFMM
                0x000000000000834c                TEE_BigIntComputeFMM
 .text          0x0000000000008440      0xa64 out-clean2/export-ta_arm32/lib/libutee.a(tee_api_property.o)
                0x00000000000086b8                TEE_GetPropertyAsString
                0x0000000000008844                __GP11_TEE_GetPropertyAsString
                0x00000000000088a8                TEE_GetPropertyAsBool
                0x000000000000893c                TEE_GetPropertyAsU32
                0x00000000000089d4                TEE_GetPropertyAsU64
                0x0000000000008a6c                __GP11_TEE_GetPropertyAsBinaryBlock
                0x0000000000008b08                TEE_GetPropertyAsBinaryBlock
                0x0000000000008b6c                TEE_GetPropertyAsUUID
                0x0000000000008c04                TEE_GetPropertyAsIdentity
                0x0000000000008c9c                TEE_ResetPropertyEnumerator
                0x0000000000008ca4                TEE_AllocatePropertyEnumerator
                0x0000000000008ccc                TEE_FreePropertyEnumerator
                0x0000000000008cd0                TEE_StartPropertyEnumerator
                0x0000000000008cda                __GP11_TEE_GetPropertyName
                0x0000000000008da4                TEE_GetPropertyName
                0x0000000000008e04                TEE_GetNextProperty
 .text          0x0000000000008ea4      0x254 out-clean2/export-ta_arm32/lib/libutee.a(tcb.o)
                0x0000000000008ea4                __utee_tcb_init
                0x0000000000009038                __tls_get_addr
                0x0000000000009050                dl_iterate_phdr
 .text          0x00000000000090f8       0x38 out-clean2/export-ta_arm32/lib/libutee.a(assert.o)
                0x00000000000090f8                _assert_log
                0x0000000000009120                _assert_break
 .text          0x0000000000009130     0x23d0 out-clean2/export-ta_arm32/lib/libmbedtls.a(bignum.o)
                0x00000000000091b2                mbedtls_mpi_lt_mpi_ct
                0x0000000000009254                mbedtls_mpi_init
                0x0000000000009260                mbedtls_mpi_init_mempool
                0x0000000000009284                mbedtls_mpi_free
                0x00000000000092c4                mbedtls_mpi_grow
                0x000000000000935c                mbedtls_mpi_safe_cond_assign
                0x00000000000093ae                mbedtls_mpi_safe_cond_swap
                0x0000000000009446                mbedtls_mpi_shrink
                0x00000000000094f8                mbedtls_mpi_copy
                0x000000000000955e                mbedtls_mpi_swap
                0x00000000000095bc                mbedtls_mpi_lset
                0x00000000000095f4                mbedtls_mpi_get_bit
                0x0000000000009614                mbedtls_mpi_set_bit
                0x0000000000009664                mbedtls_mpi_lsb
                0x000000000000968a                mbedtls_mpi_bitlen
                0x0000000000009692                mbedtls_mpi_size
                0x000000000000969e                mbedtls_mpi_read_binary_le
                0x00000000000096ca                mbedtls_mpi_read_binary
                0x00000000000096f6                mbedtls_mpi_write_binary_le
                0x0000000000009702                mbedtls_mpi_write_binary
                0x000000000000970e                mbedtls_mpi_shift_l
                0x0000000000009748                mbedtls_mpi_shift_r
                0x000000000000975a                mbedtls_mpi_cmp_abs
                0x00000000000097bc                mbedtls_mpi_cmp_mpi
                0x0000000000009842                mbedtls_mpi_cmp_int
                0x00000000000098a8                mbedtls_mpi_add_abs
                0x0000000000009938                mbedtls_mpi_sub_abs
                0x0000000000009a38                mbedtls_mpi_add_mpi
                0x0000000000009a3c                mbedtls_mpi_sub_mpi
                0x0000000000009a42                mbedtls_mpi_add_int
                0x0000000000009aa8                mbedtls_mpi_sub_int
                0x0000000000009b0c                mbedtls_mpi_mul_mpi
                0x0000000000009c1c                mbedtls_mpi_mul_int
                0x0000000000009c7e                mbedtls_mpi_read_string
                0x0000000000009dd4                mbedtls_mpi_div_mpi
                0x000000000000a170                mbedtls_mpi_div_int
                0x000000000000a1d4                mbedtls_mpi_mod_mpi
                0x000000000000a458                mbedtls_mpi_mod_int
                0x000000000000a4ca                mbedtls_mpi_write_string
                0x000000000000a6f0                mbedtls_mpi_montg_init
                0x000000000000a6fe                mbedtls_mpi_montmul
                0x000000000000a722                mbedtls_mpi_montred
                0x000000000000a778                mbedtls_mpi_exp_mod
                0x000000000000a78a                mbedtls_mpi_exp_mod_unsafe
                0x000000000000a79e                mbedtls_mpi_gcd_modinv_odd
                0x000000000000a910                mbedtls_mpi_gcd
                0x000000000000aa64                mbedtls_mpi_fill_random
                0x000000000000ac5c                mbedtls_mpi_random
                0x000000000000ac9a                mbedtls_mpi_inv_mod_odd
                0x000000000000ad38                mbedtls_mpi_inv_mod_even_in_range
                0x000000000000ae04                mbedtls_mpi_inv_mod
                0x000000000000aeec                mbedtls_mpi_is_prime_ext
                0x000000000000af88                mbedtls_mpi_gen_prime
                0x000000000000b1cc                mbedtls_mpi_self_test
 .text          0x000000000000b500      0xce4 out-clean2/export-ta_arm32/lib/libmbedtls.a(bignum_core.o)
                0x000000000000b55c                mbedtls_mpi_core_clz
                0x000000000000b562                mbedtls_mpi_core_bitlen
                0x000000000000b586                mbedtls_mpi_core_bigendian_to_host
                0x000000000000b5ac                mbedtls_mpi_core_uint_le_mpi
                0x000000000000b5e8                mbedtls_mpi_core_lt_ct
                0x000000000000b638                mbedtls_mpi_core_cond_assign
                0x000000000000b674                mbedtls_mpi_core_cond_swap
                0x000000000000b6c4                mbedtls_mpi_core_read_le
                0x000000000000b70e                mbedtls_mpi_core_read_be
                0x000000000000b75c                mbedtls_mpi_core_write_le
                0x000000000000b7be                mbedtls_mpi_core_write_be
                0x000000000000b822                mbedtls_mpi_core_shift_r
                0x000000000000b8a4                mbedtls_mpi_core_shift_l
                0x000000000000b90e                mbedtls_mpi_core_add
                0x000000000000b93a                mbedtls_mpi_core_add_if
                0x000000000000b974                mbedtls_mpi_core_sub
                0x000000000000b9b0                mbedtls_mpi_core_mla
                0x000000000000bb24                mbedtls_mpi_core_mul
                0x000000000000bb66                mbedtls_mpi_core_montmul_init
                0x000000000000bb88                mbedtls_mpi_core_montmul
                0x000000000000bdd8                mbedtls_mpi_core_get_mont_r2_unsafe
                0x000000000000be0c                mbedtls_mpi_core_fill_random
                0x000000000000be6a                mbedtls_mpi_core_random
                0x000000000000bf04                mbedtls_mpi_core_exp_mod_working_limbs
                0x000000000000bf1a                mbedtls_mpi_core_exp_mod
                0x000000000000bf3a                mbedtls_mpi_core_exp_mod_unsafe
                0x000000000000bf5c                mbedtls_mpi_core_sub_int
                0x000000000000bf7e                mbedtls_mpi_core_check_zero_ct
                0x000000000000bf96                mbedtls_mpi_core_to_mont_rep
                0x000000000000bfac                mbedtls_mpi_core_from_mont_rep
                0x000000000000c000                mbedtls_mpi_core_gcd_modinv_odd
 .text          0x000000000000c1e4      0x1e0 out-clean2/export-ta_arm32/lib/libmbedtls.a(constant_time.o)
                0x000000000000c240                mbedtls_ct_memcmp
                0x000000000000c25a                mbedtls_ct_memcmp_partial
                0x000000000000c2ae                mbedtls_ct_memmove_left
                0x000000000000c320                mbedtls_ct_memcpy_if
                0x000000000000c35c                mbedtls_ct_memcpy_offset
                0x000000000000c3b0                mbedtls_ct_zeroize_if
 .text          0x000000000000c3c4       0x2c out-clean2/export-ta_arm32/lib/libmbedtls.a(platform_util.o)
                0x000000000000c3c4                mbedtls_platform_zeroize
                0x000000000000c3dc                mbedtls_zeroize_and_free
 .text          0x000000000000c3f0      0xf44 out-clean2/export-ta_arm32/lib/libutils.a(bget_malloc.o)
                0x000000000000c500                bget
                0x000000000000c754                bgetz
                0x000000000000c7b0                brel
                0x000000000000ca1c                bgetr
                0x000000000000ca9c                bpool
                0x000000000000cb4c                bstats
                0x000000000000cc24                bget_main_test
                0x000000000000ce74                malloc_reset_stats
                0x000000000000ce8c                raw_malloc_flags
                0x000000000000cf6a                raw_memalign
                0x000000000000cf88                raw_malloc
                0x000000000000cfa6                raw_free
                0x000000000000cfc4                raw_calloc
                0x000000000000cfe2                raw_realloc
                0x000000000000d000                free_flags
                0x000000000000d018                malloc
                0x000000000000d040                malloc_flags
                0x000000000000d064                calloc
                0x000000000000d08c                realloc
                0x000000000000d0b4                memalign
                0x000000000000d0dc                aligned_alloc
                0x000000000000d110                free
                0x000000000000d118                free_wipe
                0x000000000000d120                raw_malloc_get_ctx_size
                0x000000000000d124                raw_malloc_init_ctx
                0x000000000000d136                raw_malloc_add_pool
                0x000000000000d1c0                raw_malloc_buffer_overlaps_heap
                0x000000000000d210                raw_malloc_buffer_is_within_alloced
                0x000000000000d2c4                raw_malloc_get_stats
                0x000000000000d2e6                malloc_get_stats
                0x000000000000d2f8                malloc_add_pool
                0x000000000000d30c                malloc_buffer_is_within_alloced
                0x000000000000d320                malloc_buffer_overlaps_heap
 .text          0x000000000000d334       0x64 out-clean2/export-ta_arm32/lib/libutils.a(snprintf.o)
                0x000000000000d334                snprintf
                0x000000000000d388                vsnprintf
 .text          0x000000000000d398       0xd8 out-clean2/export-ta_arm32/lib/libutils.a(memcpy.o)
                0x000000000000d398                memcpy
 .text          0x000000000000d470       0xf4 out-clean2/export-ta_arm32/lib/libutils.a(mempool.o)
                0x000000000000d470                mempool_alloc_pool
                0x000000000000d4f4                mempool_alloc
                0x000000000000d530                mempool_calloc
                0x000000000000d554                mempool_free
 .text          0x000000000000d564      0x19c out-clean2/export-ta_arm32/lib/libutils.a(base64.o)
                0x000000000000d564                base64_enc_len
                0x000000000000d572                base64_enc
                0x000000000000d63c                base64_dec
 .text          0x000000000000d700       0x10 out-clean2/export-ta_arm32/lib/libutils.a(memset.o)
                0x000000000000d700                memset
 .text          0x000000000000d710        0x6 out-clean2/export-ta_arm32/lib/libutils.a(aeabi_unwind.o)
                0x000000000000d710                __aeabi_unwind_cpp_pr0
                0x000000000000d712                __aeabi_unwind_cpp_pr1
                0x000000000000d714                __aeabi_unwind_cpp_pr2
 .text          0x000000000000d716       0x1c out-clean2/export-ta_arm32/lib/libutils.a(memchr.o)
                0x000000000000d716                memchr
 .text          0x000000000000d732       0x10 out-clean2/export-ta_arm32/lib/libutils.a(strlen.o)
                0x000000000000d732                strlen
 .text          0x000000000000d742       0x34 out-clean2/export-ta_arm32/lib/libutils.a(memmove.o)
                0x000000000000d742                memmove
 .text          0x000000000000d776       0x16 out-clean2/export-ta_arm32/lib/libutils.a(strcmp.o)
                0x000000000000d776                strcmp
 .text          0x000000000000d78c       0x2a out-clean2/export-ta_arm32/lib/libutils.a(strlcpy.o)
                0x000000000000d78c                strlcpy
 .text          0x000000000000d7b6       0x48 out-clean2/export-ta_arm32/lib/libutils.a(consttime_memcmp.o)
                0x000000000000d7b6                consttime_memcmp
 .text          0x000000000000d7fe        0x0 out-clean2/ta/avb/ta_entry_a32.o
 .text          0x000000000000d7fe        0x0 out-clean2/export-ta_arm32/lib/libutils.a(arm32_aeabi_ldivmod_a32.o)
 .text          0x000000000000d7fe        0x0 out-clean2/export-ta_arm32/lib/libutee.a(abort.o)
 *fill*         0x000000000000d7fe        0x2 
 .text.__stub   0x000000000000d800       0x30 linker stubs
 *(SORT_BY_ALIGNMENT(.stub))
 *(SORT_BY_ALIGNMENT(.glue_7))
 .glue_7        0x000000000000d830        0x0 linker stubs
 *(SORT_BY_ALIGNMENT(.glue_7t))
 .glue_7t       0x000000000000d830        0x0 linker stubs
 *(SORT_BY_ALIGNMENT(.gnu.linkonce.t.*))
 *(SORT_BY_ALIGNMENT(.vfp11_veneer))
 .vfp11_veneer  0x000000000000d830        0x0 linker stubs
                0x000000000000d830                __text_end = .

.v4_bx          0x000000000000d830        0x0
 .v4_bx         0x000000000000d830        0x0 linker stubs

.iplt           0x000000000000d830        0x0
 .iplt          0x000000000000d830        0x0 out-clean2/ta/avb/entry.o

.note.gnu.property
 *(SORT_BY_ALIGNMENT(.note.gnu.property))

.plt            0x000000000000d830        0x0
 *(SORT_BY_ALIGNMENT(.plt))
 .plt           0x000000000000d830        0x0 out-clean2/ta/avb/entry.o

.eh_frame_hdr
 *(SORT_BY_ALIGNMENT(.eh_frame_hdr))
 *(SORT_BY_ALIGNMENT(.eh_frame_entry) SORT_BY_ALIGNMENT(.eh_frame_entry.*))

.eh_frame
 *(SORT_BY_ALIGNMENT(.eh_frame))
 *(SORT_BY_ALIGNMENT(.eh_frame.*))

.gcc_except_table
 *(SORT_BY_ALIGNMENT(.gcc_except_table) SORT_BY_ALIGNMENT(.gcc_except_table.*))

.rodata         0x000000000000d830     0x12e3
 *(SORT_BY_ALIGNMENT(.gnu.linkonce.r.*))
 *(SORT_BY_ALIGNMENT(.rodata) SORT_BY_ALIGNMENT(.rodata.*))
 .rodata.out-clean2/export-ta_arm32/src/user_ta_header.c
                0x000000000000d830       0x23 out-clean2/ta/avb/user_ta_header.o
                0x000000000000d830                ta_num_props
                0x000000000000d848                __ta_no_share_heap_size
                0x000000000000d84c                ta_heap_size
                0x000000000000d850                trace_ext_prefix
 *fill*         0x000000000000d853        0x1 
 .rodata.lib/libutee/tee_api.c
                0x000000000000d854       0x10 out-clean2/export-ta_arm32/lib/libutee.a(tee_api.o)
 .rodata.lib/libutee/tee_system_pta.c
                0x000000000000d864       0x31 out-clean2/export-ta_arm32/lib/libutee.a(tee_system_pta.o)
 *fill*         0x000000000000d895        0x3 
 .rodata.lib/libutee/tee_api_property.c
                0x000000000000d898       0x10 out-clean2/export-ta_arm32/lib/libutee.a(tee_api_property.o)
 .rodata.lib/libmbedtls/mbedtls/library/bignum.c
                0x000000000000d8a8       0xcc out-clean2/export-ta_arm32/lib/libmbedtls.a(bignum.o)
 .rodata.str1.1.ta/avb/entry.c
                0x000000000000d974       0xae out-clean2/ta/avb/entry.o
 .rodata.ta/avb/entry.c
                0x000000000000da22       0x4b out-clean2/ta/avb/entry.o
 .rodata.str1.1.out-clean2/export-ta_arm32/src/user_ta_header.c
                0x000000000000da6d       0xf3 out-clean2/ta/avb/user_ta_header.o
 .rodata.str1.1.lib/libutils/isoc/stack_check.c
                0x000000000000db60       0x18 out-clean2/export-ta_arm32/lib/libutils.a(stack_check.o)
 .rodata.str1.1.lib/libutils/ext/trace.c
                0x000000000000db78       0x1a out-clean2/export-ta_arm32/lib/libutils.a(trace.o)
                                         0x1b (size before relaxing)
 .rodata.lib/libutils/ext/trace.c
                0x000000000000db92        0x5 out-clean2/export-ta_arm32/lib/libutils.a(trace.o)
 .rodata.str1.1.lib/libutils/ext/snprintk.c
                0x000000000000db97       0x38 out-clean2/export-ta_arm32/lib/libutils.a(snprintk.o)
 .rodata.lib/libutils/ext/snprintk.c
                0x000000000000dbcf       0x22 out-clean2/export-ta_arm32/lib/libutils.a(snprintk.o)
 .rodata.str1.1.lib/libutee/trace_ext.c
                0x000000000000dbf1       0x38 out-clean2/export-ta_arm32/lib/libutee.a(trace_ext.o)
                                          0x2 (size before relaxing)
 .rodata.str1.1.lib/libutee/tee_api.c
                0x000000000000dbf1       0x11 out-clean2/export-ta_arm32/lib/libutee.a(tee_api.o)
 .rodata.str1.1.lib/libutee/tee_system_pta.c
                0x000000000000dc02       0x55 out-clean2/export-ta_arm32/lib/libutee.a(tee_system_pta.o)
 .rodata.str1.1.lib/libutee/user_ta_entry.c
                0x000000000000dc57       0x4f out-clean2/export-ta_arm32/lib/libutee.a(user_ta_entry.o)
 .rodata.lib/libutee/user_ta_entry.c
                0x000000000000dca6       0x16 out-clean2/export-ta_arm32/lib/libutee.a(user_ta_entry.o)
 .rodata.str1.1.lib/libutee/abort.c
                0x000000000000dcbc        0x7 out-clean2/export-ta_arm32/lib/libutee.a(abort.o)
 .rodata.str1.1.lib/libutee/tee_api_arith_mpi.c
                0x000000000000dcc3       0xc9 out-clean2/export-ta_arm32/lib/libutee.a(tee_api_arith_mpi.o)
 .rodata.lib/libutee/tee_api_arith_mpi.c
                0x000000000000dd8c      0x14e out-clean2/export-ta_arm32/lib/libutee.a(tee_api_arith_mpi.o)
 .rodata.str1.1.lib/libutee/tee_api_property.c
                0x000000000000deda       0x83 out-clean2/export-ta_arm32/lib/libutee.a(tee_api_property.o)
                                         0x88 (size before relaxing)
 .rodata.str1.1.lib/libutee/tcb.c
                0x000000000000df5d       0x8d out-clean2/export-ta_arm32/lib/libutee.a(tcb.o)
 .rodata.lib/libutee/tcb.c
                0x000000000000dfea       0x20 out-clean2/export-ta_arm32/lib/libutee.a(tcb.o)
 .rodata.str1.1.lib/libutee/assert.c
                0x000000000000e00a       0x27 out-clean2/export-ta_arm32/lib/libutee.a(assert.o)
 .rodata.str1.1.lib/libmbedtls/mbedtls/library/bignum.c
                0x000000000000e031      0x456 out-clean2/export-ta_arm32/lib/libmbedtls.a(bignum.o)
                                        0x45d (size before relaxing)
 .rodata.str1.1.lib/libutils/isoc/bget_malloc.c
                0x000000000000e487      0x3e6 out-clean2/export-ta_arm32/lib/libutils.a(bget_malloc.o)
                                        0x3ef (size before relaxing)
 .rodata.lib/libutils/isoc/bget_malloc.c
                0x000000000000e86d       0x7b out-clean2/export-ta_arm32/lib/libutils.a(bget_malloc.o)
 .rodata.str1.1.lib/libutils/ext/mempool.c
                0x000000000000e8e8       0x89 out-clean2/export-ta_arm32/lib/libutils.a(mempool.o)
 .rodata.lib/libutils/ext/mempool.c
                0x000000000000e971       0x2c out-clean2/export-ta_arm32/lib/libutils.a(mempool.o)
 .rodata.lib/libutils/ext/base64.c
                0x000000000000e99d       0x41 out-clean2/export-ta_arm32/lib/libutils.a(base64.o)
 .rodata.str1.1.lib/libutee/tee_api_operations.c
                0x000000000000e9de       0xb4 out-clean2/export-ta_arm32/lib/libutee.a(tee_api_operations.o)
 .rodata.lib/libutee/tee_api_operations.c
                0x000000000000ea92       0x81 out-clean2/export-ta_arm32/lib/libutee.a(tee_api_operations.o)

.gnu.version_d  0x000000000000eb14        0x0
 .gnu.version_d
                0x000000000000eb14        0x0 out-clean2/ta/avb/entry.o

.gnu.version    0x000000000000eb14        0x0
 .gnu.version   0x000000000000eb14        0x0 out-clean2/ta/avb/entry.o

.gnu.version_r  0x000000000000eb14        0x0
 .gnu.version_r
                0x000000000000eb14        0x0 out-clean2/ta/avb/entry.o

.gnu.hash       0x000000000000eb14       0x30
 .gnu.hash      0x000000000000eb14       0x30 out-clean2/ta/avb/entry.o

.ta_head        0x000000000000eb48       0x20
 .ta_head       0x000000000000eb48       0x20 out-clean2/ta/avb/user_ta_header.o
                0x000000000000eb48                ta_head

.ARM.extab      0x000000000000eb68      0x18c
 *(SORT_BY_ALIGNMENT(.ARM.extab*) SORT_BY_ALIGNMENT(.gnu.linkonce.armextab.*))
 .ARM.extab     0x000000000000eb68        0xc out-clean2/export-ta_arm32/lib/libutils.a(snprintk.o)
 .ARM.extab.text.__aeabi_ldivmod
                0x000000000000eb74        0xc out-clean2/export-ta_arm32/lib/libutils.a(arm32_aeabi_ldivmod_a32.o)
 .ARM.extab.text.__aeabi_uldivmod
                0x000000000000eb80        0xc out-clean2/export-ta_arm32/lib/libutils.a(arm32_aeabi_ldivmod_a32.o)
 .ARM.extab     0x000000000000eb8c        0xc out-clean2/export-ta_arm32/lib/libutee.a(trace_ext.o)
 .ARM.extab     0x000000000000eb98       0x30 out-clean2/export-ta_arm32/lib/libutee.a(tee_api.o)
 .ARM.extab     0x000000000000ebc8       0x30 out-clean2/export-ta_arm32/lib/libutee.a(tee_api_objects.o)
 .ARM.extab     0x000000000000ebf8       0x24 out-clean2/export-ta_arm32/lib/libutee.a(tee_api_panic.o)
 .ARM.extab.text._utee_panic
                0x000000000000ec1c        0xc out-clean2/export-ta_arm32/lib/libutee.a(utee_syscalls_a32.o)
 .ARM.extab.text.unlikely
                0x000000000000ec28        0xc out-clean2/export-ta_arm32/lib/libutee.a(abort.o)
 .ARM.extab     0x000000000000ec34       0x3c out-clean2/export-ta_arm32/lib/libutee.a(tee_api_arith_mpi.o)
 .ARM.extab     0x000000000000ec70        0xc out-clean2/export-ta_arm32/lib/libutee.a(assert.o)
 .ARM.extab     0x000000000000ec7c       0x18 out-clean2/export-ta_arm32/lib/libmbedtls.a(bignum.o)
 .ARM.extab     0x000000000000ec94       0x18 out-clean2/export-ta_arm32/lib/libutils.a(bget_malloc.o)
 .ARM.extab     0x000000000000ecac        0xc out-clean2/export-ta_arm32/lib/libutils.a(snprintf.o)
 .ARM.extab     0x000000000000ecb8       0x3c out-clean2/export-ta_arm32/lib/libutee.a(tee_api_operations.o)
 .ARM.extab     0x000000000000ecf4        0x0 out-clean2/ta/avb/entry.o
 .ARM.extab     0x000000000000ecf4        0x0 out-clean2/ta/avb/user_ta_header.o
 .ARM.extab.text.__ta_entry
                0x000000000000ecf4        0x0 out-clean2/ta/avb/ta_entry_a32.o
 .ARM.extab     0x000000000000ecf4        0x0 out-clean2/export-ta_arm32/lib/libutils.a(stack_check.o)
 .ARM.extab     0x000000000000ecf4        0x0 out-clean2/export-ta_arm32/lib/libutils.a(memset.o)
 .ARM.extab     0x000000000000ecf4        0x0 out-clean2/export-ta_arm32/lib/libutils.a(trace.o)
 .ARM.extab     0x000000000000ecf4        0x0 out-clean2/export-ta_arm32/lib/libutils.a(aeabi_unwind.o)
 .ARM.extab     0x000000000000ecf4        0x0 out-clean2/export-ta_arm32/lib/libutils.a(memchr.o)
 .ARM.extab     0x000000000000ecf4        0x0 out-clean2/export-ta_arm32/lib/libutils.a(strlen.o)
 .ARM.extab     0x000000000000ecf4        0x0 out-clean2/export-ta_arm32/lib/libutils.a(arm32_aeabi_ldivmod.o)
 .ARM.extab     0x000000000000ecf4        0x0 out-clean2/export-ta_arm32/lib/libutee.a(tee_system_pta.o)
 .ARM.extab     0x000000000000ecf4        0x0 out-clean2/export-ta_arm32/lib/libutee.a(user_ta_entry.o)
 .ARM.extab.text._utee_return
                0x000000000000ecf4        0x0 out-clean2/export-ta_arm32/lib/libutee.a(utee_syscalls_a32.o)
 .ARM.extab.text._utee_log
                0x000000000000ecf4        0x0 out-clean2/export-ta_arm32/lib/libutee.a(utee_syscalls_a32.o)
 .ARM.extab.text.__utee_panic
                0x000000000000ecf4        0x0 out-clean2/export-ta_arm32/lib/libutee.a(utee_syscalls_a32.o)
 .ARM.extab.text._utee_get_property
                0x000000000000ecf4        0x0 out-clean2/export-ta_arm32/lib/libutee.a(utee_syscalls_a32.o)
 .ARM.extab.text._utee_get_property_name_to_index
                0x000000000000ecf4        0x0 out-clean2/export-ta_arm32/lib/libutee.a(utee_syscalls_a32.o)
 .ARM.extab.text._utee_open_ta_session
                0x000000000000ecf4        0x0 out-clean2/export-ta_arm32/lib/libutee.a(utee_syscalls_a32.o)
 .ARM.extab.text._utee_close_ta_session
                0x000000000000ecf4        0x0 out-clean2/export-ta_arm32/lib/libutee.a(utee_syscalls_a32.o)
 .ARM.extab.text._utee_invoke_ta_command
                0x000000000000ecf4        0x0 out-clean2/export-ta_arm32/lib/libutee.a(utee_syscalls_a32.o)
 .ARM.extab.text._utee_get_cancellation_flag
                0x000000000000ecf4        0x0 out-clean2/export-ta_arm32/lib/libutee.a(utee_syscalls_a32.o)
 .ARM.extab.text._utee_check_access_rights
                0x000000000000ecf4        0x0 out-clean2/export-ta_arm32/lib/libutee.a(utee_syscalls_a32.o)
 .ARM.extab.text._utee_unmask_cancellation
                0x000000000000ecf4        0x0 out-clean2/export-ta_arm32/lib/libutee.a(utee_syscalls_a32.o)
 .ARM.extab.text._utee_mask_cancellation
                0x000000000000ecf4        0x0 out-clean2/export-ta_arm32/lib/libutee.a(utee_syscalls_a32.o)
 .ARM.extab.text._utee_wait
                0x000000000000ecf4        0x0 out-clean2/export-ta_arm32/lib/libutee.a(utee_syscalls_a32.o)
 .ARM.extab.text._utee_get_time
                0x000000000000ecf4        0x0 out-clean2/export-ta_arm32/lib/libutee.a(utee_syscalls_a32.o)
 .ARM.extab.text._utee_set_ta_time
                0x000000000000ecf4        0x0 out-clean2/export-ta_arm32/lib/libutee.a(utee_syscalls_a32.o)
 .ARM.extab.text._utee_cryp_state_alloc
                0x000000000000ecf4        0x0 out-clean2/export-ta_arm32/lib/libutee.a(utee_syscalls_a32.o)
 .ARM.extab.text._utee_cryp_state_copy
                0x000000000000ecf4        0x0 out-clean2/export-ta_arm32/lib/libutee.a(utee_syscalls_a32.o)
 .ARM.extab.text._utee_cryp_state_free
                0x000000000000ecf4        0x0 out-clean2/export-ta_arm32/lib/libutee.a(utee_syscalls_a32.o)
 .ARM.extab.text._utee_hash_init
                0x000000000000ecf4        0x0 out-clean2/export-ta_arm32/lib/libutee.a(utee_syscalls_a32.o)
 .ARM.extab.text._utee_hash_update
                0x000000000000ecf4        0x0 out-clean2/export-ta_arm32/lib/libutee.a(utee_syscalls_a32.o)
 .ARM.extab.text._utee_hash_final
                0x000000000000ecf4        0x0 out-clean2/export-ta_arm32/lib/libutee.a(utee_syscalls_a32.o)
 .ARM.extab.text._utee_cipher_init
                0x000000000000ecf4        0x0 out-clean2/export-ta_arm32/lib/libutee.a(utee_syscalls_a32.o)
 .ARM.extab.text._utee_cipher_update
                0x000000000000ecf4        0x0 out-clean2/export-ta_arm32/lib/libutee.a(utee_syscalls_a32.o)
 .ARM.extab.text._utee_cipher_final
                0x000000000000ecf4        0x0 out-clean2/export-ta_arm32/lib/libutee.a(utee_syscalls_a32.o)
 .ARM.extab.text._utee_cryp_obj_get_info
                0x000000000000ecf4        0x0 out-clean2/export-ta_arm32/lib/libutee.a(utee_syscalls_a32.o)
 .ARM.extab.text._utee_cryp_obj_restrict_usage
                0x000000000000ecf4        0x0 out-clean2/export-ta_arm32/lib/libutee.a(utee_syscalls_a32.o)
 .ARM.extab.text._utee_cryp_obj_get_attr
                0x000000000000ecf4        0x0 out-clean2/export-ta_arm32/lib/libutee.a(utee_syscalls_a32.o)
 .ARM.extab.text._utee_cryp_obj_alloc
                0x000000000000ecf4        0x0 out-clean2/export-ta_arm32/lib/libutee.a(utee_syscalls_a32.o)
 .ARM.extab.text._utee_cryp_obj_close
                0x000000000000ecf4        0x0 out-clean2/export-ta_arm32/lib/libutee.a(utee_syscalls_a32.o)
 .ARM.extab.text._utee_cryp_obj_reset
                0x000000000000ecf4        0x0 out-clean2/export-ta_arm32/lib/libutee.a(utee_syscalls_a32.o)
 .ARM.extab.text._utee_cryp_obj_populate
                0x000000000000ecf4        0x0 out-clean2/export-ta_arm32/lib/libutee.a(utee_syscalls_a32.o)
 .ARM.extab.text._utee_cryp_obj_copy
                0x000000000000ecf4        0x0 out-clean2/export-ta_arm32/lib/libutee.a(utee_syscalls_a32.o)
 .ARM.extab.text._utee_cryp_derive_key
                0x000000000000ecf4        0x0 out-clean2/export-ta_arm32/lib/libutee.a(utee_syscalls_a32.o)
 .ARM.extab.text._utee_cryp_random_number_generate
                0x000000000000ecf4        0x0 out-clean2/export-ta_arm32/lib/libutee.a(utee_syscalls_a32.o)
 .ARM.extab.text._utee_authenc_init
                0x000000000000ecf4        0x0 out-clean2/export-ta_arm32/lib/libutee.a(utee_syscalls_a32.o)
 .ARM.extab.text._utee_authenc_update_aad
                0x000000000000ecf4        0x0 out-clean2/export-ta_arm32/lib/libutee.a(utee_syscalls_a32.o)
 .ARM.extab.text._utee_authenc_update_payload
                0x000000000000ecf4        0x0 out-clean2/export-ta_arm32/lib/libutee.a(utee_syscalls_a32.o)
 .ARM.extab.text._utee_authenc_enc_final
                0x000000000000ecf4        0x0 out-clean2/export-ta_arm32/lib/libutee.a(utee_syscalls_a32.o)
 .ARM.extab.text._utee_authenc_dec_final
                0x000000000000ecf4        0x0 out-clean2/export-ta_arm32/lib/libutee.a(utee_syscalls_a32.o)
 .ARM.extab.text._utee_asymm_operate
                0x000000000000ecf4        0x0 out-clean2/export-ta_arm32/lib/libutee.a(utee_syscalls_a32.o)
 .ARM.extab.text._utee_asymm_verify
                0x000000000000ecf4        0x0 out-clean2/export-ta_arm32/lib/libutee.a(utee_syscalls_a32.o)
 .ARM.extab.text._utee_storage_obj_open
                0x000000000000ecf4        0x0 out-clean2/export-ta_arm32/lib/libutee.a(utee_syscalls_a32.o)
 .ARM.extab.text._utee_storage_obj_create
                0x000000000000ecf4        0x0 out-clean2/export-ta_arm32/lib/libutee.a(utee_syscalls_a32.o)
 .ARM.extab.text._utee_storage_obj_del
                0x000000000000ecf4        0x0 out-clean2/export-ta_arm32/lib/libutee.a(utee_syscalls_a32.o)
 .ARM.extab.text._utee_storage_obj_rename
                0x000000000000ecf4        0x0 out-clean2/export-ta_arm32/lib/libutee.a(utee_syscalls_a32.o)
 .ARM.extab.text._utee_storage_alloc_enum
                0x000000000000ecf4        0x0 out-clean2/export-ta_arm32/lib/libutee.a(utee_syscalls_a32.o)
 .ARM.extab.text._utee_storage_free_enum
                0x000000000000ecf4        0x0 out-clean2/export-ta_arm32/lib/libutee.a(utee_syscalls_a32.o)
 .ARM.extab.text._utee_storage_reset_enum
                0x000000000000ecf4        0x0 out-clean2/export-ta_arm32/lib/libutee.a(utee_syscalls_a32.o)
 .ARM.extab.text._utee_storage_start_enum
                0x000000000000ecf4        0x0 out-clean2/export-ta_arm32/lib/libutee.a(utee_syscalls_a32.o)
 .ARM.extab.text._utee_storage_next_enum
                0x000000000000ecf4        0x0 out-clean2/export-ta_arm32/lib/libutee.a(utee_syscalls_a32.o)
 .ARM.extab.text._utee_storage_obj_read
                0x000000000000ecf4        0x0 out-clean2/export-ta_arm32/lib/libutee.a(utee_syscalls_a32.o)
 .ARM.extab.text._utee_storage_obj_write
                0x000000000000ecf4        0x0 out-clean2/export-ta_arm32/lib/libutee.a(utee_syscalls_a32.o)
 .ARM.extab.text._utee_storage_obj_trunc
                0x000000000000ecf4        0x0 out-clean2/export-ta_arm32/lib/libutee.a(utee_syscalls_a32.o)
 .ARM.extab.text._utee_storage_obj_seek
                0x000000000000ecf4        0x0 out-clean2/export-ta_arm32/lib/libutee.a(utee_syscalls_a32.o)
 .ARM.extab.text._utee_cryp_obj_generate_key
                0x000000000000ecf4        0x0 out-clean2/export-ta_arm32/lib/libutee.a(utee_syscalls_a32.o)
 .ARM.extab.text._utee_cache_operation
                0x000000000000ecf4        0x0 out-clean2/export-ta_arm32/lib/libutee.a(utee_syscalls_a32.o)
 .ARM.extab     0x000000000000ecf4        0x0 out-clean2/export-ta_arm32/lib/libutee.a(tee_api_property.o)
 .ARM.extab     0x000000000000ecf4        0x0 out-clean2/export-ta_arm32/lib/libutee.a(tcb.o)
 .ARM.extab     0x000000000000ecf4        0x0 out-clean2/export-ta_arm32/lib/libmbedtls.a(bignum_core.o)
 .ARM.extab     0x000000000000ecf4        0x0 out-clean2/export-ta_arm32/lib/libmbedtls.a(constant_time.o)
 .ARM.extab     0x000000000000ecf4        0x0 out-clean2/export-ta_arm32/lib/libmbedtls.a(platform_util.o)
 .ARM.extab     0x000000000000ecf4        0x0 out-clean2/export-ta_arm32/lib/libutils.a(memcpy.o)
 .ARM.extab     0x000000000000ecf4        0x0 out-clean2/export-ta_arm32/lib/libutils.a(memmove.o)
 .ARM.extab     0x000000000000ecf4        0x0 out-clean2/export-ta_arm32/lib/libutils.a(strcmp.o)
 .ARM.extab     0x000000000000ecf4        0x0 out-clean2/export-ta_arm32/lib/libutils.a(strlcpy.o)
 .ARM.extab     0x000000000000ecf4        0x0 out-clean2/export-ta_arm32/lib/libutils.a(mempool.o)
 .ARM.extab     0x000000000000ecf4        0x0 out-clean2/export-ta_arm32/lib/libutils.a(consttime_memcmp.o)
 .ARM.extab     0x000000000000ecf4        0x0 out-clean2/export-ta_arm32/lib/libutils.a(base64.o)
                [!provide]                        PROVIDE (__exidx_start = .)

.ARM.exidx      0x000000000000ecf4      0xb40
 *(SORT_BY_ALIGNMENT(.ARM.exidx*) SORT_BY_ALIGNMENT(.gnu.linkonce.armexidx.*))
 .ARM.exidx     0x000000000000ecf4      0x1a0 out-clean2/export-ta_arm32/lib/libutee.a(tee_api_operations.o)
                                        0x1f8 (size before relaxing)
 .ARM.exidx     0x000000000000ee94       0x20 out-clean2/ta/avb/entry.o
                                         0x38 (size before relaxing)
 .ARM.exidx     0x000000000000eeb4       0x10 out-clean2/ta/avb/user_ta_header.o
 .ARM.exidx.text.__ta_entry
                0x000000000000eec4        0x8 out-clean2/ta/avb/ta_entry_a32.o
 .ARM.exidx     0x000000000000eecc        0x8 out-clean2/export-ta_arm32/lib/libutils.a(stack_check.o)
 .ARM.exidx     0x000000000000eed4       0x20 out-clean2/export-ta_arm32/lib/libutils.a(trace.o)
                                         0x28 (size before relaxing)
 .ARM.exidx     0x000000000000eef4       0x28 out-clean2/export-ta_arm32/lib/libutils.a(snprintk.o)
 .ARM.exidx.text.__aeabi_ldivmod
                0x000000000000ef1c        0x8 out-clean2/export-ta_arm32/lib/libutils.a(arm32_aeabi_ldivmod_a32.o)
 .ARM.exidx.text.__aeabi_uldivmod
                0x000000000000ef24        0x8 out-clean2/export-ta_arm32/lib/libutils.a(arm32_aeabi_ldivmod_a32.o)
 .ARM.exidx     0x000000000000ef2c       0x18 out-clean2/export-ta_arm32/lib/libutils.a(arm32_aeabi_ldivmod.o)
 .ARM.exidx     0x000000000000ef44       0x28 out-clean2/export-ta_arm32/lib/libutee.a(trace_ext.o)
 .ARM.exidx     0x000000000000ef6c       0xa0 out-clean2/export-ta_arm32/lib/libutee.a(tee_api.o)
                                        0x138 (size before relaxing)
 .ARM.exidx     0x000000000000f00c      0x128 out-clean2/export-ta_arm32/lib/libutee.a(tee_api_objects.o)
                                        0x180 (size before relaxing)
 .ARM.exidx     0x000000000000f134       0x58 out-clean2/export-ta_arm32/lib/libutee.a(tee_api_panic.o)
                                         0x60 (size before relaxing)
 .ARM.exidx     0x000000000000f18c       0x28 out-clean2/export-ta_arm32/lib/libutee.a(tee_system_pta.o)
 .ARM.exidx     0x000000000000f1b4       0x48 out-clean2/export-ta_arm32/lib/libutee.a(user_ta_entry.o)
                                         0x50 (size before relaxing)
 .ARM.exidx.text._utee_panic
                0x000000000000f1fc        0x8 out-clean2/export-ta_arm32/lib/libutee.a(utee_syscalls_a32.o)
 .ARM.exidx.text._utee_return
                0x000000000000f204        0x8 out-clean2/export-ta_arm32/lib/libutee.a(utee_syscalls_a32.o)
 .ARM.exidx.text._utee_log
                0x000000000000f20c        0x0 out-clean2/export-ta_arm32/lib/libutee.a(utee_syscalls_a32.o)
                                          0x8 (size before relaxing)
 .ARM.exidx.text.__utee_panic
                0x000000000000f20c        0x0 out-clean2/export-ta_arm32/lib/libutee.a(utee_syscalls_a32.o)
                                          0x8 (size before relaxing)
 .ARM.exidx.text._utee_get_property
                0x000000000000f20c        0x0 out-clean2/export-ta_arm32/lib/libutee.a(utee_syscalls_a32.o)
                                          0x8 (size before relaxing)
 .ARM.exidx.text._utee_get_property_name_to_index
                0x000000000000f20c        0x0 out-clean2/export-ta_arm32/lib/libutee.a(utee_syscalls_a32.o)
                                          0x8 (size before relaxing)
 .ARM.exidx.text._utee_open_ta_session
                0x000000000000f20c        0x0 out-clean2/export-ta_arm32/lib/libutee.a(utee_syscalls_a32.o)
                                          0x8 (size before relaxing)
 .ARM.exidx.text._utee_close_ta_session
                0x000000000000f20c        0x0 out-clean2/export-ta_arm32/lib/libutee.a(utee_syscalls_a32.o)
                                          0x8 (size before relaxing)
 .ARM.exidx.text._utee_invoke_ta_command
                0x000000000000f20c        0x0 out-clean2/export-ta_arm32/lib/libutee.a(utee_syscalls_a32.o)
                                          0x8 (size before relaxing)
 .ARM.exidx.text._utee_get_cancellation_flag
                0x000000000000f20c        0x0 out-clean2/export-ta_arm32/lib/libutee.a(utee_syscalls_a32.o)
                                          0x8 (size before relaxing)
 .ARM.exidx.text._utee_check_access_rights
                0x000000000000f20c        0x0 out-clean2/export-ta_arm32/lib/libutee.a(utee_syscalls_a32.o)
                                          0x8 (size before relaxing)
 .ARM.exidx.text._utee_unmask_cancellation
                0x000000000000f20c        0x0 out-clean2/export-ta_arm32/lib/libutee.a(utee_syscalls_a32.o)
                                          0x8 (size before relaxing)
 .ARM.exidx.text._utee_mask_cancellation
                0x000000000000f20c        0x0 out-clean2/export-ta_arm32/lib/libutee.a(utee_syscalls_a32.o)
                                          0x8 (size before relaxing)
 .ARM.exidx.text._utee_wait
                0x000000000000f20c        0x0 out-clean2/export-ta_arm32/lib/libutee.a(utee_syscalls_a32.o)
                                          0x8 (size before relaxing)
 .ARM.exidx.text._utee_get_time
                0x000000000000f20c        0x0 out-clean2/export-ta_arm32/lib/libutee.a(utee_syscalls_a32.o)
                                          0x8 (size before relaxing)
 .ARM.exidx.text._utee_set_ta_time
                0x000000000000f20c        0x0 out-clean2/export-ta_arm32/lib/libutee.a(utee_syscalls_a32.o)
                                          0x8 (size before relaxing)
 .ARM.exidx.text._utee_cryp_state_alloc
                0x000000000000f20c        0x0 out-clean2/export-ta_arm32/lib/libutee.a(utee_syscalls_a32.o)
                                          0x8 (size before relaxing)
 .ARM.exidx.text._utee_cryp_state_copy
                0x000000000000f20c        0x0 out-clean2/export-ta_arm32/lib/libutee.a(utee_syscalls_a32.o)
                                          0x8 (size before relaxing)
 .ARM.exidx.text._utee_cryp_state_free
                0x000000000000f20c        0x0 out-clean2/export-ta_arm32/lib/libutee.a(utee_syscalls_a32.o)
                                          0x8 (size before relaxing)
 .ARM.exidx.text._utee_hash_init
                0x000000000000f20c        0x0 out-clean2/export-ta_arm32/lib/libutee.a(utee_syscalls_a32.o)
                                          0x8 (size before relaxing)
 .ARM.exidx.text._utee_hash_update
                0x000000000000f20c        0x0 out-clean2/export-ta_arm32/lib/libutee.a(utee_syscalls_a32.o)
                                          0x8 (size before relaxing)
 .ARM.exidx.text._utee_hash_final
                0x000000000000f20c        0x0 out-clean2/export-ta_arm32/lib/libutee.a(utee_syscalls_a32.o)
                                          0x8 (size before relaxing)
 .ARM.exidx.text._utee_cipher_init
                0x000000000000f20c        0x0 out-clean2/export-ta_arm32/lib/libutee.a(utee_syscalls_a32.o)
                                          0x8 (size before relaxing)
 .ARM.exidx.text._utee_cipher_update
                0x000000000000f20c        0x0 out-clean2/export-ta_arm32/lib/libutee.a(utee_syscalls_a32.o)
                                          0x8 (size before relaxing)
 .ARM.exidx.text._utee_cipher_final
                0x000000000000f20c        0x0 out-clean2/export-ta_arm32/lib/libutee.a(utee_syscalls_a32.o)
                                          0x8 (size before relaxing)
 .ARM.exidx.text._utee_cryp_obj_get_info
                0x000000000000f20c        0x0 out-clean2/export-ta_arm32/lib/libutee.a(utee_syscalls_a32.o)
                                          0x8 (size before relaxing)
 .ARM.exidx.text._utee_cryp_obj_restrict_usage
                0x000000000000f20c        0x0 out-clean2/export-ta_arm32/lib/libutee.a(utee_syscalls_a32.o)
                                          0x8 (size before relaxing)
 .ARM.exidx.text._utee_cryp_obj_get_attr
                0x000000000000f20c        0x0 out-clean2/export-ta_arm32/lib/libutee.a(utee_syscalls_a32.o)
                                          0x8 (size before relaxing)
 .ARM.exidx.text._utee_cryp_obj_alloc
                0x000000000000f20c        0x0 out-clean2/export-ta_arm32/lib/libutee.a(utee_syscalls_a32.o)
                                          0x8 (size before relaxing)
 .ARM.exidx.text._utee_cryp_obj_close
                0x000000000000f20c        0x0 out-clean2/export-ta_arm32/lib/libutee.a(utee_syscalls_a32.o)
                                          0x8 (size before relaxing)
 .ARM.exidx.text._utee_cryp_obj_reset
                0x000000000000f20c        0x0 out-clean2/export-ta_arm32/lib/libutee.a(utee_syscalls_a32.o)
                                          0x8 (size before relaxing)
 .ARM.exidx.text._utee_cryp_obj_populate
                0x000000000000f20c        0x0 out-clean2/export-ta_arm32/lib/libutee.a(utee_syscalls_a32.o)
                                          0x8 (size before relaxing)
 .ARM.exidx.text._utee_cryp_obj_copy
                0x000000000000f20c        0x0 out-clean2/export-ta_arm32/lib/libutee.a(utee_syscalls_a32.o)
                                          0x8 (size before relaxing)
 .ARM.exidx.text._utee_cryp_derive_key
                0x000000000000f20c        0x0 out-clean2/export-ta_arm32/lib/libutee.a(utee_syscalls_a32.o)
                                          0x8 (size before relaxing)
 .ARM.exidx.text._utee_cryp_random_number_generate
                0x000000000000f20c        0x0 out-clean2/export-ta_arm32/lib/libutee.a(utee_syscalls_a32.o)
                                          0x8 (size before relaxing)
 .ARM.exidx.text._utee_authenc_init
                0x000000000000f20c        0x0 out-clean2/export-ta_arm32/lib/libutee.a(utee_syscalls_a32.o)
                                          0x8 (size before relaxing)
 .ARM.exidx.text._utee_authenc_update_aad
                0x000000000000f20c        0x0 out-clean2/export-ta_arm32/lib/libutee.a(utee_syscalls_a32.o)
                                          0x8 (size before relaxing)
 .ARM.exidx.text._utee_authenc_update_payload
                0x000000000000f20c        0x0 out-clean2/export-ta_arm32/lib/libutee.a(utee_syscalls_a32.o)
                                          0x8 (size before relaxing)
 .ARM.exidx.text._utee_authenc_enc_final
                0x000000000000f20c        0x0 out-clean2/export-ta_arm32/lib/libutee.a(utee_syscalls_a32.o)
                                          0x8 (size before relaxing)
 .ARM.exidx.text._utee_authenc_dec_final
                0x000000000000f20c        0x0 out-clean2/export-ta_arm32/lib/libutee.a(utee_syscalls_a32.o)
                                          0x8 (size before relaxing)
 .ARM.exidx.text._utee_asymm_operate
                0x000000000000f20c        0x0 out-clean2/export-ta_arm32/lib/libutee.a(utee_syscalls_a32.o)
                                          0x8 (size before relaxing)
 .ARM.exidx.text._utee_asymm_verify
                0x000000000000f20c        0x0 out-clean2/export-ta_arm32/lib/libutee.a(utee_syscalls_a32.o)
                                          0x8 (size before relaxing)
 .ARM.exidx.text._utee_storage_obj_open
                0x000000000000f20c        0x0 out-clean2/export-ta_arm32/lib/libutee.a(utee_syscalls_a32.o)
                                          0x8 (size before relaxing)
 .ARM.exidx.text._utee_storage_obj_create
                0x000000000000f20c        0x0 out-clean2/export-ta_arm32/lib/libutee.a(utee_syscalls_a32.o)
                                          0x8 (size before relaxing)
 .ARM.exidx.text._utee_storage_obj_del
                0x000000000000f20c        0x0 out-clean2/export-ta_arm32/lib/libutee.a(utee_syscalls_a32.o)
                                          0x8 (size before relaxing)
 .ARM.exidx.text._utee_storage_obj_rename
                0x000000000000f20c        0x0 out-clean2/export-ta_arm32/lib/libutee.a(utee_syscalls_a32.o)
                                          0x8 (size before relaxing)
 .ARM.exidx.text._utee_storage_alloc_enum
                0x000000000000f20c        0x0 out-clean2/export-ta_arm32/lib/libutee.a(utee_syscalls_a32.o)
                                          0x8 (size before relaxing)
 .ARM.exidx.text._utee_storage_free_enum
                0x000000000000f20c        0x0 out-clean2/export-ta_arm32/lib/libutee.a(utee_syscalls_a32.o)
                                          0x8 (size before relaxing)
 .ARM.exidx.text._utee_storage_reset_enum
                0x000000000000f20c        0x0 out-clean2/export-ta_arm32/lib/libutee.a(utee_syscalls_a32.o)
                                          0x8 (size before relaxing)
 .ARM.exidx.text._utee_storage_start_enum
                0x000000000000f20c        0x0 out-clean2/export-ta_arm32/lib/libutee.a(utee_syscalls_a32.o)
                                          0x8 (size before relaxing)
 .ARM.exidx.text._utee_storage_next_enum
                0x000000000000f20c        0x0 out-clean2/export-ta_arm32/lib/libutee.a(utee_syscalls_a32.o)
                                          0x8 (size before relaxing)
 .ARM.exidx.text._utee_storage_obj_read
                0x000000000000f20c        0x0 out-clean2/export-ta_arm32/lib/libutee.a(utee_syscalls_a32.o)
                                          0x8 (size before relaxing)
 .ARM.exidx.text._utee_storage_obj_write
                0x000000000000f20c        0x0 out-clean2/export-ta_arm32/lib/libutee.a(utee_syscalls_a32.o)
                                          0x8 (size before relaxing)
 .ARM.exidx.text._utee_storage_obj_trunc
                0x000000000000f20c        0x0 out-clean2/export-ta_arm32/lib/libutee.a(utee_syscalls_a32.o)
                                          0x8 (size before relaxing)
 .ARM.exidx.text._utee_storage_obj_seek
                0x000000000000f20c        0x0 out-clean2/export-ta_arm32/lib/libutee.a(utee_syscalls_a32.o)
                                          0x8 (size before relaxing)
 .ARM.exidx.text._utee_cryp_obj_generate_key
                0x000000000000f20c        0x0 out-clean2/export-ta_arm32/lib/libutee.a(utee_syscalls_a32.o)
                                          0x8 (size before relaxing)
 .ARM.exidx.text._utee_cache_operation
                0x000000000000f20c        0x0 out-clean2/export-ta_arm32/lib/libutee.a(utee_syscalls_a32.o)
                                          0x8 (size before relaxing)
 .ARM.exidx.text.unlikely
                0x000000000000f20c        0x8 out-clean2/export-ta_arm32/lib/libutee.a(abort.o)
 .ARM.exidx     0x000000000000f214      0x148 out-clean2/export-ta_arm32/lib/libutee.a(tee_api_arith_mpi.o)
                                        0x1b8 (size before relaxing)
 .ARM.exidx     0x000000000000f35c       0x78 out-clean2/export-ta_arm32/lib/libutee.a(tee_api_property.o)
                                         0xa0 (size before relaxing)
 .ARM.exidx     0x000000000000f3d4       0x18 out-clean2/export-ta_arm32/lib/libutee.a(tcb.o)
 .ARM.exidx     0x000000000000f3ec       0x10 out-clean2/export-ta_arm32/lib/libutee.a(assert.o)
 .ARM.exidx     0x000000000000f3fc      0x198 out-clean2/export-ta_arm32/lib/libmbedtls.a(bignum.o)
                                        0x1f0 (size before relaxing)
 .ARM.exidx     0x000000000000f594       0xf8 out-clean2/export-ta_arm32/lib/libmbedtls.a(bignum_core.o)
                                        0x110 (size before relaxing)
 .ARM.exidx     0x000000000000f68c       0x40 out-clean2/export-ta_arm32/lib/libmbedtls.a(constant_time.o)
 .ARM.exidx     0x000000000000f6cc        0x8 out-clean2/export-ta_arm32/lib/libmbedtls.a(platform_util.o)
                                         0x10 (size before relaxing)
 .ARM.exidx     0x000000000000f6d4       0xe8 out-clean2/export-ta_arm32/lib/libutils.a(bget_malloc.o)
                                        0x130 (size before relaxing)
 .ARM.exidx     0x000000000000f7bc       0x10 out-clean2/export-ta_arm32/lib/libutils.a(snprintf.o)
 .ARM.exidx     0x000000000000f7cc        0x8 out-clean2/export-ta_arm32/lib/libutils.a(memcpy.o)
 .ARM.exidx     0x000000000000f7d4       0x18 out-clean2/export-ta_arm32/lib/libutils.a(mempool.o)
                                         0x20 (size before relaxing)
 .ARM.exidx     0x000000000000f7ec        0x8 out-clean2/export-ta_arm32/lib/libutils.a(base64.o)
                                         0x18 (size before relaxing)
 .ARM.exidx     0x000000000000f7f4        0x8 out-clean2/export-ta_arm32/lib/libutils.a(memset.o)
 .ARM.exidx     0x000000000000f7fc        0x0 out-clean2/export-ta_arm32/lib/libutils.a(aeabi_unwind.o)
                                         0x18 (size before relaxing)
 .ARM.exidx     0x000000000000f7fc        0x8 out-clean2/export-ta_arm32/lib/libutils.a(memchr.o)
 .ARM.exidx     0x000000000000f804        0x8 out-clean2/export-ta_arm32/lib/libutils.a(strlen.o)
 .ARM.exidx     0x000000000000f80c        0x8 out-clean2/export-ta_arm32/lib/libutils.a(memmove.o)
 .ARM.exidx     0x000000000000f814        0x8 out-clean2/export-ta_arm32/lib/libutils.a(strcmp.o)
 .ARM.exidx     0x000000000000f81c        0x8 out-clean2/export-ta_arm32/lib/libutils.a(strlcpy.o)
 .ARM.exidx     0x000000000000f824       0x10 out-clean2/export-ta_arm32/lib/libutils.a(consttime_memcmp.o)
                                          0x8 (size before relaxing)
                [!provide]                        PROVIDE (__exidx_end = .)

.ctors
 *(SORT_BY_ALIGNMENT(.ctors))

.dtors
 *(SORT_BY_ALIGNMENT(.dtors))

.dynsym         0x000000000000f834       0x70
 *(SORT_BY_ALIGNMENT(.dynsym))
 .dynsym        0x000000000000f834       0x70 out-clean2/ta/avb/entry.o

.dynstr         0x000000000000f8a4       0x36
 *(SORT_BY_ALIGNMENT(.dynstr))
 .dynstr        0x000000000000f8a4       0x36 out-clean2/ta/avb/entry.o

.hash           0x000000000000f8dc       0x30
 *(SORT_BY_ALIGNMENT(.hash))
 .hash          0x000000000000f8dc       0x30 out-clean2/ta/avb/entry.o
                0x0000000000010000                . = ALIGN (0x1000)

.dynamic        0x0000000000010000       0x88
 *(SORT_BY_ALIGNMENT(.dynamic))
 .dynamic       0x0000000000010000       0x88 out-clean2/ta/avb/entry.o
                0x0000000000010000                _DYNAMIC

.tdata
 *(SORT_BY_ALIGNMENT(.tdata) SORT_BY_ALIGNMENT(.tdata.*) SORT_BY_ALIGNMENT(.gnu.linkonce.td.*))

.tbss
 *(SORT_BY_ALIGNMENT(.tbss) SORT_BY_ALIGNMENT(.tbss.*) SORT_BY_ALIGNMENT(.gnu.linkonce.tb.*))
 *(SORT_BY_ALIGNMENT(.tcommon))

.got            0x0000000000010088       0x68
 *(SORT_BY_ALIGNMENT(.got.plt))
 .got.plt       0x0000000000010088        0xc out-clean2/ta/avb/entry.o
                0x0000000000010088                _GLOBAL_OFFSET_TABLE_
 *(SORT_BY_ALIGNMENT(.got))
 .got           0x0000000000010094       0x5c out-clean2/ta/avb/entry.o

.rel.text
 *(SORT_BY_ALIGNMENT(.rel.text))
 *(SORT_BY_ALIGNMENT(.rel.gnu.linkonce.t*))

.rela.text
 *(SORT_BY_ALIGNMENT(.rela.text))
 *(SORT_BY_ALIGNMENT(.rela.gnu.linkonce.t*))

.rel.data
 *(SORT_BY_ALIGNMENT(.rel.data))
 *(SORT_BY_ALIGNMENT(.rel.gnu.linkonce.d*))

.rela.data
 *(SORT_BY_ALIGNMENT(.rela.data))
 *(SORT_BY_ALIGNMENT(.rela.gnu.linkonce.d*))

.rel.tdata
 *(SORT_BY_ALIGNMENT(.rel.tdata) SORT_BY_ALIGNMENT(.rel.tdata.*) SORT_BY_ALIGNMENT(.rel.gnu.linkonce.td.*))

.rela.tdata
 *(SORT_BY_ALIGNMENT(.rela.tdata) SORT_BY_ALIGNMENT(.rela.tdata.*) SORT_BY_ALIGNMENT(.rela.gnu.linkonce.td.*))

.rel.tbss
 *(SORT_BY_ALIGNMENT(.rel.tbss) SORT_BY_ALIGNMENT(.rel.tbss.*) SORT_BY_ALIGNMENT(.rel.gnu.linkonce.tb.*))

.rela.tbss
 *(SORT_BY_ALIGNMENT(.rela.tbss) SORT_BY_ALIGNMENT(.rela.tbss.*) SORT_BY_ALIGNMENT(.rela.gnu.linkonce.tb.*))

.rel.rodata
 *(SORT_BY_ALIGNMENT(.rel.rodata))
 *(SORT_BY_ALIGNMENT(.rel.gnu.linkonce.r*))

.rela.rodata
 *(SORT_BY_ALIGNMENT(.rela.rodata))
 *(SORT_BY_ALIGNMENT(.rela.gnu.linkonce.r*))

.rel.dyn        0x00000000000100f0      0x118
 *(SORT_BY_ALIGNMENT(.rel.dyn))
 .rel.data.rel.ro
                0x00000000000100f0        0x0 out-clean2/ta/avb/entry.o
 .rel.iplt      0x00000000000100f0        0x0 out-clean2/ta/avb/entry.o
 .rel.data.rel.ro.local
                0x00000000000100f0       0xe0 out-clean2/ta/avb/entry.o
 .rel.data.rel.local
                0x00000000000101d0       0x30 out-clean2/ta/avb/entry.o
 .rel.data.rel  0x0000000000010200        0x8 out-clean2/ta/avb/entry.o

.rel.got        0x0000000000010208       0xb8
 *(SORT_BY_ALIGNMENT(.rel.got))
 .rel.got       0x0000000000010208       0xb8 out-clean2/ta/avb/entry.o

.rela.got
 *(SORT_BY_ALIGNMENT(.rela.got))

.rel.ctors
 *(SORT_BY_ALIGNMENT(.rel.ctors))

.rela.ctors
 *(SORT_BY_ALIGNMENT(.rela.ctors))

.rel.dtors
 *(SORT_BY_ALIGNMENT(.rel.dtors))

.rela.dtors
 *(SORT_BY_ALIGNMENT(.rela.dtors))

.rel.init
 *(SORT_BY_ALIGNMENT(.rel.init))

.rela.init
 *(SORT_BY_ALIGNMENT(.rela.init))

.rel.fini
 *(SORT_BY_ALIGNMENT(.rel.fini))

.rela.fini
 *(SORT_BY_ALIGNMENT(.rela.fini))

.rel.bss        0x00000000000102c0        0x0
 *(SORT_BY_ALIGNMENT(.rel.bss))
 .rel.bss       0x00000000000102c0        0x0 out-clean2/ta/avb/entry.o

.rela.bss
 *(SORT_BY_ALIGNMENT(.rela.bss))

.rel.plt        0x00000000000102c0        0x0
 *(SORT_BY_ALIGNMENT(.rel.plt))
 .rel.plt       0x00000000000102c0        0x0 out-clean2/ta/avb/entry.o

.rela.plt
 *(SORT_BY_ALIGNMENT(.rela.plt))

.data           0x00000000000102c0      0x160
 *(SORT_BY_ALIGNMENT(.data) SORT_BY_ALIGNMENT(.data.*) SORT_BY_ALIGNMENT(.gnu.linkonce.d.*))
 .data.rel.local
                0x00000000000102c0       0x98 out-clean2/export-ta_arm32/lib/libutils.a(bget_malloc.o)
 .data          0x0000000000010358        0x4 out-clean2/ta/avb/user_ta_header.o
                0x0000000000010358                trace_level
 .data.rel.ro.local
                0x000000000001035c       0x78 out-clean2/ta/avb/user_ta_header.o
                0x000000000001035c                ta_props
 .data          0x00000000000103d4        0x4 out-clean2/export-ta_arm32/lib/libutils.a(stack_check.o)
                0x00000000000103d4                __stack_chk_guard
 .data.rel.local
                0x00000000000103d8       0x10 out-clean2/export-ta_arm32/lib/libutee.a(user_ta_entry.o)
 .data.rel.ro.local
                0x00000000000103e8       0x30 out-clean2/export-ta_arm32/lib/libutee.a(tee_api_property.o)
                0x00000000000103e8                tee_props
 .data.rel      0x0000000000010418        0x4 out-clean2/export-ta_arm32/lib/libmbedtls.a(platform_util.o)
 .data          0x000000000001041c        0x4 out-clean2/export-ta_arm32/lib/libutils.a(bget_malloc.o)
 .data          0x0000000000010420        0x0 out-clean2/ta/avb/entry.o
 .data.rel.ro   0x0000000000010420        0x0 out-clean2/ta/avb/entry.o
 .data          0x0000000000010420        0x0 out-clean2/ta/avb/ta_entry_a32.o
 .data          0x0000000000010420        0x0 out-clean2/export-ta_arm32/lib/libutils.a(memset.o)
 .data          0x0000000000010420        0x0 out-clean2/export-ta_arm32/lib/libutils.a(trace.o)
 .data          0x0000000000010420        0x0 out-clean2/export-ta_arm32/lib/libutils.a(aeabi_unwind.o)
 .data          0x0000000000010420        0x0 out-clean2/export-ta_arm32/lib/libutils.a(snprintk.o)
 .data          0x0000000000010420        0x0 out-clean2/export-ta_arm32/lib/libutils.a(memchr.o)
 .data          0x0000000000010420        0x0 out-clean2/export-ta_arm32/lib/libutils.a(strlen.o)
 .data          0x0000000000010420        0x0 out-clean2/export-ta_arm32/lib/libutils.a(arm32_aeabi_ldivmod_a32.o)
 .data          0x0000000000010420        0x0 out-clean2/export-ta_arm32/lib/libutils.a(arm32_aeabi_ldivmod.o)
 .data          0x0000000000010420        0x0 out-clean2/export-ta_arm32/lib/libutee.a(trace_ext.o)
 .data          0x0000000000010420        0x0 out-clean2/export-ta_arm32/lib/libutee.a(tee_api.o)
 .data          0x0000000000010420        0x0 out-clean2/export-ta_arm32/lib/libutee.a(tee_api_objects.o)
 .data          0x0000000000010420        0x0 out-clean2/export-ta_arm32/lib/libutee.a(tee_api_panic.o)
 .data          0x0000000000010420        0x0 out-clean2/export-ta_arm32/lib/libutee.a(tee_system_pta.o)
 .data          0x0000000000010420        0x0 out-clean2/export-ta_arm32/lib/libutee.a(user_ta_entry.o)
 .data          0x0000000000010420        0x0 out-clean2/export-ta_arm32/lib/libutee.a(utee_syscalls_a32.o)
 .data          0x0000000000010420        0x0 out-clean2/export-ta_arm32/lib/libutee.a(abort.o)
 .data          0x0000000000010420        0x0 out-clean2/export-ta_arm32/lib/libutee.a(tee_api_arith_mpi.o)
 .data          0x0000000000010420        0x0 out-clean2/export-ta_arm32/lib/libutee.a(tee_api_property.o)
 .data          0x0000000000010420        0x0 out-clean2/export-ta_arm32/lib/libutee.a(tcb.o)
 .data          0x0000000000010420        0x0 out-clean2/export-ta_arm32/lib/libutee.a(assert.o)
 .data          0x0000000000010420        0x0 out-clean2/export-ta_arm32/lib/libmbedtls.a(bignum.o)
 .data          0x0000000000010420        0x0 out-clean2/export-ta_arm32/lib/libmbedtls.a(bignum_core.o)
 .data          0x0000000000010420        0x0 out-clean2/export-ta_arm32/lib/libmbedtls.a(constant_time.o)
 .data          0x0000000000010420        0x0 out-clean2/export-ta_arm32/lib/libmbedtls.a(platform_util.o)
 .data          0x0000000000010420        0x0 out-clean2/export-ta_arm32/lib/libutils.a(snprintf.o)
 .data          0x0000000000010420        0x0 out-clean2/export-ta_arm32/lib/libutils.a(memcpy.o)
 .data          0x0000000000010420        0x0 out-clean2/export-ta_arm32/lib/libutils.a(memmove.o)
 .data          0x0000000000010420        0x0 out-clean2/export-ta_arm32/lib/libutils.a(strcmp.o)
 .data          0x0000000000010420        0x0 out-clean2/export-ta_arm32/lib/libutils.a(strlcpy.o)
 .data          0x0000000000010420        0x0 out-clean2/export-ta_arm32/lib/libutils.a(mempool.o)
 .data          0x0000000000010420        0x0 out-clean2/export-ta_arm32/lib/libutils.a(consttime_memcmp.o)
 .data          0x0000000000010420        0x0 out-clean2/export-ta_arm32/lib/libutils.a(base64.o)
 .data          0x0000000000010420        0x0 out-clean2/export-ta_arm32/lib/libutee.a(tee_api_operations.o)

.igot.plt       0x0000000000010420        0x0
 .igot.plt      0x0000000000010420        0x0 out-clean2/ta/avb/entry.o

.bss            0x0000000000010420     0x7860
 *(SORT_BY_ALIGNMENT(.bss) SORT_BY_ALIGNMENT(.bss.*) SORT_BY_ALIGNMENT(.gnu.linkonce.b.*) SORT_BY_ALIGNMENT(COMMON))
 .bss           0x0000000000010420        0x8 out-clean2/export-ta_arm32/lib/libutee.a(tee_api.o)
 .bss           0x0000000000010428        0x4 out-clean2/export-ta_arm32/lib/libutee.a(tee_system_pta.o)
 .bss           0x000000000001042c       0x3c out-clean2/export-ta_arm32/lib/libutee.a(user_ta_entry.o)
                0x0000000000010434                __elf_phdr_info
                0x0000000000010440                __ta_no_share_malloc_ctx
                0x0000000000010444                ta_params
                0x0000000000010464                ta_param_types
 .bss           0x0000000000010468     0x3800 out-clean2/export-ta_arm32/lib/libutee.a(tee_api_arith_mpi.o)
 .bss           0x0000000000013c68        0x8 out-clean2/export-ta_arm32/lib/libutee.a(tcb.o)
 .bss           0x0000000000013c70        0x4 out-clean2/export-ta_arm32/lib/libmbedtls.a(bignum.o)
                0x0000000000013c70                mbedtls_mpi_mempool
 .bss           0x0000000000013c74        0x4 out-clean2/export-ta_arm32/lib/libmbedtls.a(constant_time.o)
                0x0000000000013c74                mbedtls_ct_zero
 .bss           0x0000000000013c78        0x4 out-clean2/export-ta_arm32/lib/libutils.a(bget_malloc.o)
 .bss           0x0000000000013c7c        0x0 out-clean2/ta/avb/entry.o
 .bss           0x0000000000013c7c     0x4001 out-clean2/ta/avb/user_ta_header.o
                0x0000000000013c7d                ta_heap
                0x0000000000013c7d                __ta_no_share_heap
 .bss           0x0000000000017c7d        0x0 out-clean2/ta/avb/ta_entry_a32.o
 .bss           0x0000000000017c7d        0x0 out-clean2/export-ta_arm32/lib/libutils.a(stack_check.o)
 .bss           0x0000000000017c7d        0x0 out-clean2/export-ta_arm32/lib/libutils.a(memset.o)
 .bss           0x0000000000017c7d        0x0 out-clean2/export-ta_arm32/lib/libutils.a(trace.o)
 .bss           0x0000000000017c7d        0x0 out-clean2/export-ta_arm32/lib/libutils.a(aeabi_unwind.o)
 .bss           0x0000000000017c7d        0x0 out-clean2/export-ta_arm32/lib/libutils.a(snprintk.o)
 .bss           0x0000000000017c7d        0x0 out-clean2/export-ta_arm32/lib/libutils.a(memchr.o)
 .bss           0x0000000000017c7d        0x0 out-clean2/export-ta_arm32/lib/libutils.a(strlen.o)
 .bss           0x0000000000017c7d        0x0 out-clean2/export-ta_arm32/lib/libutils.a(arm32_aeabi_ldivmod_a32.o)
 .bss           0x0000000000017c7d        0x0 out-clean2/export-ta_arm32/lib/libutils.a(arm32_aeabi_ldivmod.o)
 .bss           0x0000000000017c7d        0x0 out-clean2/export-ta_arm32/lib/libutee.a(trace_ext.o)
 .bss           0x0000000000017c7d        0x0 out-clean2/export-ta_arm32/lib/libutee.a(tee_api_objects.o)
 .bss           0x0000000000017c7d        0x0 out-clean2/export-ta_arm32/lib/libutee.a(tee_api_panic.o)
 .bss           0x0000000000017c7d        0x0 out-clean2/export-ta_arm32/lib/libutee.a(utee_syscalls_a32.o)
 .bss           0x0000000000017c7d        0x0 out-clean2/export-ta_arm32/lib/libutee.a(abort.o)
 .bss           0x0000000000017c7d        0x0 out-clean2/export-ta_arm32/lib/libutee.a(tee_api_property.o)
 .bss           0x0000000000017c7d        0x0 out-clean2/export-ta_arm32/lib/libutee.a(assert.o)
 .bss           0x0000000000017c7d        0x0 out-clean2/export-ta_arm32/lib/libmbedtls.a(bignum_core.o)
 .bss           0x0000000000017c7d        0x0 out-clean2/export-ta_arm32/lib/libmbedtls.a(platform_util.o)
 .bss           0x0000000000017c7d        0x0 out-clean2/export-ta_arm32/lib/libutils.a(snprintf.o)
 .bss           0x0000000000017c7d        0x0 out-clean2/export-ta_arm32/lib/libutils.a(memcpy.o)
 .bss           0x0000000000017c7d        0x0 out-clean2/export-ta_arm32/lib/libutils.a(memmove.o)
 .bss           0x0000000000017c7d        0x0 out-clean2/export-ta_arm32/lib/libutils.a(strcmp.o)
 .bss           0x0000000000017c7d        0x0 out-clean2/export-ta_arm32/lib/libutils.a(strlcpy.o)
 .bss           0x0000000000017c7d        0x0 out-clean2/export-ta_arm32/lib/libutils.a(mempool.o)